<!doctype html public "-//w3c//dtd html 4.0 transitional//en">
<html><head>
<title>Static Call Graph - [.\Objects\BOOT.axf]</title></head>
<body><HR>
<H1>Static Call Graph for image .\Objects\BOOT.axf</H1><HR>
<BR><P>#&#060CALLGRAPH&#062# ARM Linker, 5060750: Last Updated: Tue Aug 11 11:44:27 2026
<BR><P>
<H3>Maximum Stack Usage =        280 bytes + Unknown(Cycles, Untraceable Function Pointers)</H3><H3>
Call chain for Maximum Stack Depth:</H3>
service_22_ReadDataByIdentifier &rArr; uds_negative_rsp &rArr; network_send_udsmsg &rArr; send_multipleframe &rArr; send_firstframe &rArr; uds_send_frame &rArr; MyCAN_Transmit &rArr; CAN_TransmitStatus
<P>
<H3>
Mutually Recursive functions
</H3> <LI><a href="#[1c]">ADC1_2_IRQHandler</a>&nbsp;&nbsp;&nbsp;&rArr;&nbsp;&nbsp;&nbsp;<a href="#[1c]">ADC1_2_IRQHandler</a><BR>
</UL>
<P>
<H3>
Function Pointers
</H3><UL>
 <LI><a href="#[1c]">ADC1_2_IRQHandler</a> from startup_stm32f10x_md.o(.text) referenced from startup_stm32f10x_md.o(RESET)
 <LI><a href="#[4]">BusFault_Handler</a> from stm32f10x_it.o(i.BusFault_Handler) referenced from startup_stm32f10x_md.o(RESET)
 <LI><a href="#[1f]">CAN1_RX1_IRQHandler</a> from startup_stm32f10x_md.o(.text) referenced from startup_stm32f10x_md.o(RESET)
 <LI><a href="#[20]">CAN1_SCE_IRQHandler</a> from startup_stm32f10x_md.o(.text) referenced from startup_stm32f10x_md.o(RESET)
 <LI><a href="#[15]">DMA1_Channel1_IRQHandler</a> from startup_stm32f10x_md.o(.text) referenced from startup_stm32f10x_md.o(RESET)
 <LI><a href="#[16]">DMA1_Channel2_IRQHandler</a> from startup_stm32f10x_md.o(.text) referenced from startup_stm32f10x_md.o(RESET)
 <LI><a href="#[17]">DMA1_Channel3_IRQHandler</a> from startup_stm32f10x_md.o(.text) referenced from startup_stm32f10x_md.o(RESET)
 <LI><a href="#[18]">DMA1_Channel4_IRQHandler</a> from startup_stm32f10x_md.o(.text) referenced from startup_stm32f10x_md.o(RESET)
 <LI><a href="#[19]">DMA1_Channel5_IRQHandler</a> from startup_stm32f10x_md.o(.text) referenced from startup_stm32f10x_md.o(RESET)
 <LI><a href="#[1a]">DMA1_Channel6_IRQHandler</a> from startup_stm32f10x_md.o(.text) referenced from startup_stm32f10x_md.o(RESET)
 <LI><a href="#[1b]">DMA1_Channel7_IRQHandler</a> from startup_stm32f10x_md.o(.text) referenced from startup_stm32f10x_md.o(RESET)
 <LI><a href="#[7]">DebugMon_Handler</a> from stm32f10x_it.o(i.DebugMon_Handler) referenced from startup_stm32f10x_md.o(RESET)
 <LI><a href="#[10]">EXTI0_IRQHandler</a> from startup_stm32f10x_md.o(.text) referenced from startup_stm32f10x_md.o(RESET)
 <LI><a href="#[32]">EXTI15_10_IRQHandler</a> from startup_stm32f10x_md.o(.text) referenced from startup_stm32f10x_md.o(RESET)
 <LI><a href="#[11]">EXTI1_IRQHandler</a> from startup_stm32f10x_md.o(.text) referenced from startup_stm32f10x_md.o(RESET)
 <LI><a href="#[12]">EXTI2_IRQHandler</a> from startup_stm32f10x_md.o(.text) referenced from startup_stm32f10x_md.o(RESET)
 <LI><a href="#[13]">EXTI3_IRQHandler</a> from startup_stm32f10x_md.o(.text) referenced from startup_stm32f10x_md.o(RESET)
 <LI><a href="#[14]">EXTI4_IRQHandler</a> from startup_stm32f10x_md.o(.text) referenced from startup_stm32f10x_md.o(RESET)
 <LI><a href="#[21]">EXTI9_5_IRQHandler</a> from startup_stm32f10x_md.o(.text) referenced from startup_stm32f10x_md.o(RESET)
 <LI><a href="#[e]">FLASH_IRQHandler</a> from startup_stm32f10x_md.o(.text) referenced from startup_stm32f10x_md.o(RESET)
 <LI><a href="#[2]">HardFault_Handler</a> from stm32f10x_it.o(i.HardFault_Handler) referenced from startup_stm32f10x_md.o(RESET)
 <LI><a href="#[2a]">I2C1_ER_IRQHandler</a> from startup_stm32f10x_md.o(.text) referenced from startup_stm32f10x_md.o(RESET)
 <LI><a href="#[29]">I2C1_EV_IRQHandler</a> from startup_stm32f10x_md.o(.text) referenced from startup_stm32f10x_md.o(RESET)
 <LI><a href="#[2c]">I2C2_ER_IRQHandler</a> from startup_stm32f10x_md.o(.text) referenced from startup_stm32f10x_md.o(RESET)
 <LI><a href="#[2b]">I2C2_EV_IRQHandler</a> from startup_stm32f10x_md.o(.text) referenced from startup_stm32f10x_md.o(RESET)
 <LI><a href="#[3]">MemManage_Handler</a> from stm32f10x_it.o(i.MemManage_Handler) referenced from startup_stm32f10x_md.o(RESET)
 <LI><a href="#[1]">NMI_Handler</a> from stm32f10x_it.o(i.NMI_Handler) referenced from startup_stm32f10x_md.o(RESET)
 <LI><a href="#[b]">PVD_IRQHandler</a> from startup_stm32f10x_md.o(.text) referenced from startup_stm32f10x_md.o(RESET)
 <LI><a href="#[8]">PendSV_Handler</a> from stm32f10x_it.o(i.PendSV_Handler) referenced from startup_stm32f10x_md.o(RESET)
 <LI><a href="#[f]">RCC_IRQHandler</a> from startup_stm32f10x_md.o(.text) referenced from startup_stm32f10x_md.o(RESET)
 <LI><a href="#[33]">RTCAlarm_IRQHandler</a> from startup_stm32f10x_md.o(.text) referenced from startup_stm32f10x_md.o(RESET)
 <LI><a href="#[d]">RTC_IRQHandler</a> from startup_stm32f10x_md.o(.text) referenced from startup_stm32f10x_md.o(RESET)
 <LI><a href="#[0]">Reset_Handler</a> from startup_stm32f10x_md.o(.text) referenced from startup_stm32f10x_md.o(RESET)
 <LI><a href="#[2d]">SPI1_IRQHandler</a> from startup_stm32f10x_md.o(.text) referenced from startup_stm32f10x_md.o(RESET)
 <LI><a href="#[2e]">SPI2_IRQHandler</a> from startup_stm32f10x_md.o(.text) referenced from startup_stm32f10x_md.o(RESET)
 <LI><a href="#[6]">SVC_Handler</a> from stm32f10x_it.o(i.SVC_Handler) referenced from startup_stm32f10x_md.o(RESET)
 <LI><a href="#[9]">SysTick_Handler</a> from systick.o(i.SysTick_Handler) referenced from startup_stm32f10x_md.o(RESET)
 <LI><a href="#[36]">SystemInit</a> from system_stm32f10x.o(i.SystemInit) referenced from startup_stm32f10x_md.o(.text)
 <LI><a href="#[c]">TAMPER_IRQHandler</a> from startup_stm32f10x_md.o(.text) referenced from startup_stm32f10x_md.o(RESET)
 <LI><a href="#[22]">TIM1_BRK_IRQHandler</a> from startup_stm32f10x_md.o(.text) referenced from startup_stm32f10x_md.o(RESET)
 <LI><a href="#[25]">TIM1_CC_IRQHandler</a> from startup_stm32f10x_md.o(.text) referenced from startup_stm32f10x_md.o(RESET)
 <LI><a href="#[24]">TIM1_TRG_COM_IRQHandler</a> from startup_stm32f10x_md.o(.text) referenced from startup_stm32f10x_md.o(RESET)
 <LI><a href="#[23]">TIM1_UP_IRQHandler</a> from startup_stm32f10x_md.o(.text) referenced from startup_stm32f10x_md.o(RESET)
 <LI><a href="#[26]">TIM2_IRQHandler</a> from main.o(i.TIM2_IRQHandler) referenced from startup_stm32f10x_md.o(RESET)
 <LI><a href="#[27]">TIM3_IRQHandler</a> from startup_stm32f10x_md.o(.text) referenced from startup_stm32f10x_md.o(RESET)
 <LI><a href="#[28]">TIM4_IRQHandler</a> from startup_stm32f10x_md.o(.text) referenced from startup_stm32f10x_md.o(RESET)
 <LI><a href="#[2f]">USART1_IRQHandler</a> from usart.o(i.USART1_IRQHandler) referenced from startup_stm32f10x_md.o(RESET)
 <LI><a href="#[30]">USART2_IRQHandler</a> from startup_stm32f10x_md.o(.text) referenced from startup_stm32f10x_md.o(RESET)
 <LI><a href="#[31]">USART3_IRQHandler</a> from startup_stm32f10x_md.o(.text) referenced from startup_stm32f10x_md.o(RESET)
 <LI><a href="#[34]">USBWakeUp_IRQHandler</a> from startup_stm32f10x_md.o(.text) referenced from startup_stm32f10x_md.o(RESET)
 <LI><a href="#[1d]">USB_HP_CAN1_TX_IRQHandler</a> from startup_stm32f10x_md.o(.text) referenced from startup_stm32f10x_md.o(RESET)
 <LI><a href="#[1e]">USB_LP_CAN1_RX0_IRQHandler</a> from startup_stm32f10x_md.o(.text) referenced from startup_stm32f10x_md.o(RESET)
 <LI><a href="#[5]">UsageFault_Handler</a> from stm32f10x_it.o(i.UsageFault_Handler) referenced from startup_stm32f10x_md.o(RESET)
 <LI><a href="#[a]">WWDG_IRQHandler</a> from startup_stm32f10x_md.o(.text) referenced from startup_stm32f10x_md.o(RESET)
 <LI><a href="#[37]">__main</a> from entry.o(.ARM.Collect$$$$00000000) referenced from startup_stm32f10x_md.o(.text)
 <LI><a href="#[35]">main</a> from main.o(i.main) referenced from entry9a.o(.ARM.Collect$$$$0000000B)
 <LI><a href="#[3b]">service_10_SessionControl</a> from sid10_sessioncontrol.o(i.service_10_SessionControl) referenced from service_cfg.o(.constdata)
 <LI><a href="#[3c]">service_10_check_len</a> from sid10_sessioncontrol.o(i.service_10_check_len) referenced from service_cfg.o(.constdata)
 <LI><a href="#[3d]">service_11_EcuReset</a> from sid11_ecureset.o(i.service_11_EcuReset) referenced from service_cfg.o(.constdata)
 <LI><a href="#[3e]">service_11_check_len</a> from sid11_ecureset.o(i.service_11_check_len) referenced from service_cfg.o(.constdata)
 <LI><a href="#[4b]">service_14_ClearDiagnosticInformation</a> from sid14_cleardiagnosticinformation.o(i.service_14_ClearDiagnosticInformation) referenced from service_cfg.o(.constdata)
 <LI><a href="#[4c]">service_14_check_len</a> from sid14_cleardiagnosticinformation.o(i.service_14_check_len) referenced from service_cfg.o(.constdata)
 <LI><a href="#[4d]">service_19_ReadDTCInformation</a> from sid19_readdtcinformation.o(i.service_19_ReadDTCInformation) referenced from service_cfg.o(.constdata)
 <LI><a href="#[4e]">service_19_check_len</a> from sid19_readdtcinformation.o(i.service_19_check_len) referenced from service_cfg.o(.constdata)
 <LI><a href="#[47]">service_22_ReadDataByIdentifier</a> from sid22_readdatabyidentifier.o(i.service_22_ReadDataByIdentifier) referenced from service_cfg.o(.constdata)
 <LI><a href="#[48]">service_22_check_len</a> from sid22_readdatabyidentifier.o(i.service_22_check_len) referenced from service_cfg.o(.constdata)
 <LI><a href="#[3f]">service_27_SecurityAccess</a> from sid27_securityaccess.o(i.service_27_SecurityAccess) referenced from service_cfg.o(.constdata)
 <LI><a href="#[40]">service_27_check_len</a> from sid27_securityaccess.o(i.service_27_check_len) referenced from service_cfg.o(.constdata)
 <LI><a href="#[41]">service_28_CommunicationControl</a> from sid28_communicationcontrol.o(i.service_28_CommunicationControl) referenced from service_cfg.o(.constdata)
 <LI><a href="#[42]">service_28_check_len</a> from sid28_communicationcontrol.o(i.service_28_check_len) referenced from service_cfg.o(.constdata)
 <LI><a href="#[49]">service_2E_WriteDataByIdentifier</a> from sid2e_writedatabyidentifier.o(i.service_2E_WriteDataByIdentifier) referenced from service_cfg.o(.constdata)
 <LI><a href="#[4a]">service_2E_check_len</a> from sid2e_writedatabyidentifier.o(i.service_2E_check_len) referenced from service_cfg.o(.constdata)
 <LI><a href="#[4f]">service_31_RoutineControl</a> from sid31_routinecontrol.o(i.service_31_RoutineControl) referenced from service_cfg.o(.constdata)
 <LI><a href="#[50]">service_31_check_len</a> from sid31_routinecontrol.o(i.service_31_check_len) referenced from service_cfg.o(.constdata)
 <LI><a href="#[51]">service_34_RequestDownload</a> from sid34_requestdownload.o(i.service_34_RequestDownload) referenced from service_cfg.o(.constdata)
 <LI><a href="#[52]">service_34_check_len</a> from sid34_requestdownload.o(i.service_34_check_len) referenced from service_cfg.o(.constdata)
 <LI><a href="#[53]">service_36_TransferData</a> from sid36_transferdata.o(i.service_36_TransferData) referenced from service_cfg.o(.constdata)
 <LI><a href="#[54]">service_36_check_len</a> from sid36_transferdata.o(i.service_36_check_len) referenced from service_cfg.o(.constdata)
 <LI><a href="#[55]">service_37_RequestTransferExit</a> from sid37_requesttransferexit.o(i.service_37_RequestTransferExit) referenced from service_cfg.o(.constdata)
 <LI><a href="#[56]">service_37_check_len</a> from sid37_requesttransferexit.o(i.service_37_check_len) referenced from service_cfg.o(.constdata)
 <LI><a href="#[43]">service_3E_TesterPresent</a> from sid3e_testerpresent.o(i.service_3E_TesterPresent) referenced from service_cfg.o(.constdata)
 <LI><a href="#[44]">service_3E_check_len</a> from sid3e_testerpresent.o(i.service_3E_check_len) referenced from service_cfg.o(.constdata)
 <LI><a href="#[45]">service_85_ControlDTCSetting</a> from sid85_controldtcsetting.o(i.service_85_ControlDTCSetting) referenced from service_cfg.o(.constdata)
 <LI><a href="#[46]">service_85_check_len</a> from sid85_controldtcsetting.o(i.service_85_check_len) referenced from service_cfg.o(.constdata)
 <LI><a href="#[59]">start_0202</a> from sid31_routinecontrol.o(i.start_0202) referenced from sid31_routinecontrol.o(.data)
 <LI><a href="#[5a]">start_0203</a> from sid31_routinecontrol.o(i.start_0203) referenced from sid31_routinecontrol.o(.data)
 <LI><a href="#[5d]">start_0204</a> from sid31_routinecontrol.o(i.start_0204) referenced from sid31_routinecontrol.o(.data)
 <LI><a href="#[5e]">start_DD02</a> from sid31_routinecontrol.o(i.start_DD02) referenced from sid31_routinecontrol.o(.data)
 <LI><a href="#[5c]">start_DFE0</a> from sid31_routinecontrol.o(i.start_DFE0) referenced from sid31_routinecontrol.o(.data)
 <LI><a href="#[57]">start_FF00</a> from sid31_routinecontrol.o(i.start_FF00) referenced from sid31_routinecontrol.o(.data)
 <LI><a href="#[5b]">start_FF01</a> from sid31_routinecontrol.o(i.start_FF01) referenced from sid31_routinecontrol.o(.data)
 <LI><a href="#[58]">stop_NONE</a> from sid31_routinecontrol.o(i.stop_NONE) referenced 7 times from sid31_routinecontrol.o(.data)
 <LI><a href="#[3a]">uds_data_confirm</a> from uds_service.o(i.uds_data_confirm) referenced from uds_service.o(i.service_init)
 <LI><a href="#[39]">uds_data_indication</a> from uds_service.o(i.uds_data_indication) referenced from uds_service.o(i.service_init)
 <LI><a href="#[38]">uds_dataff_indication</a> from uds_service.o(i.uds_dataff_indication) referenced from uds_service.o(i.service_init)
</UL>
<P>
<H3>
Global Symbols
</H3>
<P><STRONG><a name="[37]"></a>__main</STRONG> (Thumb, 0 bytes, Stack size unknown bytes, entry.o(.ARM.Collect$$$$00000000))
<BR>[Address Reference Count : 1]<UL><LI> startup_stm32f10x_md.o(.text)
</UL>
<P><STRONG><a name="[ca]"></a>_main_stk</STRONG> (Thumb, 0 bytes, Stack size unknown bytes, entry2.o(.ARM.Collect$$$$00000001))

<P><STRONG><a name="[5f]"></a>_main_scatterload</STRONG> (Thumb, 0 bytes, Stack size unknown bytes, entry5.o(.ARM.Collect$$$$00000004))
<BR><BR>[Calls]<UL><LI><a href="#[60]">&gt;&gt;</a>&nbsp;&nbsp;&nbsp;__scatterload
</UL>

<P><STRONG><a name="[61]"></a>__main_after_scatterload</STRONG> (Thumb, 0 bytes, Stack size unknown bytes, entry5.o(.ARM.Collect$$$$00000004))
<BR><BR>[Called By]<UL><LI><a href="#[60]">&gt;&gt;</a>&nbsp;&nbsp;&nbsp;__scatterload
</UL>

<P><STRONG><a name="[cb]"></a>_main_clock</STRONG> (Thumb, 0 bytes, Stack size unknown bytes, entry7b.o(.ARM.Collect$$$$00000008))

<P><STRONG><a name="[cc]"></a>_main_cpp_init</STRONG> (Thumb, 0 bytes, Stack size unknown bytes, entry8b.o(.ARM.Collect$$$$0000000A))

<P><STRONG><a name="[cd]"></a>_main_init</STRONG> (Thumb, 0 bytes, Stack size unknown bytes, entry9a.o(.ARM.Collect$$$$0000000B))

<P><STRONG><a name="[ce]"></a>__rt_final_cpp</STRONG> (Thumb, 0 bytes, Stack size unknown bytes, entry10a.o(.ARM.Collect$$$$0000000D))

<P><STRONG><a name="[cf]"></a>__rt_final_exit</STRONG> (Thumb, 0 bytes, Stack size unknown bytes, entry11a.o(.ARM.Collect$$$$0000000F))

<P><STRONG><a name="[d0]"></a>__get_PSP</STRONG> (Thumb, 6 bytes, Stack size 0 bytes, core_cm3.o(.emb_text), UNUSED)

<P><STRONG><a name="[d1]"></a>__set_PSP</STRONG> (Thumb, 6 bytes, Stack size 0 bytes, core_cm3.o(.emb_text), UNUSED)

<P><STRONG><a name="[d2]"></a>__get_MSP</STRONG> (Thumb, 6 bytes, Stack size 0 bytes, core_cm3.o(.emb_text), UNUSED)

<P><STRONG><a name="[65]"></a>__set_MSP</STRONG> (Thumb, 6 bytes, Stack size 0 bytes, core_cm3.o(.emb_text))
<BR><BR>[Called By]<UL><LI><a href="#[62]">&gt;&gt;</a>&nbsp;&nbsp;&nbsp;BootJumpToApplication
</UL>

<P><STRONG><a name="[d3]"></a>__REV16</STRONG> (Thumb, 4 bytes, Stack size 0 bytes, core_cm3.o(.emb_text), UNUSED)

<P><STRONG><a name="[d4]"></a>__REVSH</STRONG> (Thumb, 4 bytes, Stack size 0 bytes, core_cm3.o(.emb_text), UNUSED)

<P><STRONG><a name="[0]"></a>Reset_Handler</STRONG> (Thumb, 8 bytes, Stack size 0 bytes, startup_stm32f10x_md.o(.text))
<BR>[Address Reference Count : 1]<UL><LI> startup_stm32f10x_md.o(RESET)
</UL>
<P><STRONG><a name="[1c]"></a>ADC1_2_IRQHandler</STRONG> (Thumb, 0 bytes, Stack size 0 bytes, startup_stm32f10x_md.o(.text))
<BR><BR>[Calls]<UL><LI><a href="#[1c]">&gt;&gt;</a>&nbsp;&nbsp;&nbsp;ADC1_2_IRQHandler
</UL>
<BR>[Called By]<UL><LI><a href="#[1c]">&gt;&gt;</a>&nbsp;&nbsp;&nbsp;ADC1_2_IRQHandler
</UL>
<BR>[Address Reference Count : 1]<UL><LI> startup_stm32f10x_md.o(RESET)
</UL>
<P><STRONG><a name="[1f]"></a>CAN1_RX1_IRQHandler</STRONG> (Thumb, 0 bytes, Stack size 0 bytes, startup_stm32f10x_md.o(.text))
<BR>[Address Reference Count : 1]<UL><LI> startup_stm32f10x_md.o(RESET)
</UL>
<P><STRONG><a name="[20]"></a>CAN1_SCE_IRQHandler</STRONG> (Thumb, 0 bytes, Stack size 0 bytes, startup_stm32f10x_md.o(.text))
<BR>[Address Reference Count : 1]<UL><LI> startup_stm32f10x_md.o(RESET)
</UL>
<P><STRONG><a name="[15]"></a>DMA1_Channel1_IRQHandler</STRONG> (Thumb, 0 bytes, Stack size 0 bytes, startup_stm32f10x_md.o(.text))
<BR>[Address Reference Count : 1]<UL><LI> startup_stm32f10x_md.o(RESET)
</UL>
<P><STRONG><a name="[16]"></a>DMA1_Channel2_IRQHandler</STRONG> (Thumb, 0 bytes, Stack size 0 bytes, startup_stm32f10x_md.o(.text))
<BR>[Address Reference Count : 1]<UL><LI> startup_stm32f10x_md.o(RESET)
</UL>
<P><STRONG><a name="[17]"></a>DMA1_Channel3_IRQHandler</STRONG> (Thumb, 0 bytes, Stack size 0 bytes, startup_stm32f10x_md.o(.text))
<BR>[Address Reference Count : 1]<UL><LI> startup_stm32f10x_md.o(RESET)
</UL>
<P><STRONG><a name="[18]"></a>DMA1_Channel4_IRQHandler</STRONG> (Thumb, 0 bytes, Stack size 0 bytes, startup_stm32f10x_md.o(.text))
<BR>[Address Reference Count : 1]<UL><LI> startup_stm32f10x_md.o(RESET)
</UL>
<P><STRONG><a name="[19]"></a>DMA1_Channel5_IRQHandler</STRONG> (Thumb, 0 bytes, Stack size 0 bytes, startup_stm32f10x_md.o(.text))
<BR>[Address Reference Count : 1]<UL><LI> startup_stm32f10x_md.o(RESET)
</UL>
<P><STRONG><a name="[1a]"></a>DMA1_Channel6_IRQHandler</STRONG> (Thumb, 0 bytes, Stack size 0 bytes, startup_stm32f10x_md.o(.text))
<BR>[Address Reference Count : 1]<UL><LI> startup_stm32f10x_md.o(RESET)
</UL>
<P><STRONG><a name="[1b]"></a>DMA1_Channel7_IRQHandler</STRONG> (Thumb, 0 bytes, Stack size 0 bytes, startup_stm32f10x_md.o(.text))
<BR>[Address Reference Count : 1]<UL><LI> startup_stm32f10x_md.o(RESET)
</UL>
<P><STRONG><a name="[10]"></a>EXTI0_IRQHandler</STRONG> (Thumb, 0 bytes, Stack size 0 bytes, startup_stm32f10x_md.o(.text))
<BR>[Address Reference Count : 1]<UL><LI> startup_stm32f10x_md.o(RESET)
</UL>
<P><STRONG><a name="[32]"></a>EXTI15_10_IRQHandler</STRONG> (Thumb, 0 bytes, Stack size 0 bytes, startup_stm32f10x_md.o(.text))
<BR>[Address Reference Count : 1]<UL><LI> startup_stm32f10x_md.o(RESET)
</UL>
<P><STRONG><a name="[11]"></a>EXTI1_IRQHandler</STRONG> (Thumb, 0 bytes, Stack size 0 bytes, startup_stm32f10x_md.o(.text))
<BR>[Address Reference Count : 1]<UL><LI> startup_stm32f10x_md.o(RESET)
</UL>
<P><STRONG><a name="[12]"></a>EXTI2_IRQHandler</STRONG> (Thumb, 0 bytes, Stack size 0 bytes, startup_stm32f10x_md.o(.text))
<BR>[Address Reference Count : 1]<UL><LI> startup_stm32f10x_md.o(RESET)
</UL>
<P><STRONG><a name="[13]"></a>EXTI3_IRQHandler</STRONG> (Thumb, 0 bytes, Stack size 0 bytes, startup_stm32f10x_md.o(.text))
<BR>[Address Reference Count : 1]<UL><LI> startup_stm32f10x_md.o(RESET)
</UL>
<P><STRONG><a name="[14]"></a>EXTI4_IRQHandler</STRONG> (Thumb, 0 bytes, Stack size 0 bytes, startup_stm32f10x_md.o(.text))
<BR>[Address Reference Count : 1]<UL><LI> startup_stm32f10x_md.o(RESET)
</UL>
<P><STRONG><a name="[21]"></a>EXTI9_5_IRQHandler</STRONG> (Thumb, 0 bytes, Stack size 0 bytes, startup_stm32f10x_md.o(.text))
<BR>[Address Reference Count : 1]<UL><LI> startup_stm32f10x_md.o(RESET)
</UL>
<P><STRONG><a name="[e]"></a>FLASH_IRQHandler</STRONG> (Thumb, 0 bytes, Stack size 0 bytes, startup_stm32f10x_md.o(.text))
<BR>[Address Reference Count : 1]<UL><LI> startup_stm32f10x_md.o(RESET)
</UL>
<P><STRONG><a name="[2a]"></a>I2C1_ER_IRQHandler</STRONG> (Thumb, 0 bytes, Stack size 0 bytes, startup_stm32f10x_md.o(.text))
<BR>[Address Reference Count : 1]<UL><LI> startup_stm32f10x_md.o(RESET)
</UL>
<P><STRONG><a name="[29]"></a>I2C1_EV_IRQHandler</STRONG> (Thumb, 0 bytes, Stack size 0 bytes, startup_stm32f10x_md.o(.text))
<BR>[Address Reference Count : 1]<UL><LI> startup_stm32f10x_md.o(RESET)
</UL>
<P><STRONG><a name="[2c]"></a>I2C2_ER_IRQHandler</STRONG> (Thumb, 0 bytes, Stack size 0 bytes, startup_stm32f10x_md.o(.text))
<BR>[Address Reference Count : 1]<UL><LI> startup_stm32f10x_md.o(RESET)
</UL>
<P><STRONG><a name="[2b]"></a>I2C2_EV_IRQHandler</STRONG> (Thumb, 0 bytes, Stack size 0 bytes, startup_stm32f10x_md.o(.text))
<BR>[Address Reference Count : 1]<UL><LI> startup_stm32f10x_md.o(RESET)
</UL>
<P><STRONG><a name="[b]"></a>PVD_IRQHandler</STRONG> (Thumb, 0 bytes, Stack size 0 bytes, startup_stm32f10x_md.o(.text))
<BR>[Address Reference Count : 1]<UL><LI> startup_stm32f10x_md.o(RESET)
</UL>
<P><STRONG><a name="[f]"></a>RCC_IRQHandler</STRONG> (Thumb, 0 bytes, Stack size 0 bytes, startup_stm32f10x_md.o(.text))
<BR>[Address Reference Count : 1]<UL><LI> startup_stm32f10x_md.o(RESET)
</UL>
<P><STRONG><a name="[33]"></a>RTCAlarm_IRQHandler</STRONG> (Thumb, 0 bytes, Stack size 0 bytes, startup_stm32f10x_md.o(.text))
<BR>[Address Reference Count : 1]<UL><LI> startup_stm32f10x_md.o(RESET)
</UL>
<P><STRONG><a name="[d]"></a>RTC_IRQHandler</STRONG> (Thumb, 0 bytes, Stack size 0 bytes, startup_stm32f10x_md.o(.text))
<BR>[Address Reference Count : 1]<UL><LI> startup_stm32f10x_md.o(RESET)
</UL>
<P><STRONG><a name="[2d]"></a>SPI1_IRQHandler</STRONG> (Thumb, 0 bytes, Stack size 0 bytes, startup_stm32f10x_md.o(.text))
<BR>[Address Reference Count : 1]<UL><LI> startup_stm32f10x_md.o(RESET)
</UL>
<P><STRONG><a name="[2e]"></a>SPI2_IRQHandler</STRONG> (Thumb, 0 bytes, Stack size 0 bytes, startup_stm32f10x_md.o(.text))
<BR>[Address Reference Count : 1]<UL><LI> startup_stm32f10x_md.o(RESET)
</UL>
<P><STRONG><a name="[c]"></a>TAMPER_IRQHandler</STRONG> (Thumb, 0 bytes, Stack size 0 bytes, startup_stm32f10x_md.o(.text))
<BR>[Address Reference Count : 1]<UL><LI> startup_stm32f10x_md.o(RESET)
</UL>
<P><STRONG><a name="[22]"></a>TIM1_BRK_IRQHandler</STRONG> (Thumb, 0 bytes, Stack size 0 bytes, startup_stm32f10x_md.o(.text))
<BR>[Address Reference Count : 1]<UL><LI> startup_stm32f10x_md.o(RESET)
</UL>
<P><STRONG><a name="[25]"></a>TIM1_CC_IRQHandler</STRONG> (Thumb, 0 bytes, Stack size 0 bytes, startup_stm32f10x_md.o(.text))
<BR>[Address Reference Count : 1]<UL><LI> startup_stm32f10x_md.o(RESET)
</UL>
<P><STRONG><a name="[24]"></a>TIM1_TRG_COM_IRQHandler</STRONG> (Thumb, 0 bytes, Stack size 0 bytes, startup_stm32f10x_md.o(.text))
<BR>[Address Reference Count : 1]<UL><LI> startup_stm32f10x_md.o(RESET)
</UL>
<P><STRONG><a name="[23]"></a>TIM1_UP_IRQHandler</STRONG> (Thumb, 0 bytes, Stack size 0 bytes, startup_stm32f10x_md.o(.text))
<BR>[Address Reference Count : 1]<UL><LI> startup_stm32f10x_md.o(RESET)
</UL>
<P><STRONG><a name="[27]"></a>TIM3_IRQHandler</STRONG> (Thumb, 0 bytes, Stack size 0 bytes, startup_stm32f10x_md.o(.text))
<BR>[Address Reference Count : 1]<UL><LI> startup_stm32f10x_md.o(RESET)
</UL>
<P><STRONG><a name="[28]"></a>TIM4_IRQHandler</STRONG> (Thumb, 0 bytes, Stack size 0 bytes, startup_stm32f10x_md.o(.text))
<BR>[Address Reference Count : 1]<UL><LI> startup_stm32f10x_md.o(RESET)
</UL>
<P><STRONG><a name="[30]"></a>USART2_IRQHandler</STRONG> (Thumb, 0 bytes, Stack size 0 bytes, startup_stm32f10x_md.o(.text))
<BR>[Address Reference Count : 1]<UL><LI> startup_stm32f10x_md.o(RESET)
</UL>
<P><STRONG><a name="[31]"></a>USART3_IRQHandler</STRONG> (Thumb, 0 bytes, Stack size 0 bytes, startup_stm32f10x_md.o(.text))
<BR>[Address Reference Count : 1]<UL><LI> startup_stm32f10x_md.o(RESET)
</UL>
<P><STRONG><a name="[34]"></a>USBWakeUp_IRQHandler</STRONG> (Thumb, 0 bytes, Stack size 0 bytes, startup_stm32f10x_md.o(.text))
<BR>[Address Reference Count : 1]<UL><LI> startup_stm32f10x_md.o(RESET)
</UL>
<P><STRONG><a name="[1d]"></a>USB_HP_CAN1_TX_IRQHandler</STRONG> (Thumb, 0 bytes, Stack size 0 bytes, startup_stm32f10x_md.o(.text))
<BR>[Address Reference Count : 1]<UL><LI> startup_stm32f10x_md.o(RESET)
</UL>
<P><STRONG><a name="[1e]"></a>USB_LP_CAN1_RX0_IRQHandler</STRONG> (Thumb, 0 bytes, Stack size 0 bytes, startup_stm32f10x_md.o(.text))
<BR>[Address Reference Count : 1]<UL><LI> startup_stm32f10x_md.o(RESET)
</UL>
<P><STRONG><a name="[a]"></a>WWDG_IRQHandler</STRONG> (Thumb, 0 bytes, Stack size 0 bytes, startup_stm32f10x_md.o(.text))
<BR>[Address Reference Count : 1]<UL><LI> startup_stm32f10x_md.o(RESET)
</UL>
<P><STRONG><a name="[75]"></a>__aeabi_memcpy</STRONG> (Thumb, 36 bytes, Stack size 0 bytes, memcpya.o(.text))
<BR><BR>[Called By]<UL><LI><a href="#[74]">&gt;&gt;</a>&nbsp;&nbsp;&nbsp;InitCanTxMsg
</UL>

<P><STRONG><a name="[d5]"></a>__aeabi_memcpy4</STRONG> (Thumb, 0 bytes, Stack size 0 bytes, memcpya.o(.text), UNUSED)

<P><STRONG><a name="[d6]"></a>__aeabi_memcpy8</STRONG> (Thumb, 0 bytes, Stack size 0 bytes, memcpya.o(.text), UNUSED)

<P><STRONG><a name="[60]"></a>__scatterload</STRONG> (Thumb, 28 bytes, Stack size 0 bytes, init.o(.text))
<BR><BR>[Calls]<UL><LI><a href="#[61]">&gt;&gt;</a>&nbsp;&nbsp;&nbsp;__main_after_scatterload
</UL>
<BR>[Called By]<UL><LI><a href="#[5f]">&gt;&gt;</a>&nbsp;&nbsp;&nbsp;_main_scatterload
</UL>

<P><STRONG><a name="[d7]"></a>__scatterload_rt2</STRONG> (Thumb, 0 bytes, Stack size 0 bytes, init.o(.text), UNUSED)

<P><STRONG><a name="[62]"></a>BootJumpToApplication</STRONG> (Thumb, 50 bytes, Stack size 0 bytes, main.o(i.BootJumpToApplication))
<BR><BR>[Stack]<UL><LI>Max Depth = 8<LI>Call Chain = BootJumpToApplication &rArr; CAN_DeInit
</UL>
<BR>[Calls]<UL><LI><a href="#[64]">&gt;&gt;</a>&nbsp;&nbsp;&nbsp;CAN_DeInit
<LI><a href="#[65]">&gt;&gt;</a>&nbsp;&nbsp;&nbsp;__set_MSP
<LI><a href="#[63]">&gt;&gt;</a>&nbsp;&nbsp;&nbsp;USART_DeInit
</UL>
<BR>[Called By]<UL><LI><a href="#[35]">&gt;&gt;</a>&nbsp;&nbsp;&nbsp;main
</UL>

<P><STRONG><a name="[4]"></a>BusFault_Handler</STRONG> (Thumb, 4 bytes, Stack size 0 bytes, stm32f10x_it.o(i.BusFault_Handler))
<BR>[Address Reference Count : 1]<UL><LI> startup_stm32f10x_md.o(RESET)
</UL>
<P><STRONG><a name="[64]"></a>CAN_DeInit</STRONG> (Thumb, 50 bytes, Stack size 8 bytes, stm32f10x_can.o(i.CAN_DeInit))
<BR><BR>[Stack]<UL><LI>Max Depth = 8<LI>Call Chain = CAN_DeInit
</UL>
<BR>[Calls]<UL><LI><a href="#[66]">&gt;&gt;</a>&nbsp;&nbsp;&nbsp;RCC_APB1PeriphResetCmd
</UL>
<BR>[Called By]<UL><LI><a href="#[62]">&gt;&gt;</a>&nbsp;&nbsp;&nbsp;BootJumpToApplication
</UL>

<P><STRONG><a name="[7b]"></a>CAN_FilterInit</STRONG> (Thumb, 258 bytes, Stack size 8 bytes, stm32f10x_can.o(i.CAN_FilterInit))
<BR><BR>[Stack]<UL><LI>Max Depth = 8<LI>Call Chain = CAN_FilterInit
</UL>
<BR>[Called By]<UL><LI><a href="#[76]">&gt;&gt;</a>&nbsp;&nbsp;&nbsp;MyCAN_Init
</UL>

<P><STRONG><a name="[7a]"></a>CAN_Init</STRONG> (Thumb, 276 bytes, Stack size 12 bytes, stm32f10x_can.o(i.CAN_Init))
<BR><BR>[Stack]<UL><LI>Max Depth = 12<LI>Call Chain = CAN_Init
</UL>
<BR>[Called By]<UL><LI><a href="#[76]">&gt;&gt;</a>&nbsp;&nbsp;&nbsp;MyCAN_Init
</UL>

<P><STRONG><a name="[7f]"></a>CAN_MessagePending</STRONG> (Thumb, 30 bytes, Stack size 0 bytes, stm32f10x_can.o(i.CAN_MessagePending))
<BR><BR>[Called By]<UL><LI><a href="#[7e]">&gt;&gt;</a>&nbsp;&nbsp;&nbsp;MyCAN_ReceiveFlag
</UL>

<P><STRONG><a name="[7d]"></a>CAN_Receive</STRONG> (Thumb, 240 bytes, Stack size 8 bytes, stm32f10x_can.o(i.CAN_Receive))
<BR><BR>[Stack]<UL><LI>Max Depth = 8<LI>Call Chain = CAN_Receive
</UL>
<BR>[Called By]<UL><LI><a href="#[7c]">&gt;&gt;</a>&nbsp;&nbsp;&nbsp;MyCAN_Receive
</UL>

<P><STRONG><a name="[81]"></a>CAN_Transmit</STRONG> (Thumb, 294 bytes, Stack size 8 bytes, stm32f10x_can.o(i.CAN_Transmit))
<BR><BR>[Stack]<UL><LI>Max Depth = 8<LI>Call Chain = CAN_Transmit
</UL>
<BR>[Called By]<UL><LI><a href="#[80]">&gt;&gt;</a>&nbsp;&nbsp;&nbsp;MyCAN_Transmit
</UL>

<P><STRONG><a name="[82]"></a>CAN_TransmitStatus</STRONG> (Thumb, 138 bytes, Stack size 8 bytes, stm32f10x_can.o(i.CAN_TransmitStatus))
<BR><BR>[Stack]<UL><LI>Max Depth = 8<LI>Call Chain = CAN_TransmitStatus
</UL>
<BR>[Called By]<UL><LI><a href="#[80]">&gt;&gt;</a>&nbsp;&nbsp;&nbsp;MyCAN_Transmit
</UL>

<P><STRONG><a name="[c4]"></a>CRC32_Calculate</STRONG> (Thumb, 88 bytes, Stack size 16 bytes, crc32.o(i.CRC32_Calculate))
<BR><BR>[Stack]<UL><LI>Max Depth = 16<LI>Call Chain = CRC32_Calculate
</UL>
<BR>[Called By]<UL><LI><a href="#[59]">&gt;&gt;</a>&nbsp;&nbsp;&nbsp;start_0202
</UL>

<P><STRONG><a name="[7]"></a>DebugMon_Handler</STRONG> (Thumb, 2 bytes, Stack size 0 bytes, stm32f10x_it.o(i.DebugMon_Handler))
<BR>[Address Reference Count : 1]<UL><LI> startup_stm32f10x_md.o(RESET)
</UL>
<P><STRONG><a name="[67]"></a>Delay_ms</STRONG> (Thumb, 24 bytes, Stack size 4 bytes, delay.o(i.Delay_ms))
<BR><BR>[Stack]<UL><LI>Max Depth = 4<LI>Call Chain = Delay_ms
</UL>
<BR>[Calls]<UL><LI><a href="#[68]">&gt;&gt;</a>&nbsp;&nbsp;&nbsp;Delay_us
</UL>
<BR>[Called By]<UL><LI><a href="#[3d]">&gt;&gt;</a>&nbsp;&nbsp;&nbsp;service_11_EcuReset
</UL>

<P><STRONG><a name="[68]"></a>Delay_us</STRONG> (Thumb, 46 bytes, Stack size 0 bytes, delay.o(i.Delay_us))
<BR><BR>[Called By]<UL><LI><a href="#[67]">&gt;&gt;</a>&nbsp;&nbsp;&nbsp;Delay_ms
</UL>

<P><STRONG><a name="[69]"></a>FLASH_ErasePage</STRONG> (Thumb, 72 bytes, Stack size 12 bytes, stm32f10x_flash.o(i.FLASH_ErasePage))
<BR><BR>[Stack]<UL><LI>Max Depth = 16<LI>Call Chain = FLASH_ErasePage &rArr; FLASH_WaitForLastOperation
</UL>
<BR>[Calls]<UL><LI><a href="#[6a]">&gt;&gt;</a>&nbsp;&nbsp;&nbsp;FLASH_WaitForLastOperation
</UL>
<BR>[Called By]<UL><LI><a href="#[6e]">&gt;&gt;</a>&nbsp;&nbsp;&nbsp;FlashDrv_ErasePage
<LI><a href="#[83]">&gt;&gt;</a>&nbsp;&nbsp;&nbsp;MyFlash_ErasePage
</UL>

<P><STRONG><a name="[6d]"></a>FLASH_GetBank1Status</STRONG> (Thumb, 48 bytes, Stack size 0 bytes, stm32f10x_flash.o(i.FLASH_GetBank1Status))
<BR><BR>[Called By]<UL><LI><a href="#[6a]">&gt;&gt;</a>&nbsp;&nbsp;&nbsp;FLASH_WaitForLastOperation
</UL>

<P><STRONG><a name="[70]"></a>FLASH_Lock</STRONG> (Thumb, 14 bytes, Stack size 0 bytes, stm32f10x_flash.o(i.FLASH_Lock))
<BR><BR>[Called By]<UL><LI><a href="#[85]">&gt;&gt;</a>&nbsp;&nbsp;&nbsp;MyFlash_ProgramWord
<LI><a href="#[84]">&gt;&gt;</a>&nbsp;&nbsp;&nbsp;MyFlash_ProgramHalfWord
<LI><a href="#[6f]">&gt;&gt;</a>&nbsp;&nbsp;&nbsp;FlashDrv_Lock
<LI><a href="#[83]">&gt;&gt;</a>&nbsp;&nbsp;&nbsp;MyFlash_ErasePage
</UL>

<P><STRONG><a name="[6b]"></a>FLASH_ProgramHalfWord</STRONG> (Thumb, 60 bytes, Stack size 16 bytes, stm32f10x_flash.o(i.FLASH_ProgramHalfWord))
<BR><BR>[Stack]<UL><LI>Max Depth = 20<LI>Call Chain = FLASH_ProgramHalfWord &rArr; FLASH_WaitForLastOperation
</UL>
<BR>[Calls]<UL><LI><a href="#[6a]">&gt;&gt;</a>&nbsp;&nbsp;&nbsp;FLASH_WaitForLastOperation
</UL>
<BR>[Called By]<UL><LI><a href="#[84]">&gt;&gt;</a>&nbsp;&nbsp;&nbsp;MyFlash_ProgramHalfWord
<LI><a href="#[73]">&gt;&gt;</a>&nbsp;&nbsp;&nbsp;FlashDrv_WriteDID
</UL>

<P><STRONG><a name="[6c]"></a>FLASH_ProgramWord</STRONG> (Thumb, 102 bytes, Stack size 20 bytes, stm32f10x_flash.o(i.FLASH_ProgramWord))
<BR><BR>[Stack]<UL><LI>Max Depth = 24<LI>Call Chain = FLASH_ProgramWord &rArr; FLASH_WaitForLastOperation
</UL>
<BR>[Calls]<UL><LI><a href="#[6a]">&gt;&gt;</a>&nbsp;&nbsp;&nbsp;FLASH_WaitForLastOperation
</UL>
<BR>[Called By]<UL><LI><a href="#[85]">&gt;&gt;</a>&nbsp;&nbsp;&nbsp;MyFlash_ProgramWord
<LI><a href="#[73]">&gt;&gt;</a>&nbsp;&nbsp;&nbsp;FlashDrv_WriteDID
</UL>

<P><STRONG><a name="[72]"></a>FLASH_Unlock</STRONG> (Thumb, 12 bytes, Stack size 0 bytes, stm32f10x_flash.o(i.FLASH_Unlock))
<BR><BR>[Called By]<UL><LI><a href="#[85]">&gt;&gt;</a>&nbsp;&nbsp;&nbsp;MyFlash_ProgramWord
<LI><a href="#[84]">&gt;&gt;</a>&nbsp;&nbsp;&nbsp;MyFlash_ProgramHalfWord
<LI><a href="#[71]">&gt;&gt;</a>&nbsp;&nbsp;&nbsp;FlashDrv_Unlock
<LI><a href="#[83]">&gt;&gt;</a>&nbsp;&nbsp;&nbsp;MyFlash_ErasePage
</UL>

<P><STRONG><a name="[6a]"></a>FLASH_WaitForLastOperation</STRONG> (Thumb, 38 bytes, Stack size 4 bytes, stm32f10x_flash.o(i.FLASH_WaitForLastOperation))
<BR><BR>[Stack]<UL><LI>Max Depth = 4<LI>Call Chain = FLASH_WaitForLastOperation
</UL>
<BR>[Calls]<UL><LI><a href="#[6d]">&gt;&gt;</a>&nbsp;&nbsp;&nbsp;FLASH_GetBank1Status
</UL>
<BR>[Called By]<UL><LI><a href="#[6c]">&gt;&gt;</a>&nbsp;&nbsp;&nbsp;FLASH_ProgramWord
<LI><a href="#[6b]">&gt;&gt;</a>&nbsp;&nbsp;&nbsp;FLASH_ProgramHalfWord
<LI><a href="#[69]">&gt;&gt;</a>&nbsp;&nbsp;&nbsp;FLASH_ErasePage
</UL>

<P><STRONG><a name="[6e]"></a>FlashDrv_ErasePage</STRONG> (Thumb, 40 bytes, Stack size 16 bytes, flash.o(i.FlashDrv_ErasePage))
<BR><BR>[Stack]<UL><LI>Max Depth = 32<LI>Call Chain = FlashDrv_ErasePage &rArr; FLASH_ErasePage &rArr; FLASH_WaitForLastOperation
</UL>
<BR>[Calls]<UL><LI><a href="#[69]">&gt;&gt;</a>&nbsp;&nbsp;&nbsp;FLASH_ErasePage
</UL>
<BR>[Called By]<UL><LI><a href="#[73]">&gt;&gt;</a>&nbsp;&nbsp;&nbsp;FlashDrv_WriteDID
</UL>

<P><STRONG><a name="[6f]"></a>FlashDrv_Lock</STRONG> (Thumb, 10 bytes, Stack size 8 bytes, flash.o(i.FlashDrv_Lock))
<BR><BR>[Stack]<UL><LI>Max Depth = 8<LI>Call Chain = FlashDrv_Lock
</UL>
<BR>[Calls]<UL><LI><a href="#[70]">&gt;&gt;</a>&nbsp;&nbsp;&nbsp;FLASH_Lock
</UL>
<BR>[Called By]<UL><LI><a href="#[73]">&gt;&gt;</a>&nbsp;&nbsp;&nbsp;FlashDrv_WriteDID
</UL>

<P><STRONG><a name="[bd]"></a>FlashDrv_ReadDID</STRONG> (Thumb, 78 bytes, Stack size 20 bytes, flash.o(i.FlashDrv_ReadDID))
<BR><BR>[Stack]<UL><LI>Max Depth = 20<LI>Call Chain = FlashDrv_ReadDID
</UL>
<BR>[Called By]<UL><LI><a href="#[47]">&gt;&gt;</a>&nbsp;&nbsp;&nbsp;service_22_ReadDataByIdentifier
</UL>

<P><STRONG><a name="[71]"></a>FlashDrv_Unlock</STRONG> (Thumb, 10 bytes, Stack size 8 bytes, flash.o(i.FlashDrv_Unlock))
<BR><BR>[Stack]<UL><LI>Max Depth = 8<LI>Call Chain = FlashDrv_Unlock
</UL>
<BR>[Calls]<UL><LI><a href="#[72]">&gt;&gt;</a>&nbsp;&nbsp;&nbsp;FLASH_Unlock
</UL>
<BR>[Called By]<UL><LI><a href="#[73]">&gt;&gt;</a>&nbsp;&nbsp;&nbsp;FlashDrv_WriteDID
</UL>

<P><STRONG><a name="[73]"></a>FlashDrv_WriteDID</STRONG> (Thumb, 184 bytes, Stack size 32 bytes, flash.o(i.FlashDrv_WriteDID))
<BR><BR>[Stack]<UL><LI>Max Depth = 64<LI>Call Chain = FlashDrv_WriteDID &rArr; FlashDrv_ErasePage &rArr; FLASH_ErasePage &rArr; FLASH_WaitForLastOperation
</UL>
<BR>[Calls]<UL><LI><a href="#[6c]">&gt;&gt;</a>&nbsp;&nbsp;&nbsp;FLASH_ProgramWord
<LI><a href="#[6b]">&gt;&gt;</a>&nbsp;&nbsp;&nbsp;FLASH_ProgramHalfWord
<LI><a href="#[71]">&gt;&gt;</a>&nbsp;&nbsp;&nbsp;FlashDrv_Unlock
<LI><a href="#[6f]">&gt;&gt;</a>&nbsp;&nbsp;&nbsp;FlashDrv_Lock
<LI><a href="#[6e]">&gt;&gt;</a>&nbsp;&nbsp;&nbsp;FlashDrv_ErasePage
</UL>
<BR>[Called By]<UL><LI><a href="#[49]">&gt;&gt;</a>&nbsp;&nbsp;&nbsp;service_2E_WriteDataByIdentifier
</UL>

<P><STRONG><a name="[79]"></a>GPIO_Init</STRONG> (Thumb, 278 bytes, Stack size 24 bytes, stm32f10x_gpio.o(i.GPIO_Init))
<BR><BR>[Stack]<UL><LI>Max Depth = 24<LI>Call Chain = GPIO_Init
</UL>
<BR>[Called By]<UL><LI><a href="#[9c]">&gt;&gt;</a>&nbsp;&nbsp;&nbsp;USARTx_Conf
<LI><a href="#[76]">&gt;&gt;</a>&nbsp;&nbsp;&nbsp;MyCAN_Init
</UL>

<P><STRONG><a name="[2]"></a>HardFault_Handler</STRONG> (Thumb, 4 bytes, Stack size 0 bytes, stm32f10x_it.o(i.HardFault_Handler))
<BR>[Address Reference Count : 1]<UL><LI> startup_stm32f10x_md.o(RESET)
</UL>
<P><STRONG><a name="[74]"></a>InitCanTxMsg</STRONG> (Thumb, 52 bytes, Stack size 24 bytes, mycan.o(i.InitCanTxMsg))
<BR><BR>[Stack]<UL><LI>Max Depth = 24<LI>Call Chain = InitCanTxMsg
</UL>
<BR>[Calls]<UL><LI><a href="#[75]">&gt;&gt;</a>&nbsp;&nbsp;&nbsp;__aeabi_memcpy
</UL>
<BR>[Called By]<UL><LI><a href="#[b5]">&gt;&gt;</a>&nbsp;&nbsp;&nbsp;uds_send_frame
</UL>

<P><STRONG><a name="[3]"></a>MemManage_Handler</STRONG> (Thumb, 4 bytes, Stack size 0 bytes, stm32f10x_it.o(i.MemManage_Handler))
<BR>[Address Reference Count : 1]<UL><LI> startup_stm32f10x_md.o(RESET)
</UL>
<P><STRONG><a name="[76]"></a>MyCAN_Init</STRONG> (Thumb, 194 bytes, Stack size 40 bytes, mycan.o(i.MyCAN_Init))
<BR><BR>[Stack]<UL><LI>Max Depth = 64<LI>Call Chain = MyCAN_Init &rArr; GPIO_Init
</UL>
<BR>[Calls]<UL><LI><a href="#[7a]">&gt;&gt;</a>&nbsp;&nbsp;&nbsp;CAN_Init
<LI><a href="#[7b]">&gt;&gt;</a>&nbsp;&nbsp;&nbsp;CAN_FilterInit
<LI><a href="#[79]">&gt;&gt;</a>&nbsp;&nbsp;&nbsp;GPIO_Init
<LI><a href="#[77]">&gt;&gt;</a>&nbsp;&nbsp;&nbsp;RCC_APB2PeriphClockCmd
<LI><a href="#[78]">&gt;&gt;</a>&nbsp;&nbsp;&nbsp;RCC_APB1PeriphClockCmd
</UL>
<BR>[Called By]<UL><LI><a href="#[35]">&gt;&gt;</a>&nbsp;&nbsp;&nbsp;main
</UL>

<P><STRONG><a name="[7c]"></a>MyCAN_Receive</STRONG> (Thumb, 16 bytes, Stack size 8 bytes, mycan.o(i.MyCAN_Receive))
<BR><BR>[Stack]<UL><LI>Max Depth = 16<LI>Call Chain = MyCAN_Receive &rArr; CAN_Receive
</UL>
<BR>[Calls]<UL><LI><a href="#[7d]">&gt;&gt;</a>&nbsp;&nbsp;&nbsp;CAN_Receive
</UL>
<BR>[Called By]<UL><LI><a href="#[35]">&gt;&gt;</a>&nbsp;&nbsp;&nbsp;main
</UL>

<P><STRONG><a name="[7e]"></a>MyCAN_ReceiveFlag</STRONG> (Thumb, 22 bytes, Stack size 8 bytes, mycan.o(i.MyCAN_ReceiveFlag))
<BR><BR>[Stack]<UL><LI>Max Depth = 8<LI>Call Chain = MyCAN_ReceiveFlag
</UL>
<BR>[Calls]<UL><LI><a href="#[7f]">&gt;&gt;</a>&nbsp;&nbsp;&nbsp;CAN_MessagePending
</UL>
<BR>[Called By]<UL><LI><a href="#[35]">&gt;&gt;</a>&nbsp;&nbsp;&nbsp;main
</UL>

<P><STRONG><a name="[80]"></a>MyCAN_Transmit</STRONG> (Thumb, 44 bytes, Stack size 16 bytes, mycan.o(i.MyCAN_Transmit))
<BR><BR>[Stack]<UL><LI>Max Depth = 24<LI>Call Chain = MyCAN_Transmit &rArr; CAN_TransmitStatus
</UL>
<BR>[Calls]<UL><LI><a href="#[82]">&gt;&gt;</a>&nbsp;&nbsp;&nbsp;CAN_TransmitStatus
<LI><a href="#[81]">&gt;&gt;</a>&nbsp;&nbsp;&nbsp;CAN_Transmit
</UL>
<BR>[Called By]<UL><LI><a href="#[b5]">&gt;&gt;</a>&nbsp;&nbsp;&nbsp;uds_send_frame
</UL>

<P><STRONG><a name="[83]"></a>MyFlash_ErasePage</STRONG> (Thumb, 20 bytes, Stack size 8 bytes, myflash.o(i.MyFlash_ErasePage))
<BR><BR>[Stack]<UL><LI>Max Depth = 24<LI>Call Chain = MyFlash_ErasePage &rArr; FLASH_ErasePage &rArr; FLASH_WaitForLastOperation
</UL>
<BR>[Calls]<UL><LI><a href="#[72]">&gt;&gt;</a>&nbsp;&nbsp;&nbsp;FLASH_Unlock
<LI><a href="#[70]">&gt;&gt;</a>&nbsp;&nbsp;&nbsp;FLASH_Lock
<LI><a href="#[69]">&gt;&gt;</a>&nbsp;&nbsp;&nbsp;FLASH_ErasePage
</UL>
<BR>[Called By]<UL><LI><a href="#[8a]">&gt;&gt;</a>&nbsp;&nbsp;&nbsp;Store_Save
<LI><a href="#[88]">&gt;&gt;</a>&nbsp;&nbsp;&nbsp;Store_Init
<LI><a href="#[9f]">&gt;&gt;</a>&nbsp;&nbsp;&nbsp;check_bl_mode
<LI><a href="#[57]">&gt;&gt;</a>&nbsp;&nbsp;&nbsp;start_FF00
<LI><a href="#[5e]">&gt;&gt;</a>&nbsp;&nbsp;&nbsp;start_DD02
<LI><a href="#[5a]">&gt;&gt;</a>&nbsp;&nbsp;&nbsp;start_0203
<LI><a href="#[51]">&gt;&gt;</a>&nbsp;&nbsp;&nbsp;service_34_RequestDownload
</UL>

<P><STRONG><a name="[84]"></a>MyFlash_ProgramHalfWord</STRONG> (Thumb, 24 bytes, Stack size 16 bytes, myflash.o(i.MyFlash_ProgramHalfWord))
<BR><BR>[Stack]<UL><LI>Max Depth = 36<LI>Call Chain = MyFlash_ProgramHalfWord &rArr; FLASH_ProgramHalfWord &rArr; FLASH_WaitForLastOperation
</UL>
<BR>[Calls]<UL><LI><a href="#[72]">&gt;&gt;</a>&nbsp;&nbsp;&nbsp;FLASH_Unlock
<LI><a href="#[6b]">&gt;&gt;</a>&nbsp;&nbsp;&nbsp;FLASH_ProgramHalfWord
<LI><a href="#[70]">&gt;&gt;</a>&nbsp;&nbsp;&nbsp;FLASH_Lock
</UL>
<BR>[Called By]<UL><LI><a href="#[8a]">&gt;&gt;</a>&nbsp;&nbsp;&nbsp;Store_Save
<LI><a href="#[88]">&gt;&gt;</a>&nbsp;&nbsp;&nbsp;Store_Init
<LI><a href="#[55]">&gt;&gt;</a>&nbsp;&nbsp;&nbsp;service_37_RequestTransferExit
<LI><a href="#[53]">&gt;&gt;</a>&nbsp;&nbsp;&nbsp;service_36_TransferData
</UL>

<P><STRONG><a name="[85]"></a>MyFlash_ProgramWord</STRONG> (Thumb, 24 bytes, Stack size 16 bytes, myflash.o(i.MyFlash_ProgramWord))
<BR><BR>[Stack]<UL><LI>Max Depth = 40<LI>Call Chain = MyFlash_ProgramWord &rArr; FLASH_ProgramWord &rArr; FLASH_WaitForLastOperation
</UL>
<BR>[Calls]<UL><LI><a href="#[72]">&gt;&gt;</a>&nbsp;&nbsp;&nbsp;FLASH_Unlock
<LI><a href="#[6c]">&gt;&gt;</a>&nbsp;&nbsp;&nbsp;FLASH_ProgramWord
<LI><a href="#[70]">&gt;&gt;</a>&nbsp;&nbsp;&nbsp;FLASH_Lock
</UL>
<BR>[Called By]<UL><LI><a href="#[59]">&gt;&gt;</a>&nbsp;&nbsp;&nbsp;start_0202
</UL>

<P><STRONG><a name="[89]"></a>MyFlash_ReadHalfWord</STRONG> (Thumb, 6 bytes, Stack size 0 bytes, myflash.o(i.MyFlash_ReadHalfWord))
<BR><BR>[Called By]<UL><LI><a href="#[88]">&gt;&gt;</a>&nbsp;&nbsp;&nbsp;Store_Init
</UL>

<P><STRONG><a name="[c3]"></a>MyFlash_ReadWord</STRONG> (Thumb, 6 bytes, Stack size 0 bytes, myflash.o(i.MyFlash_ReadWord))
<BR><BR>[Called By]<UL><LI><a href="#[59]">&gt;&gt;</a>&nbsp;&nbsp;&nbsp;start_0202
</UL>

<P><STRONG><a name="[1]"></a>NMI_Handler</STRONG> (Thumb, 2 bytes, Stack size 0 bytes, stm32f10x_it.o(i.NMI_Handler))
<BR>[Address Reference Count : 1]<UL><LI> startup_stm32f10x_md.o(RESET)
</UL>
<P><STRONG><a name="[94]"></a>NVIC_Init</STRONG> (Thumb, 100 bytes, Stack size 16 bytes, misc.o(i.NVIC_Init))
<BR><BR>[Stack]<UL><LI>Max Depth = 16<LI>Call Chain = NVIC_Init
</UL>
<BR>[Called By]<UL><LI><a href="#[9c]">&gt;&gt;</a>&nbsp;&nbsp;&nbsp;USARTx_Conf
<LI><a href="#[8e]">&gt;&gt;</a>&nbsp;&nbsp;&nbsp;Timer_Init
</UL>

<P><STRONG><a name="[93]"></a>NVIC_PriorityGroupConfig</STRONG> (Thumb, 10 bytes, Stack size 0 bytes, misc.o(i.NVIC_PriorityGroupConfig))
<BR><BR>[Called By]<UL><LI><a href="#[9c]">&gt;&gt;</a>&nbsp;&nbsp;&nbsp;USARTx_Conf
<LI><a href="#[8e]">&gt;&gt;</a>&nbsp;&nbsp;&nbsp;Timer_Init
</UL>

<P><STRONG><a name="[8]"></a>PendSV_Handler</STRONG> (Thumb, 2 bytes, Stack size 0 bytes, stm32f10x_it.o(i.PendSV_Handler))
<BR>[Address Reference Count : 1]<UL><LI> startup_stm32f10x_md.o(RESET)
</UL>
<P><STRONG><a name="[78]"></a>RCC_APB1PeriphClockCmd</STRONG> (Thumb, 26 bytes, Stack size 0 bytes, stm32f10x_rcc.o(i.RCC_APB1PeriphClockCmd))
<BR><BR>[Called By]<UL><LI><a href="#[8e]">&gt;&gt;</a>&nbsp;&nbsp;&nbsp;Timer_Init
<LI><a href="#[76]">&gt;&gt;</a>&nbsp;&nbsp;&nbsp;MyCAN_Init
</UL>

<P><STRONG><a name="[66]"></a>RCC_APB1PeriphResetCmd</STRONG> (Thumb, 26 bytes, Stack size 0 bytes, stm32f10x_rcc.o(i.RCC_APB1PeriphResetCmd))
<BR><BR>[Called By]<UL><LI><a href="#[64]">&gt;&gt;</a>&nbsp;&nbsp;&nbsp;CAN_DeInit
<LI><a href="#[63]">&gt;&gt;</a>&nbsp;&nbsp;&nbsp;USART_DeInit
</UL>

<P><STRONG><a name="[77]"></a>RCC_APB2PeriphClockCmd</STRONG> (Thumb, 26 bytes, Stack size 0 bytes, stm32f10x_rcc.o(i.RCC_APB2PeriphClockCmd))
<BR><BR>[Called By]<UL><LI><a href="#[9c]">&gt;&gt;</a>&nbsp;&nbsp;&nbsp;USARTx_Conf
<LI><a href="#[76]">&gt;&gt;</a>&nbsp;&nbsp;&nbsp;MyCAN_Init
</UL>

<P><STRONG><a name="[99]"></a>RCC_APB2PeriphResetCmd</STRONG> (Thumb, 26 bytes, Stack size 0 bytes, stm32f10x_rcc.o(i.RCC_APB2PeriphResetCmd))
<BR><BR>[Called By]<UL><LI><a href="#[63]">&gt;&gt;</a>&nbsp;&nbsp;&nbsp;USART_DeInit
</UL>

<P><STRONG><a name="[9b]"></a>RCC_GetClocksFreq</STRONG> (Thumb, 192 bytes, Stack size 12 bytes, stm32f10x_rcc.o(i.RCC_GetClocksFreq))
<BR><BR>[Stack]<UL><LI>Max Depth = 12<LI>Call Chain = RCC_GetClocksFreq
</UL>
<BR>[Called By]<UL><LI><a href="#[9a]">&gt;&gt;</a>&nbsp;&nbsp;&nbsp;USART_Init
</UL>

<P><STRONG><a name="[6]"></a>SVC_Handler</STRONG> (Thumb, 2 bytes, Stack size 0 bytes, stm32f10x_it.o(i.SVC_Handler))
<BR>[Address Reference Count : 1]<UL><LI> startup_stm32f10x_md.o(RESET)
</UL>
<P><STRONG><a name="[88]"></a>Store_Init</STRONG> (Thumb, 64 bytes, Stack size 8 bytes, store.o(i.Store_Init))
<BR><BR>[Stack]<UL><LI>Max Depth = 44<LI>Call Chain = Store_Init &rArr; MyFlash_ProgramHalfWord &rArr; FLASH_ProgramHalfWord &rArr; FLASH_WaitForLastOperation
</UL>
<BR>[Calls]<UL><LI><a href="#[89]">&gt;&gt;</a>&nbsp;&nbsp;&nbsp;MyFlash_ReadHalfWord
<LI><a href="#[84]">&gt;&gt;</a>&nbsp;&nbsp;&nbsp;MyFlash_ProgramHalfWord
<LI><a href="#[83]">&gt;&gt;</a>&nbsp;&nbsp;&nbsp;MyFlash_ErasePage
</UL>
<BR>[Called By]<UL><LI><a href="#[35]">&gt;&gt;</a>&nbsp;&nbsp;&nbsp;main
<LI><a href="#[5e]">&gt;&gt;</a>&nbsp;&nbsp;&nbsp;start_DD02
<LI><a href="#[5a]">&gt;&gt;</a>&nbsp;&nbsp;&nbsp;start_0203
</UL>

<P><STRONG><a name="[8a]"></a>Store_Save</STRONG> (Thumb, 40 bytes, Stack size 8 bytes, store.o(i.Store_Save))
<BR><BR>[Stack]<UL><LI>Max Depth = 44<LI>Call Chain = Store_Save &rArr; MyFlash_ProgramHalfWord &rArr; FLASH_ProgramHalfWord &rArr; FLASH_WaitForLastOperation
</UL>
<BR>[Calls]<UL><LI><a href="#[84]">&gt;&gt;</a>&nbsp;&nbsp;&nbsp;MyFlash_ProgramHalfWord
<LI><a href="#[83]">&gt;&gt;</a>&nbsp;&nbsp;&nbsp;MyFlash_ErasePage
</UL>
<BR>[Called By]<UL><LI><a href="#[49]">&gt;&gt;</a>&nbsp;&nbsp;&nbsp;service_2E_WriteDataByIdentifier
</UL>

<P><STRONG><a name="[9]"></a>SysTick_Handler</STRONG> (Thumb, 20 bytes, Stack size 0 bytes, systick.o(i.SysTick_Handler))
<BR>[Address Reference Count : 1]<UL><LI> startup_stm32f10x_md.o(RESET)
</UL>
<P><STRONG><a name="[36]"></a>SystemInit</STRONG> (Thumb, 78 bytes, Stack size 8 bytes, system_stm32f10x.o(i.SystemInit))
<BR><BR>[Stack]<UL><LI>Max Depth = 28<LI>Call Chain = SystemInit &rArr; SetSysClock &rArr; SetSysClockTo72
</UL>
<BR>[Calls]<UL><LI><a href="#[86]">&gt;&gt;</a>&nbsp;&nbsp;&nbsp;SetSysClock
</UL>
<BR>[Address Reference Count : 1]<UL><LI> startup_stm32f10x_md.o(.text)
</UL>
<P><STRONG><a name="[26]"></a>TIM2_IRQHandler</STRONG> (Thumb, 28 bytes, Stack size 8 bytes, main.o(i.TIM2_IRQHandler))
<BR><BR>[Stack]<UL><LI>Max Depth = 96<LI>Call Chain = TIM2_IRQHandler &rArr; uds_1ms_task &rArr; network_task &rArr; send_consecutiveframe &rArr; uds_send_frame &rArr; MyCAN_Transmit &rArr; CAN_TransmitStatus
</UL>
<BR>[Calls]<UL><LI><a href="#[8c]">&gt;&gt;</a>&nbsp;&nbsp;&nbsp;uds_1ms_task
<LI><a href="#[8b]">&gt;&gt;</a>&nbsp;&nbsp;&nbsp;TIM_GetITStatus
<LI><a href="#[8d]">&gt;&gt;</a>&nbsp;&nbsp;&nbsp;TIM_ClearITPendingBit
</UL>
<BR>[Address Reference Count : 1]<UL><LI> startup_stm32f10x_md.o(RESET)
</UL>
<P><STRONG><a name="[91]"></a>TIM_ClearFlag</STRONG> (Thumb, 6 bytes, Stack size 0 bytes, stm32f10x_tim.o(i.TIM_ClearFlag))
<BR><BR>[Called By]<UL><LI><a href="#[8e]">&gt;&gt;</a>&nbsp;&nbsp;&nbsp;Timer_Init
</UL>

<P><STRONG><a name="[8d]"></a>TIM_ClearITPendingBit</STRONG> (Thumb, 6 bytes, Stack size 0 bytes, stm32f10x_tim.o(i.TIM_ClearITPendingBit))
<BR><BR>[Called By]<UL><LI><a href="#[26]">&gt;&gt;</a>&nbsp;&nbsp;&nbsp;TIM2_IRQHandler
</UL>

<P><STRONG><a name="[95]"></a>TIM_Cmd</STRONG> (Thumb, 24 bytes, Stack size 0 bytes, stm32f10x_tim.o(i.TIM_Cmd))
<BR><BR>[Called By]<UL><LI><a href="#[8e]">&gt;&gt;</a>&nbsp;&nbsp;&nbsp;Timer_Init
</UL>

<P><STRONG><a name="[8b]"></a>TIM_GetITStatus</STRONG> (Thumb, 34 bytes, Stack size 12 bytes, stm32f10x_tim.o(i.TIM_GetITStatus))
<BR><BR>[Stack]<UL><LI>Max Depth = 12<LI>Call Chain = TIM_GetITStatus
</UL>
<BR>[Called By]<UL><LI><a href="#[26]">&gt;&gt;</a>&nbsp;&nbsp;&nbsp;TIM2_IRQHandler
</UL>

<P><STRONG><a name="[92]"></a>TIM_ITConfig</STRONG> (Thumb, 18 bytes, Stack size 0 bytes, stm32f10x_tim.o(i.TIM_ITConfig))
<BR><BR>[Called By]<UL><LI><a href="#[8e]">&gt;&gt;</a>&nbsp;&nbsp;&nbsp;Timer_Init
</UL>

<P><STRONG><a name="[8f]"></a>TIM_InternalClockConfig</STRONG> (Thumb, 12 bytes, Stack size 0 bytes, stm32f10x_tim.o(i.TIM_InternalClockConfig))
<BR><BR>[Called By]<UL><LI><a href="#[8e]">&gt;&gt;</a>&nbsp;&nbsp;&nbsp;Timer_Init
</UL>

<P><STRONG><a name="[90]"></a>TIM_TimeBaseInit</STRONG> (Thumb, 122 bytes, Stack size 0 bytes, stm32f10x_tim.o(i.TIM_TimeBaseInit))
<BR><BR>[Called By]<UL><LI><a href="#[8e]">&gt;&gt;</a>&nbsp;&nbsp;&nbsp;Timer_Init
</UL>

<P><STRONG><a name="[8e]"></a>Timer_Init</STRONG> (Thumb, 126 bytes, Stack size 24 bytes, timer.o(i.Timer_Init))
<BR><BR>[Stack]<UL><LI>Max Depth = 40<LI>Call Chain = Timer_Init &rArr; NVIC_Init
</UL>
<BR>[Calls]<UL><LI><a href="#[93]">&gt;&gt;</a>&nbsp;&nbsp;&nbsp;NVIC_PriorityGroupConfig
<LI><a href="#[94]">&gt;&gt;</a>&nbsp;&nbsp;&nbsp;NVIC_Init
<LI><a href="#[78]">&gt;&gt;</a>&nbsp;&nbsp;&nbsp;RCC_APB1PeriphClockCmd
<LI><a href="#[90]">&gt;&gt;</a>&nbsp;&nbsp;&nbsp;TIM_TimeBaseInit
<LI><a href="#[8f]">&gt;&gt;</a>&nbsp;&nbsp;&nbsp;TIM_InternalClockConfig
<LI><a href="#[92]">&gt;&gt;</a>&nbsp;&nbsp;&nbsp;TIM_ITConfig
<LI><a href="#[95]">&gt;&gt;</a>&nbsp;&nbsp;&nbsp;TIM_Cmd
<LI><a href="#[91]">&gt;&gt;</a>&nbsp;&nbsp;&nbsp;TIM_ClearFlag
</UL>
<BR>[Called By]<UL><LI><a href="#[35]">&gt;&gt;</a>&nbsp;&nbsp;&nbsp;main
</UL>

<P><STRONG><a name="[2f]"></a>USART1_IRQHandler</STRONG> (Thumb, 156 bytes, Stack size 8 bytes, usart.o(i.USART1_IRQHandler))
<BR><BR>[Stack]<UL><LI>Max Depth = 24<LI>Call Chain = USART1_IRQHandler &rArr; USART_GetITStatus
</UL>
<BR>[Calls]<UL><LI><a href="#[97]">&gt;&gt;</a>&nbsp;&nbsp;&nbsp;USART_ReceiveData
<LI><a href="#[96]">&gt;&gt;</a>&nbsp;&nbsp;&nbsp;USART_GetITStatus
<LI><a href="#[98]">&gt;&gt;</a>&nbsp;&nbsp;&nbsp;USART_ClearITPendingBit
</UL>
<BR>[Address Reference Count : 1]<UL><LI> startup_stm32f10x_md.o(RESET)
</UL>
<P><STRONG><a name="[98]"></a>USART_ClearITPendingBit</STRONG> (Thumb, 30 bytes, Stack size 8 bytes, stm32f10x_usart.o(i.USART_ClearITPendingBit))
<BR><BR>[Stack]<UL><LI>Max Depth = 8<LI>Call Chain = USART_ClearITPendingBit
</UL>
<BR>[Called By]<UL><LI><a href="#[2f]">&gt;&gt;</a>&nbsp;&nbsp;&nbsp;USART1_IRQHandler
</UL>

<P><STRONG><a name="[9d]"></a>USART_Cmd</STRONG> (Thumb, 24 bytes, Stack size 0 bytes, stm32f10x_usart.o(i.USART_Cmd))
<BR><BR>[Called By]<UL><LI><a href="#[9c]">&gt;&gt;</a>&nbsp;&nbsp;&nbsp;USARTx_Conf
</UL>

<P><STRONG><a name="[63]"></a>USART_DeInit</STRONG> (Thumb, 134 bytes, Stack size 8 bytes, stm32f10x_usart.o(i.USART_DeInit))
<BR><BR>[Stack]<UL><LI>Max Depth = 8<LI>Call Chain = USART_DeInit
</UL>
<BR>[Calls]<UL><LI><a href="#[66]">&gt;&gt;</a>&nbsp;&nbsp;&nbsp;RCC_APB1PeriphResetCmd
<LI><a href="#[99]">&gt;&gt;</a>&nbsp;&nbsp;&nbsp;RCC_APB2PeriphResetCmd
</UL>
<BR>[Called By]<UL><LI><a href="#[9c]">&gt;&gt;</a>&nbsp;&nbsp;&nbsp;USARTx_Conf
<LI><a href="#[62]">&gt;&gt;</a>&nbsp;&nbsp;&nbsp;BootJumpToApplication
</UL>

<P><STRONG><a name="[96]"></a>USART_GetITStatus</STRONG> (Thumb, 84 bytes, Stack size 16 bytes, stm32f10x_usart.o(i.USART_GetITStatus))
<BR><BR>[Stack]<UL><LI>Max Depth = 16<LI>Call Chain = USART_GetITStatus
</UL>
<BR>[Called By]<UL><LI><a href="#[2f]">&gt;&gt;</a>&nbsp;&nbsp;&nbsp;USART1_IRQHandler
</UL>

<P><STRONG><a name="[9e]"></a>USART_ITConfig</STRONG> (Thumb, 74 bytes, Stack size 20 bytes, stm32f10x_usart.o(i.USART_ITConfig))
<BR><BR>[Stack]<UL><LI>Max Depth = 20<LI>Call Chain = USART_ITConfig
</UL>
<BR>[Called By]<UL><LI><a href="#[9c]">&gt;&gt;</a>&nbsp;&nbsp;&nbsp;USARTx_Conf
</UL>

<P><STRONG><a name="[9a]"></a>USART_Init</STRONG> (Thumb, 210 bytes, Stack size 56 bytes, stm32f10x_usart.o(i.USART_Init))
<BR><BR>[Stack]<UL><LI>Max Depth = 68<LI>Call Chain = USART_Init &rArr; RCC_GetClocksFreq
</UL>
<BR>[Calls]<UL><LI><a href="#[9b]">&gt;&gt;</a>&nbsp;&nbsp;&nbsp;RCC_GetClocksFreq
</UL>
<BR>[Called By]<UL><LI><a href="#[9c]">&gt;&gt;</a>&nbsp;&nbsp;&nbsp;USARTx_Conf
</UL>

<P><STRONG><a name="[97]"></a>USART_ReceiveData</STRONG> (Thumb, 10 bytes, Stack size 0 bytes, stm32f10x_usart.o(i.USART_ReceiveData))
<BR><BR>[Called By]<UL><LI><a href="#[2f]">&gt;&gt;</a>&nbsp;&nbsp;&nbsp;USART1_IRQHandler
</UL>

<P><STRONG><a name="[9c]"></a>USARTx_Conf</STRONG> (Thumb, 186 bytes, Stack size 32 bytes, usart.o(i.USARTx_Conf))
<BR><BR>[Stack]<UL><LI>Max Depth = 100<LI>Call Chain = USARTx_Conf &rArr; USART_Init &rArr; RCC_GetClocksFreq
</UL>
<BR>[Calls]<UL><LI><a href="#[93]">&gt;&gt;</a>&nbsp;&nbsp;&nbsp;NVIC_PriorityGroupConfig
<LI><a href="#[94]">&gt;&gt;</a>&nbsp;&nbsp;&nbsp;NVIC_Init
<LI><a href="#[79]">&gt;&gt;</a>&nbsp;&nbsp;&nbsp;GPIO_Init
<LI><a href="#[77]">&gt;&gt;</a>&nbsp;&nbsp;&nbsp;RCC_APB2PeriphClockCmd
<LI><a href="#[9a]">&gt;&gt;</a>&nbsp;&nbsp;&nbsp;USART_Init
<LI><a href="#[9e]">&gt;&gt;</a>&nbsp;&nbsp;&nbsp;USART_ITConfig
<LI><a href="#[63]">&gt;&gt;</a>&nbsp;&nbsp;&nbsp;USART_DeInit
<LI><a href="#[9d]">&gt;&gt;</a>&nbsp;&nbsp;&nbsp;USART_Cmd
</UL>
<BR>[Called By]<UL><LI><a href="#[35]">&gt;&gt;</a>&nbsp;&nbsp;&nbsp;main
</UL>

<P><STRONG><a name="[5]"></a>UsageFault_Handler</STRONG> (Thumb, 4 bytes, Stack size 0 bytes, stm32f10x_it.o(i.UsageFault_Handler))
<BR>[Address Reference Count : 1]<UL><LI> startup_stm32f10x_md.o(RESET)
</UL>
<P><STRONG><a name="[d8]"></a>__scatterload_copy</STRONG> (Thumb, 14 bytes, Stack size unknown bytes, handlers.o(i.__scatterload_copy), UNUSED)

<P><STRONG><a name="[d9]"></a>__scatterload_null</STRONG> (Thumb, 2 bytes, Stack size unknown bytes, handlers.o(i.__scatterload_null), UNUSED)

<P><STRONG><a name="[da]"></a>__scatterload_zeroinit</STRONG> (Thumb, 14 bytes, Stack size unknown bytes, handlers.o(i.__scatterload_zeroinit), UNUSED)

<P><STRONG><a name="[c7]"></a>get_current_sa_lv</STRONG> (Thumb, 6 bytes, Stack size 0 bytes, sid27_securityaccess.o(i.get_current_sa_lv))
<BR><BR>[Called By]<UL><LI><a href="#[39]">&gt;&gt;</a>&nbsp;&nbsp;&nbsp;uds_data_indication
</UL>

<P><STRONG><a name="[b9]"></a>get_current_session</STRONG> (Thumb, 6 bytes, Stack size 0 bytes, sid10_sessioncontrol.o(i.get_current_session))
<BR><BR>[Called By]<UL><LI><a href="#[39]">&gt;&gt;</a>&nbsp;&nbsp;&nbsp;uds_data_indication
<LI><a href="#[47]">&gt;&gt;</a>&nbsp;&nbsp;&nbsp;service_22_ReadDataByIdentifier
<LI><a href="#[3b]">&gt;&gt;</a>&nbsp;&nbsp;&nbsp;service_10_SessionControl
</UL>

<P><STRONG><a name="[35]"></a>main</STRONG> (Thumb, 100 bytes, Stack size 32 bytes, main.o(i.main))
<BR><BR>[Stack]<UL><LI>Max Depth = 160<LI>Call Chain = main &rArr; uds_recv_frame &rArr; uds_tp_recv_frame &rArr; recv_firstframe &rArr; send_flowcontrol &rArr; uds_send_frame &rArr; MyCAN_Transmit &rArr; CAN_TransmitStatus
</UL>
<BR>[Calls]<UL><LI><a href="#[a5]">&gt;&gt;</a>&nbsp;&nbsp;&nbsp;uds_recv_frame
<LI><a href="#[a3]">&gt;&gt;</a>&nbsp;&nbsp;&nbsp;uds_init
<LI><a href="#[a4]">&gt;&gt;</a>&nbsp;&nbsp;&nbsp;uds_compute_key
<LI><a href="#[9c]">&gt;&gt;</a>&nbsp;&nbsp;&nbsp;USARTx_Conf
<LI><a href="#[8e]">&gt;&gt;</a>&nbsp;&nbsp;&nbsp;Timer_Init
<LI><a href="#[88]">&gt;&gt;</a>&nbsp;&nbsp;&nbsp;Store_Init
<LI><a href="#[7e]">&gt;&gt;</a>&nbsp;&nbsp;&nbsp;MyCAN_ReceiveFlag
<LI><a href="#[7c]">&gt;&gt;</a>&nbsp;&nbsp;&nbsp;MyCAN_Receive
<LI><a href="#[76]">&gt;&gt;</a>&nbsp;&nbsp;&nbsp;MyCAN_Init
<LI><a href="#[62]">&gt;&gt;</a>&nbsp;&nbsp;&nbsp;BootJumpToApplication
<LI><a href="#[9f]">&gt;&gt;</a>&nbsp;&nbsp;&nbsp;check_bl_mode
<LI><a href="#[a2]">&gt;&gt;</a>&nbsp;&nbsp;&nbsp;check_app_valid
</UL>
<BR>[Address Reference Count : 1]<UL><LI> entry9a.o(.ARM.Collect$$$$0000000B)
</UL>
<P><STRONG><a name="[c0]"></a>network_reg</STRONG> (Thumb, 40 bytes, Stack size 0 bytes, uds_tp.o(i.network_reg))
<BR><BR>[Called By]<UL><LI><a href="#[bf]">&gt;&gt;</a>&nbsp;&nbsp;&nbsp;service_init
</UL>

<P><STRONG><a name="[a6]"></a>network_send_udsmsg</STRONG> (Thumb, 52 bytes, Stack size 16 bytes, uds_tp.o(i.network_send_udsmsg))
<BR><BR>[Stack]<UL><LI>Max Depth = 104<LI>Call Chain = network_send_udsmsg &rArr; send_multipleframe &rArr; send_firstframe &rArr; uds_send_frame &rArr; MyCAN_Transmit &rArr; CAN_TransmitStatus
</UL>
<BR>[Calls]<UL><LI><a href="#[a7]">&gt;&gt;</a>&nbsp;&nbsp;&nbsp;send_singleframe
<LI><a href="#[a8]">&gt;&gt;</a>&nbsp;&nbsp;&nbsp;send_multipleframe
</UL>
<BR>[Called By]<UL><LI><a href="#[b4]">&gt;&gt;</a>&nbsp;&nbsp;&nbsp;uds_positive_rsp
<LI><a href="#[ba]">&gt;&gt;</a>&nbsp;&nbsp;&nbsp;uds_negative_rsp
</UL>

<P><STRONG><a name="[a9]"></a>network_task</STRONG> (Thumb, 198 bytes, Stack size 8 bytes, uds_tp.o(i.network_task))
<BR><BR>[Stack]<UL><LI>Max Depth = 80<LI>Call Chain = network_task &rArr; send_consecutiveframe &rArr; uds_send_frame &rArr; MyCAN_Transmit &rArr; CAN_TransmitStatus
</UL>
<BR>[Calls]<UL><LI><a href="#[ac]">&gt;&gt;</a>&nbsp;&nbsp;&nbsp;nt_timer_start
<LI><a href="#[aa]">&gt;&gt;</a>&nbsp;&nbsp;&nbsp;nt_timer_run
<LI><a href="#[a0]">&gt;&gt;</a>&nbsp;&nbsp;&nbsp;clear_network
<LI><a href="#[ab]">&gt;&gt;</a>&nbsp;&nbsp;&nbsp;send_consecutiveframe
</UL>
<BR>[Called By]<UL><LI><a href="#[8c]">&gt;&gt;</a>&nbsp;&nbsp;&nbsp;uds_1ms_task
</UL>

<P><STRONG><a name="[3b]"></a>service_10_SessionControl</STRONG> (Thumb, 178 bytes, Stack size 32 bytes, sid10_sessioncontrol.o(i.service_10_SessionControl))
<BR><BR>[Stack]<UL><LI>Max Depth = 160<LI>Call Chain = service_10_SessionControl &rArr; uds_negative_rsp &rArr; network_send_udsmsg &rArr; send_multipleframe &rArr; send_firstframe &rArr; uds_send_frame &rArr; MyCAN_Transmit &rArr; CAN_TransmitStatus
</UL>
<BR>[Calls]<UL><LI><a href="#[b7]">&gt;&gt;</a>&nbsp;&nbsp;&nbsp;set_current_session
<LI><a href="#[b8]">&gt;&gt;</a>&nbsp;&nbsp;&nbsp;set_current_sa_lv
<LI><a href="#[b9]">&gt;&gt;</a>&nbsp;&nbsp;&nbsp;get_current_session
<LI><a href="#[bb]">&gt;&gt;</a>&nbsp;&nbsp;&nbsp;uds_timer_start
<LI><a href="#[b4]">&gt;&gt;</a>&nbsp;&nbsp;&nbsp;uds_positive_rsp
<LI><a href="#[ba]">&gt;&gt;</a>&nbsp;&nbsp;&nbsp;uds_negative_rsp
</UL>
<BR>[Address Reference Count : 1]<UL><LI> service_cfg.o(.constdata)
</UL>
<P><STRONG><a name="[3c]"></a>service_10_check_len</STRONG> (Thumb, 12 bytes, Stack size 0 bytes, sid10_sessioncontrol.o(i.service_10_check_len))
<BR>[Address Reference Count : 1]<UL><LI> service_cfg.o(.constdata)
</UL>
<P><STRONG><a name="[3d]"></a>service_11_EcuReset</STRONG> (Thumb, 122 bytes, Stack size 24 bytes, sid11_ecureset.o(i.service_11_EcuReset))
<BR><BR>[Stack]<UL><LI>Max Depth = 152<LI>Call Chain = service_11_EcuReset &rArr; uds_negative_rsp &rArr; network_send_udsmsg &rArr; send_multipleframe &rArr; send_firstframe &rArr; uds_send_frame &rArr; MyCAN_Transmit &rArr; CAN_TransmitStatus
</UL>
<BR>[Calls]<UL><LI><a href="#[b4]">&gt;&gt;</a>&nbsp;&nbsp;&nbsp;uds_positive_rsp
<LI><a href="#[ba]">&gt;&gt;</a>&nbsp;&nbsp;&nbsp;uds_negative_rsp
<LI><a href="#[67]">&gt;&gt;</a>&nbsp;&nbsp;&nbsp;Delay_ms
<LI><a href="#[bc]">&gt;&gt;</a>&nbsp;&nbsp;&nbsp;NVIC_SystemReset
</UL>
<BR>[Address Reference Count : 1]<UL><LI> service_cfg.o(.constdata)
</UL>
<P><STRONG><a name="[3e]"></a>service_11_check_len</STRONG> (Thumb, 12 bytes, Stack size 0 bytes, sid11_ecureset.o(i.service_11_check_len))
<BR>[Address Reference Count : 1]<UL><LI> service_cfg.o(.constdata)
</UL>
<P><STRONG><a name="[4b]"></a>service_14_ClearDiagnosticInformation</STRONG> (Thumb, 60 bytes, Stack size 24 bytes, sid14_cleardiagnosticinformation.o(i.service_14_ClearDiagnosticInformation))
<BR><BR>[Stack]<UL><LI>Max Depth = 152<LI>Call Chain = service_14_ClearDiagnosticInformation &rArr; uds_negative_rsp &rArr; network_send_udsmsg &rArr; send_multipleframe &rArr; send_firstframe &rArr; uds_send_frame &rArr; MyCAN_Transmit &rArr; CAN_TransmitStatus
</UL>
<BR>[Calls]<UL><LI><a href="#[b4]">&gt;&gt;</a>&nbsp;&nbsp;&nbsp;uds_positive_rsp
<LI><a href="#[ba]">&gt;&gt;</a>&nbsp;&nbsp;&nbsp;uds_negative_rsp
</UL>
<BR>[Address Reference Count : 1]<UL><LI> service_cfg.o(.constdata)
</UL>
<P><STRONG><a name="[4c]"></a>service_14_check_len</STRONG> (Thumb, 12 bytes, Stack size 0 bytes, sid14_cleardiagnosticinformation.o(i.service_14_check_len))
<BR>[Address Reference Count : 1]<UL><LI> service_cfg.o(.constdata)
</UL>
<P><STRONG><a name="[4d]"></a>service_19_ReadDTCInformation</STRONG> (Thumb, 78 bytes, Stack size 88 bytes, sid19_readdtcinformation.o(i.service_19_ReadDTCInformation))
<BR><BR>[Stack]<UL><LI>Max Depth = 216<LI>Call Chain = service_19_ReadDTCInformation &rArr; uds_negative_rsp &rArr; network_send_udsmsg &rArr; send_multipleframe &rArr; send_firstframe &rArr; uds_send_frame &rArr; MyCAN_Transmit &rArr; CAN_TransmitStatus
</UL>
<BR>[Calls]<UL><LI><a href="#[b4]">&gt;&gt;</a>&nbsp;&nbsp;&nbsp;uds_positive_rsp
<LI><a href="#[ba]">&gt;&gt;</a>&nbsp;&nbsp;&nbsp;uds_negative_rsp
</UL>
<BR>[Address Reference Count : 1]<UL><LI> service_cfg.o(.constdata)
</UL>
<P><STRONG><a name="[4e]"></a>service_19_check_len</STRONG> (Thumb, 6 bytes, Stack size 0 bytes, sid19_readdtcinformation.o(i.service_19_check_len))
<BR>[Address Reference Count : 1]<UL><LI> service_cfg.o(.constdata)
</UL>
<P><STRONG><a name="[47]"></a>service_22_ReadDataByIdentifier</STRONG> (Thumb, 566 bytes, Stack size 152 bytes, sid22_readdatabyidentifier.o(i.service_22_ReadDataByIdentifier))
<BR><BR>[Stack]<UL><LI>Max Depth = 280<LI>Call Chain = service_22_ReadDataByIdentifier &rArr; uds_negative_rsp &rArr; network_send_udsmsg &rArr; send_multipleframe &rArr; send_firstframe &rArr; uds_send_frame &rArr; MyCAN_Transmit &rArr; CAN_TransmitStatus
</UL>
<BR>[Calls]<UL><LI><a href="#[b9]">&gt;&gt;</a>&nbsp;&nbsp;&nbsp;get_current_session
<LI><a href="#[b4]">&gt;&gt;</a>&nbsp;&nbsp;&nbsp;uds_positive_rsp
<LI><a href="#[ba]">&gt;&gt;</a>&nbsp;&nbsp;&nbsp;uds_negative_rsp
<LI><a href="#[bd]">&gt;&gt;</a>&nbsp;&nbsp;&nbsp;FlashDrv_ReadDID
</UL>
<BR>[Address Reference Count : 1]<UL><LI> service_cfg.o(.constdata)
</UL>
<P><STRONG><a name="[48]"></a>service_22_check_len</STRONG> (Thumb, 16 bytes, Stack size 0 bytes, sid22_readdatabyidentifier.o(i.service_22_check_len))
<BR>[Address Reference Count : 1]<UL><LI> service_cfg.o(.constdata)
</UL>
<P><STRONG><a name="[3f]"></a>service_27_SecurityAccess</STRONG> (Thumb, 384 bytes, Stack size 64 bytes, sid27_securityaccess.o(i.service_27_SecurityAccess))
<BR><BR>[Stack]<UL><LI>Max Depth = 192<LI>Call Chain = service_27_SecurityAccess &rArr; uds_negative_rsp &rArr; network_send_udsmsg &rArr; send_multipleframe &rArr; send_firstframe &rArr; uds_send_frame &rArr; MyCAN_Transmit &rArr; CAN_TransmitStatus
</UL>
<BR>[Calls]<UL><LI><a href="#[b8]">&gt;&gt;</a>&nbsp;&nbsp;&nbsp;set_current_sa_lv
<LI><a href="#[bb]">&gt;&gt;</a>&nbsp;&nbsp;&nbsp;uds_timer_start
<LI><a href="#[be]">&gt;&gt;</a>&nbsp;&nbsp;&nbsp;uds_timer_chk
<LI><a href="#[b4]">&gt;&gt;</a>&nbsp;&nbsp;&nbsp;uds_positive_rsp
<LI><a href="#[ba]">&gt;&gt;</a>&nbsp;&nbsp;&nbsp;uds_negative_rsp
<LI><a href="#[a4]">&gt;&gt;</a>&nbsp;&nbsp;&nbsp;uds_compute_key
</UL>
<BR>[Address Reference Count : 1]<UL><LI> service_cfg.o(.constdata)
</UL>
<P><STRONG><a name="[40]"></a>service_27_check_len</STRONG> (Thumb, 46 bytes, Stack size 8 bytes, sid27_securityaccess.o(i.service_27_check_len))
<BR><BR>[Stack]<UL><LI>Max Depth = 8<LI>Call Chain = service_27_check_len
</UL>
<BR>[Address Reference Count : 1]<UL><LI> service_cfg.o(.constdata)
</UL>
<P><STRONG><a name="[41]"></a>service_28_CommunicationControl</STRONG> (Thumb, 144 bytes, Stack size 32 bytes, sid28_communicationcontrol.o(i.service_28_CommunicationControl))
<BR><BR>[Stack]<UL><LI>Max Depth = 160<LI>Call Chain = service_28_CommunicationControl &rArr; uds_negative_rsp &rArr; network_send_udsmsg &rArr; send_multipleframe &rArr; send_firstframe &rArr; uds_send_frame &rArr; MyCAN_Transmit &rArr; CAN_TransmitStatus
</UL>
<BR>[Calls]<UL><LI><a href="#[b4]">&gt;&gt;</a>&nbsp;&nbsp;&nbsp;uds_positive_rsp
<LI><a href="#[ba]">&gt;&gt;</a>&nbsp;&nbsp;&nbsp;uds_negative_rsp
</UL>
<BR>[Address Reference Count : 1]<UL><LI> service_cfg.o(.constdata)
</UL>
<P><STRONG><a name="[42]"></a>service_28_check_len</STRONG> (Thumb, 12 bytes, Stack size 0 bytes, sid28_communicationcontrol.o(i.service_28_check_len))
<BR>[Address Reference Count : 1]<UL><LI> service_cfg.o(.constdata)
</UL>
<P><STRONG><a name="[49]"></a>service_2E_WriteDataByIdentifier</STRONG> (Thumb, 234 bytes, Stack size 40 bytes, sid2e_writedatabyidentifier.o(i.service_2E_WriteDataByIdentifier))
<BR><BR>[Stack]<UL><LI>Max Depth = 168<LI>Call Chain = service_2E_WriteDataByIdentifier &rArr; uds_negative_rsp &rArr; network_send_udsmsg &rArr; send_multipleframe &rArr; send_firstframe &rArr; uds_send_frame &rArr; MyCAN_Transmit &rArr; CAN_TransmitStatus
</UL>
<BR>[Calls]<UL><LI><a href="#[b4]">&gt;&gt;</a>&nbsp;&nbsp;&nbsp;uds_positive_rsp
<LI><a href="#[ba]">&gt;&gt;</a>&nbsp;&nbsp;&nbsp;uds_negative_rsp
<LI><a href="#[8a]">&gt;&gt;</a>&nbsp;&nbsp;&nbsp;Store_Save
<LI><a href="#[73]">&gt;&gt;</a>&nbsp;&nbsp;&nbsp;FlashDrv_WriteDID
</UL>
<BR>[Address Reference Count : 1]<UL><LI> service_cfg.o(.constdata)
</UL>
<P><STRONG><a name="[4a]"></a>service_2E_check_len</STRONG> (Thumb, 12 bytes, Stack size 0 bytes, sid2e_writedatabyidentifier.o(i.service_2E_check_len))
<BR>[Address Reference Count : 1]<UL><LI> service_cfg.o(.constdata)
</UL>
<P><STRONG><a name="[4f]"></a>service_31_RoutineControl</STRONG> (Thumb, 288 bytes, Stack size 40 bytes, sid31_routinecontrol.o(i.service_31_RoutineControl))
<BR><BR>[Stack]<UL><LI>Max Depth = 176<LI>Call Chain = service_31_RoutineControl &rArr; rsp_or_skip &rArr; uds_positive_rsp &rArr; network_send_udsmsg &rArr; send_multipleframe &rArr; send_firstframe &rArr; uds_send_frame &rArr; MyCAN_Transmit &rArr; CAN_TransmitStatus
</UL>
<BR>[Calls]<UL><LI><a href="#[ba]">&gt;&gt;</a>&nbsp;&nbsp;&nbsp;uds_negative_rsp
<LI><a href="#[b3]">&gt;&gt;</a>&nbsp;&nbsp;&nbsp;rsp_or_skip
</UL>
<BR>[Address Reference Count : 1]<UL><LI> service_cfg.o(.constdata)
</UL>
<P><STRONG><a name="[50]"></a>service_31_check_len</STRONG> (Thumb, 42 bytes, Stack size 8 bytes, sid31_routinecontrol.o(i.service_31_check_len))
<BR><BR>[Stack]<UL><LI>Max Depth = 8<LI>Call Chain = service_31_check_len
</UL>
<BR>[Address Reference Count : 1]<UL><LI> service_cfg.o(.constdata)
</UL>
<P><STRONG><a name="[51]"></a>service_34_RequestDownload</STRONG> (Thumb, 150 bytes, Stack size 24 bytes, sid34_requestdownload.o(i.service_34_RequestDownload))
<BR><BR>[Stack]<UL><LI>Max Depth = 152<LI>Call Chain = service_34_RequestDownload &rArr; uds_negative_rsp &rArr; network_send_udsmsg &rArr; send_multipleframe &rArr; send_firstframe &rArr; uds_send_frame &rArr; MyCAN_Transmit &rArr; CAN_TransmitStatus
</UL>
<BR>[Calls]<UL><LI><a href="#[b4]">&gt;&gt;</a>&nbsp;&nbsp;&nbsp;uds_positive_rsp
<LI><a href="#[ba]">&gt;&gt;</a>&nbsp;&nbsp;&nbsp;uds_negative_rsp
<LI><a href="#[83]">&gt;&gt;</a>&nbsp;&nbsp;&nbsp;MyFlash_ErasePage
</UL>
<BR>[Address Reference Count : 1]<UL><LI> service_cfg.o(.constdata)
</UL>
<P><STRONG><a name="[52]"></a>service_34_check_len</STRONG> (Thumb, 12 bytes, Stack size 0 bytes, sid34_requestdownload.o(i.service_34_check_len))
<BR>[Address Reference Count : 1]<UL><LI> service_cfg.o(.constdata)
</UL>
<P><STRONG><a name="[53]"></a>service_36_TransferData</STRONG> (Thumb, 96 bytes, Stack size 40 bytes, sid36_transferdata.o(i.service_36_TransferData))
<BR><BR>[Stack]<UL><LI>Max Depth = 160<LI>Call Chain = service_36_TransferData &rArr; uds_positive_rsp &rArr; network_send_udsmsg &rArr; send_multipleframe &rArr; send_firstframe &rArr; uds_send_frame &rArr; MyCAN_Transmit &rArr; CAN_TransmitStatus
</UL>
<BR>[Calls]<UL><LI><a href="#[b4]">&gt;&gt;</a>&nbsp;&nbsp;&nbsp;uds_positive_rsp
<LI><a href="#[84]">&gt;&gt;</a>&nbsp;&nbsp;&nbsp;MyFlash_ProgramHalfWord
</UL>
<BR>[Address Reference Count : 1]<UL><LI> service_cfg.o(.constdata)
</UL>
<P><STRONG><a name="[54]"></a>service_36_check_len</STRONG> (Thumb, 8 bytes, Stack size 0 bytes, sid36_transferdata.o(i.service_36_check_len))
<BR>[Address Reference Count : 1]<UL><LI> service_cfg.o(.constdata)
</UL>
<P><STRONG><a name="[55]"></a>service_37_RequestTransferExit</STRONG> (Thumb, 90 bytes, Stack size 24 bytes, sid37_requesttransferexit.o(i.service_37_RequestTransferExit))
<BR><BR>[Stack]<UL><LI>Max Depth = 152<LI>Call Chain = service_37_RequestTransferExit &rArr; uds_negative_rsp &rArr; network_send_udsmsg &rArr; send_multipleframe &rArr; send_firstframe &rArr; uds_send_frame &rArr; MyCAN_Transmit &rArr; CAN_TransmitStatus
</UL>
<BR>[Calls]<UL><LI><a href="#[b4]">&gt;&gt;</a>&nbsp;&nbsp;&nbsp;uds_positive_rsp
<LI><a href="#[ba]">&gt;&gt;</a>&nbsp;&nbsp;&nbsp;uds_negative_rsp
<LI><a href="#[84]">&gt;&gt;</a>&nbsp;&nbsp;&nbsp;MyFlash_ProgramHalfWord
</UL>
<BR>[Address Reference Count : 1]<UL><LI> service_cfg.o(.constdata)
</UL>
<P><STRONG><a name="[56]"></a>service_37_check_len</STRONG> (Thumb, 8 bytes, Stack size 0 bytes, sid37_requesttransferexit.o(i.service_37_check_len))
<BR>[Address Reference Count : 1]<UL><LI> service_cfg.o(.constdata)
</UL>
<P><STRONG><a name="[43]"></a>service_3E_TesterPresent</STRONG> (Thumb, 52 bytes, Stack size 24 bytes, sid3e_testerpresent.o(i.service_3E_TesterPresent))
<BR><BR>[Stack]<UL><LI>Max Depth = 152<LI>Call Chain = service_3E_TesterPresent &rArr; uds_negative_rsp &rArr; network_send_udsmsg &rArr; send_multipleframe &rArr; send_firstframe &rArr; uds_send_frame &rArr; MyCAN_Transmit &rArr; CAN_TransmitStatus
</UL>
<BR>[Calls]<UL><LI><a href="#[b4]">&gt;&gt;</a>&nbsp;&nbsp;&nbsp;uds_positive_rsp
<LI><a href="#[ba]">&gt;&gt;</a>&nbsp;&nbsp;&nbsp;uds_negative_rsp
</UL>
<BR>[Address Reference Count : 1]<UL><LI> service_cfg.o(.constdata)
</UL>
<P><STRONG><a name="[44]"></a>service_3E_check_len</STRONG> (Thumb, 12 bytes, Stack size 0 bytes, sid3e_testerpresent.o(i.service_3E_check_len))
<BR>[Address Reference Count : 1]<UL><LI> service_cfg.o(.constdata)
</UL>
<P><STRONG><a name="[45]"></a>service_85_ControlDTCSetting</STRONG> (Thumb, 88 bytes, Stack size 24 bytes, sid85_controldtcsetting.o(i.service_85_ControlDTCSetting))
<BR><BR>[Stack]<UL><LI>Max Depth = 152<LI>Call Chain = service_85_ControlDTCSetting &rArr; uds_negative_rsp &rArr; network_send_udsmsg &rArr; send_multipleframe &rArr; send_firstframe &rArr; uds_send_frame &rArr; MyCAN_Transmit &rArr; CAN_TransmitStatus
</UL>
<BR>[Calls]<UL><LI><a href="#[b4]">&gt;&gt;</a>&nbsp;&nbsp;&nbsp;uds_positive_rsp
<LI><a href="#[ba]">&gt;&gt;</a>&nbsp;&nbsp;&nbsp;uds_negative_rsp
</UL>
<BR>[Address Reference Count : 1]<UL><LI> service_cfg.o(.constdata)
</UL>
<P><STRONG><a name="[46]"></a>service_85_check_len</STRONG> (Thumb, 12 bytes, Stack size 0 bytes, sid85_controldtcsetting.o(i.service_85_check_len))
<BR>[Address Reference Count : 1]<UL><LI> service_cfg.o(.constdata)
</UL>
<P><STRONG><a name="[bf]"></a>service_init</STRONG> (Thumb, 30 bytes, Stack size 16 bytes, uds_service.o(i.service_init))
<BR><BR>[Stack]<UL><LI>Max Depth = 16<LI>Call Chain = service_init
</UL>
<BR>[Calls]<UL><LI><a href="#[c0]">&gt;&gt;</a>&nbsp;&nbsp;&nbsp;network_reg
</UL>
<BR>[Called By]<UL><LI><a href="#[a3]">&gt;&gt;</a>&nbsp;&nbsp;&nbsp;uds_init
</UL>

<P><STRONG><a name="[c1]"></a>service_task</STRONG> (Thumb, 42 bytes, Stack size 8 bytes, uds_service.o(i.service_task))
<BR><BR>[Stack]<UL><LI>Max Depth = 8<LI>Call Chain = service_task
</UL>
<BR>[Calls]<UL><LI><a href="#[b7]">&gt;&gt;</a>&nbsp;&nbsp;&nbsp;set_current_session
<LI><a href="#[b8]">&gt;&gt;</a>&nbsp;&nbsp;&nbsp;set_current_sa_lv
<LI><a href="#[c2]">&gt;&gt;</a>&nbsp;&nbsp;&nbsp;uds_timer_run
</UL>
<BR>[Called By]<UL><LI><a href="#[8c]">&gt;&gt;</a>&nbsp;&nbsp;&nbsp;uds_1ms_task
</UL>

<P><STRONG><a name="[b8]"></a>set_current_sa_lv</STRONG> (Thumb, 6 bytes, Stack size 0 bytes, sid27_securityaccess.o(i.set_current_sa_lv))
<BR><BR>[Called By]<UL><LI><a href="#[c1]">&gt;&gt;</a>&nbsp;&nbsp;&nbsp;service_task
<LI><a href="#[3f]">&gt;&gt;</a>&nbsp;&nbsp;&nbsp;service_27_SecurityAccess
<LI><a href="#[3b]">&gt;&gt;</a>&nbsp;&nbsp;&nbsp;service_10_SessionControl
</UL>

<P><STRONG><a name="[b7]"></a>set_current_session</STRONG> (Thumb, 6 bytes, Stack size 0 bytes, sid10_sessioncontrol.o(i.set_current_session))
<BR><BR>[Called By]<UL><LI><a href="#[c1]">&gt;&gt;</a>&nbsp;&nbsp;&nbsp;service_task
<LI><a href="#[3b]">&gt;&gt;</a>&nbsp;&nbsp;&nbsp;service_10_SessionControl
</UL>

<P><STRONG><a name="[8c]"></a>uds_1ms_task</STRONG> (Thumb, 12 bytes, Stack size 8 bytes, uds_port.o(i.uds_1ms_task))
<BR><BR>[Stack]<UL><LI>Max Depth = 88<LI>Call Chain = uds_1ms_task &rArr; network_task &rArr; send_consecutiveframe &rArr; uds_send_frame &rArr; MyCAN_Transmit &rArr; CAN_TransmitStatus
</UL>
<BR>[Calls]<UL><LI><a href="#[c1]">&gt;&gt;</a>&nbsp;&nbsp;&nbsp;service_task
<LI><a href="#[a9]">&gt;&gt;</a>&nbsp;&nbsp;&nbsp;network_task
</UL>
<BR>[Called By]<UL><LI><a href="#[26]">&gt;&gt;</a>&nbsp;&nbsp;&nbsp;TIM2_IRQHandler
</UL>

<P><STRONG><a name="[a4]"></a>uds_compute_key</STRONG> (Thumb, 76 bytes, Stack size 8 bytes, sid27_securityaccess.o(i.uds_compute_key))
<BR><BR>[Stack]<UL><LI>Max Depth = 8<LI>Call Chain = uds_compute_key
</UL>
<BR>[Called By]<UL><LI><a href="#[35]">&gt;&gt;</a>&nbsp;&nbsp;&nbsp;main
<LI><a href="#[3f]">&gt;&gt;</a>&nbsp;&nbsp;&nbsp;service_27_SecurityAccess
</UL>

<P><STRONG><a name="[a3]"></a>uds_init</STRONG> (Thumb, 8 bytes, Stack size 8 bytes, uds_port.o(i.uds_init))
<BR><BR>[Stack]<UL><LI>Max Depth = 24<LI>Call Chain = uds_init &rArr; service_init
</UL>
<BR>[Calls]<UL><LI><a href="#[bf]">&gt;&gt;</a>&nbsp;&nbsp;&nbsp;service_init
</UL>
<BR>[Called By]<UL><LI><a href="#[35]">&gt;&gt;</a>&nbsp;&nbsp;&nbsp;main
</UL>

<P><STRONG><a name="[ba]"></a>uds_negative_rsp</STRONG> (Thumb, 84 bytes, Stack size 24 bytes, uds_service.o(i.uds_negative_rsp))
<BR><BR>[Stack]<UL><LI>Max Depth = 128<LI>Call Chain = uds_negative_rsp &rArr; network_send_udsmsg &rArr; send_multipleframe &rArr; send_firstframe &rArr; uds_send_frame &rArr; MyCAN_Transmit &rArr; CAN_TransmitStatus
</UL>
<BR>[Calls]<UL><LI><a href="#[a6]">&gt;&gt;</a>&nbsp;&nbsp;&nbsp;network_send_udsmsg
<LI><a href="#[bb]">&gt;&gt;</a>&nbsp;&nbsp;&nbsp;uds_timer_start
</UL>
<BR>[Called By]<UL><LI><a href="#[39]">&gt;&gt;</a>&nbsp;&nbsp;&nbsp;uds_data_indication
<LI><a href="#[45]">&gt;&gt;</a>&nbsp;&nbsp;&nbsp;service_85_ControlDTCSetting
<LI><a href="#[43]">&gt;&gt;</a>&nbsp;&nbsp;&nbsp;service_3E_TesterPresent
<LI><a href="#[55]">&gt;&gt;</a>&nbsp;&nbsp;&nbsp;service_37_RequestTransferExit
<LI><a href="#[51]">&gt;&gt;</a>&nbsp;&nbsp;&nbsp;service_34_RequestDownload
<LI><a href="#[4f]">&gt;&gt;</a>&nbsp;&nbsp;&nbsp;service_31_RoutineControl
<LI><a href="#[49]">&gt;&gt;</a>&nbsp;&nbsp;&nbsp;service_2E_WriteDataByIdentifier
<LI><a href="#[41]">&gt;&gt;</a>&nbsp;&nbsp;&nbsp;service_28_CommunicationControl
<LI><a href="#[3f]">&gt;&gt;</a>&nbsp;&nbsp;&nbsp;service_27_SecurityAccess
<LI><a href="#[47]">&gt;&gt;</a>&nbsp;&nbsp;&nbsp;service_22_ReadDataByIdentifier
<LI><a href="#[4d]">&gt;&gt;</a>&nbsp;&nbsp;&nbsp;service_19_ReadDTCInformation
<LI><a href="#[4b]">&gt;&gt;</a>&nbsp;&nbsp;&nbsp;service_14_ClearDiagnosticInformation
<LI><a href="#[3d]">&gt;&gt;</a>&nbsp;&nbsp;&nbsp;service_11_EcuReset
<LI><a href="#[3b]">&gt;&gt;</a>&nbsp;&nbsp;&nbsp;service_10_SessionControl
</UL>

<P><STRONG><a name="[b4]"></a>uds_positive_rsp</STRONG> (Thumb, 34 bytes, Stack size 16 bytes, uds_service.o(i.uds_positive_rsp))
<BR><BR>[Stack]<UL><LI>Max Depth = 120<LI>Call Chain = uds_positive_rsp &rArr; network_send_udsmsg &rArr; send_multipleframe &rArr; send_firstframe &rArr; uds_send_frame &rArr; MyCAN_Transmit &rArr; CAN_TransmitStatus
</UL>
<BR>[Calls]<UL><LI><a href="#[a6]">&gt;&gt;</a>&nbsp;&nbsp;&nbsp;network_send_udsmsg
<LI><a href="#[bb]">&gt;&gt;</a>&nbsp;&nbsp;&nbsp;uds_timer_start
</UL>
<BR>[Called By]<UL><LI><a href="#[b3]">&gt;&gt;</a>&nbsp;&nbsp;&nbsp;rsp_or_skip
<LI><a href="#[45]">&gt;&gt;</a>&nbsp;&nbsp;&nbsp;service_85_ControlDTCSetting
<LI><a href="#[43]">&gt;&gt;</a>&nbsp;&nbsp;&nbsp;service_3E_TesterPresent
<LI><a href="#[55]">&gt;&gt;</a>&nbsp;&nbsp;&nbsp;service_37_RequestTransferExit
<LI><a href="#[53]">&gt;&gt;</a>&nbsp;&nbsp;&nbsp;service_36_TransferData
<LI><a href="#[51]">&gt;&gt;</a>&nbsp;&nbsp;&nbsp;service_34_RequestDownload
<LI><a href="#[49]">&gt;&gt;</a>&nbsp;&nbsp;&nbsp;service_2E_WriteDataByIdentifier
<LI><a href="#[41]">&gt;&gt;</a>&nbsp;&nbsp;&nbsp;service_28_CommunicationControl
<LI><a href="#[3f]">&gt;&gt;</a>&nbsp;&nbsp;&nbsp;service_27_SecurityAccess
<LI><a href="#[47]">&gt;&gt;</a>&nbsp;&nbsp;&nbsp;service_22_ReadDataByIdentifier
<LI><a href="#[4d]">&gt;&gt;</a>&nbsp;&nbsp;&nbsp;service_19_ReadDTCInformation
<LI><a href="#[4b]">&gt;&gt;</a>&nbsp;&nbsp;&nbsp;service_14_ClearDiagnosticInformation
<LI><a href="#[3d]">&gt;&gt;</a>&nbsp;&nbsp;&nbsp;service_11_EcuReset
<LI><a href="#[3b]">&gt;&gt;</a>&nbsp;&nbsp;&nbsp;service_10_SessionControl
</UL>

<P><STRONG><a name="[a5]"></a>uds_recv_frame</STRONG> (Thumb, 46 bytes, Stack size 16 bytes, uds_port.o(i.uds_recv_frame))
<BR><BR>[Stack]<UL><LI>Max Depth = 128<LI>Call Chain = uds_recv_frame &rArr; uds_tp_recv_frame &rArr; recv_firstframe &rArr; send_flowcontrol &rArr; uds_send_frame &rArr; MyCAN_Transmit &rArr; CAN_TransmitStatus
</UL>
<BR>[Calls]<UL><LI><a href="#[c8]">&gt;&gt;</a>&nbsp;&nbsp;&nbsp;uds_tp_recv_frame
</UL>
<BR>[Called By]<UL><LI><a href="#[35]">&gt;&gt;</a>&nbsp;&nbsp;&nbsp;main
</UL>

<P><STRONG><a name="[b5]"></a>uds_send_frame</STRONG> (Thumb, 28 bytes, Stack size 16 bytes, uds_port.o(i.uds_send_frame))
<BR><BR>[Stack]<UL><LI>Max Depth = 40<LI>Call Chain = uds_send_frame &rArr; MyCAN_Transmit &rArr; CAN_TransmitStatus
</UL>
<BR>[Calls]<UL><LI><a href="#[80]">&gt;&gt;</a>&nbsp;&nbsp;&nbsp;MyCAN_Transmit
<LI><a href="#[74]">&gt;&gt;</a>&nbsp;&nbsp;&nbsp;InitCanTxMsg
</UL>
<BR>[Called By]<UL><LI><a href="#[a7]">&gt;&gt;</a>&nbsp;&nbsp;&nbsp;send_singleframe
<LI><a href="#[b0]">&gt;&gt;</a>&nbsp;&nbsp;&nbsp;send_flowcontrol
<LI><a href="#[b6]">&gt;&gt;</a>&nbsp;&nbsp;&nbsp;send_firstframe
<LI><a href="#[ab]">&gt;&gt;</a>&nbsp;&nbsp;&nbsp;send_consecutiveframe
</UL>

<P><STRONG><a name="[be]"></a>uds_timer_chk</STRONG> (Thumb, 26 bytes, Stack size 0 bytes, uds_service.o(i.uds_timer_chk))
<BR><BR>[Called By]<UL><LI><a href="#[3f]">&gt;&gt;</a>&nbsp;&nbsp;&nbsp;service_27_SecurityAccess
</UL>

<P><STRONG><a name="[bb]"></a>uds_timer_start</STRONG> (Thumb, 32 bytes, Stack size 0 bytes, uds_service.o(i.uds_timer_start))
<BR><BR>[Called By]<UL><LI><a href="#[b4]">&gt;&gt;</a>&nbsp;&nbsp;&nbsp;uds_positive_rsp
<LI><a href="#[ba]">&gt;&gt;</a>&nbsp;&nbsp;&nbsp;uds_negative_rsp
<LI><a href="#[39]">&gt;&gt;</a>&nbsp;&nbsp;&nbsp;uds_data_indication
<LI><a href="#[3a]">&gt;&gt;</a>&nbsp;&nbsp;&nbsp;uds_data_confirm
<LI><a href="#[3f]">&gt;&gt;</a>&nbsp;&nbsp;&nbsp;service_27_SecurityAccess
<LI><a href="#[3b]">&gt;&gt;</a>&nbsp;&nbsp;&nbsp;service_10_SessionControl
</UL>

<P><STRONG><a name="[c8]"></a>uds_tp_recv_frame</STRONG> (Thumb, 242 bytes, Stack size 24 bytes, uds_tp.o(i.uds_tp_recv_frame))
<BR><BR>[Stack]<UL><LI>Max Depth = 112<LI>Call Chain = uds_tp_recv_frame &rArr; recv_firstframe &rArr; send_flowcontrol &rArr; uds_send_frame &rArr; MyCAN_Transmit &rArr; CAN_TransmitStatus
</UL>
<BR>[Calls]<UL><LI><a href="#[a0]">&gt;&gt;</a>&nbsp;&nbsp;&nbsp;clear_network
<LI><a href="#[c9]">&gt;&gt;</a>&nbsp;&nbsp;&nbsp;recv_singleframe
<LI><a href="#[b1]">&gt;&gt;</a>&nbsp;&nbsp;&nbsp;recv_flowcontrolframe
<LI><a href="#[af]">&gt;&gt;</a>&nbsp;&nbsp;&nbsp;recv_firstframe
<LI><a href="#[ad]">&gt;&gt;</a>&nbsp;&nbsp;&nbsp;recv_consecutiveframe
</UL>
<BR>[Called By]<UL><LI><a href="#[a5]">&gt;&gt;</a>&nbsp;&nbsp;&nbsp;uds_recv_frame
</UL>
<P>
<H3>
Local Symbols
</H3>
<P><STRONG><a name="[86]"></a>SetSysClock</STRONG> (Thumb, 8 bytes, Stack size 8 bytes, system_stm32f10x.o(i.SetSysClock))
<BR><BR>[Stack]<UL><LI>Max Depth = 20<LI>Call Chain = SetSysClock &rArr; SetSysClockTo72
</UL>
<BR>[Calls]<UL><LI><a href="#[87]">&gt;&gt;</a>&nbsp;&nbsp;&nbsp;SetSysClockTo72
</UL>
<BR>[Called By]<UL><LI><a href="#[36]">&gt;&gt;</a>&nbsp;&nbsp;&nbsp;SystemInit
</UL>

<P><STRONG><a name="[87]"></a>SetSysClockTo72</STRONG> (Thumb, 214 bytes, Stack size 12 bytes, system_stm32f10x.o(i.SetSysClockTo72))
<BR><BR>[Stack]<UL><LI>Max Depth = 12<LI>Call Chain = SetSysClockTo72
</UL>
<BR>[Called By]<UL><LI><a href="#[86]">&gt;&gt;</a>&nbsp;&nbsp;&nbsp;SetSysClock
</UL>

<P><STRONG><a name="[a2]"></a>check_app_valid</STRONG> (Thumb, 18 bytes, Stack size 0 bytes, main.o(i.check_app_valid))
<BR><BR>[Called By]<UL><LI><a href="#[35]">&gt;&gt;</a>&nbsp;&nbsp;&nbsp;main
</UL>

<P><STRONG><a name="[9f]"></a>check_bl_mode</STRONG> (Thumb, 26 bytes, Stack size 8 bytes, main.o(i.check_bl_mode))
<BR><BR>[Stack]<UL><LI>Max Depth = 32<LI>Call Chain = check_bl_mode &rArr; MyFlash_ErasePage &rArr; FLASH_ErasePage &rArr; FLASH_WaitForLastOperation
</UL>
<BR>[Calls]<UL><LI><a href="#[83]">&gt;&gt;</a>&nbsp;&nbsp;&nbsp;MyFlash_ErasePage
</UL>
<BR>[Called By]<UL><LI><a href="#[35]">&gt;&gt;</a>&nbsp;&nbsp;&nbsp;main
</UL>

<P><STRONG><a name="[3a]"></a>uds_data_confirm</STRONG> (Thumb, 12 bytes, Stack size 4 bytes, uds_service.o(i.uds_data_confirm))
<BR><BR>[Stack]<UL><LI>Max Depth = 4<LI>Call Chain = uds_data_confirm
</UL>
<BR>[Calls]<UL><LI><a href="#[bb]">&gt;&gt;</a>&nbsp;&nbsp;&nbsp;uds_timer_start
</UL>
<BR>[Address Reference Count : 1]<UL><LI> uds_service.o(i.service_init)
</UL>
<P><STRONG><a name="[39]"></a>uds_data_indication</STRONG> (Thumb, 294 bytes, Stack size 32 bytes, uds_service.o(i.uds_data_indication))
<BR><BR>[Stack]<UL><LI>Max Depth = 160<LI>Call Chain = uds_data_indication &rArr; uds_negative_rsp &rArr; network_send_udsmsg &rArr; send_multipleframe &rArr; send_firstframe &rArr; uds_send_frame &rArr; MyCAN_Transmit &rArr; CAN_TransmitStatus
</UL>
<BR>[Calls]<UL><LI><a href="#[b9]">&gt;&gt;</a>&nbsp;&nbsp;&nbsp;get_current_session
<LI><a href="#[c7]">&gt;&gt;</a>&nbsp;&nbsp;&nbsp;get_current_sa_lv
<LI><a href="#[bb]">&gt;&gt;</a>&nbsp;&nbsp;&nbsp;uds_timer_start
<LI><a href="#[ba]">&gt;&gt;</a>&nbsp;&nbsp;&nbsp;uds_negative_rsp
<LI><a href="#[c5]">&gt;&gt;</a>&nbsp;&nbsp;&nbsp;uds_timer_stop
<LI><a href="#[c6]">&gt;&gt;</a>&nbsp;&nbsp;&nbsp;uds_no_response
</UL>
<BR>[Address Reference Count : 1]<UL><LI> uds_service.o(i.service_init)
</UL>
<P><STRONG><a name="[38]"></a>uds_dataff_indication</STRONG> (Thumb, 12 bytes, Stack size 8 bytes, uds_service.o(i.uds_dataff_indication))
<BR><BR>[Stack]<UL><LI>Max Depth = 8<LI>Call Chain = uds_dataff_indication
</UL>
<BR>[Calls]<UL><LI><a href="#[c5]">&gt;&gt;</a>&nbsp;&nbsp;&nbsp;uds_timer_stop
</UL>
<BR>[Address Reference Count : 1]<UL><LI> uds_service.o(i.service_init)
</UL>
<P><STRONG><a name="[c6]"></a>uds_no_response</STRONG> (Thumb, 2 bytes, Stack size 0 bytes, uds_service.o(i.uds_no_response))
<BR><BR>[Called By]<UL><LI><a href="#[39]">&gt;&gt;</a>&nbsp;&nbsp;&nbsp;uds_data_indication
</UL>

<P><STRONG><a name="[c2]"></a>uds_timer_run</STRONG> (Thumb, 62 bytes, Stack size 0 bytes, uds_service.o(i.uds_timer_run))
<BR><BR>[Called By]<UL><LI><a href="#[c1]">&gt;&gt;</a>&nbsp;&nbsp;&nbsp;service_task
</UL>

<P><STRONG><a name="[c5]"></a>uds_timer_stop</STRONG> (Thumb, 18 bytes, Stack size 0 bytes, uds_service.o(i.uds_timer_stop))
<BR><BR>[Called By]<UL><LI><a href="#[38]">&gt;&gt;</a>&nbsp;&nbsp;&nbsp;uds_dataff_indication
<LI><a href="#[39]">&gt;&gt;</a>&nbsp;&nbsp;&nbsp;uds_data_indication
</UL>

<P><STRONG><a name="[a0]"></a>clear_network</STRONG> (Thumb, 52 bytes, Stack size 8 bytes, uds_tp.o(i.clear_network))
<BR><BR>[Stack]<UL><LI>Max Depth = 8<LI>Call Chain = clear_network
</UL>
<BR>[Calls]<UL><LI><a href="#[a1]">&gt;&gt;</a>&nbsp;&nbsp;&nbsp;nt_timer_stop
</UL>
<BR>[Called By]<UL><LI><a href="#[c8]">&gt;&gt;</a>&nbsp;&nbsp;&nbsp;uds_tp_recv_frame
<LI><a href="#[a9]">&gt;&gt;</a>&nbsp;&nbsp;&nbsp;network_task
<LI><a href="#[ad]">&gt;&gt;</a>&nbsp;&nbsp;&nbsp;recv_consecutiveframe
</UL>

<P><STRONG><a name="[ae]"></a>nt_timer_chk</STRONG> (Thumb, 42 bytes, Stack size 0 bytes, uds_tp.o(i.nt_timer_chk))
<BR><BR>[Called By]<UL><LI><a href="#[b1]">&gt;&gt;</a>&nbsp;&nbsp;&nbsp;recv_flowcontrolframe
<LI><a href="#[ad]">&gt;&gt;</a>&nbsp;&nbsp;&nbsp;recv_consecutiveframe
</UL>

<P><STRONG><a name="[aa]"></a>nt_timer_run</STRONG> (Thumb, 62 bytes, Stack size 0 bytes, uds_tp.o(i.nt_timer_run))
<BR><BR>[Called By]<UL><LI><a href="#[a9]">&gt;&gt;</a>&nbsp;&nbsp;&nbsp;network_task
</UL>

<P><STRONG><a name="[ac]"></a>nt_timer_start</STRONG> (Thumb, 46 bytes, Stack size 0 bytes, uds_tp.o(i.nt_timer_start))
<BR><BR>[Called By]<UL><LI><a href="#[a9]">&gt;&gt;</a>&nbsp;&nbsp;&nbsp;network_task
<LI><a href="#[b6]">&gt;&gt;</a>&nbsp;&nbsp;&nbsp;send_firstframe
<LI><a href="#[b1]">&gt;&gt;</a>&nbsp;&nbsp;&nbsp;recv_flowcontrolframe
<LI><a href="#[af]">&gt;&gt;</a>&nbsp;&nbsp;&nbsp;recv_firstframe
<LI><a href="#[ad]">&gt;&gt;</a>&nbsp;&nbsp;&nbsp;recv_consecutiveframe
</UL>

<P><STRONG><a name="[b2]"></a>nt_timer_start_wv</STRONG> (Thumb, 16 bytes, Stack size 0 bytes, uds_tp.o(i.nt_timer_start_wv))
<BR><BR>[Called By]<UL><LI><a href="#[b1]">&gt;&gt;</a>&nbsp;&nbsp;&nbsp;recv_flowcontrolframe
</UL>

<P><STRONG><a name="[a1]"></a>nt_timer_stop</STRONG> (Thumb, 18 bytes, Stack size 0 bytes, uds_tp.o(i.nt_timer_stop))
<BR><BR>[Called By]<UL><LI><a href="#[a0]">&gt;&gt;</a>&nbsp;&nbsp;&nbsp;clear_network
</UL>

<P><STRONG><a name="[ad]"></a>recv_consecutiveframe</STRONG> (Thumb, 180 bytes, Stack size 24 bytes, uds_tp.o(i.recv_consecutiveframe))
<BR><BR>[Stack]<UL><LI>Max Depth = 32<LI>Call Chain = recv_consecutiveframe &rArr; clear_network
</UL>
<BR>[Calls]<UL><LI><a href="#[ac]">&gt;&gt;</a>&nbsp;&nbsp;&nbsp;nt_timer_start
<LI><a href="#[ae]">&gt;&gt;</a>&nbsp;&nbsp;&nbsp;nt_timer_chk
<LI><a href="#[a0]">&gt;&gt;</a>&nbsp;&nbsp;&nbsp;clear_network
</UL>
<BR>[Called By]<UL><LI><a href="#[c8]">&gt;&gt;</a>&nbsp;&nbsp;&nbsp;uds_tp_recv_frame
</UL>

<P><STRONG><a name="[af]"></a>recv_firstframe</STRONG> (Thumb, 128 bytes, Stack size 24 bytes, uds_tp.o(i.recv_firstframe))
<BR><BR>[Stack]<UL><LI>Max Depth = 88<LI>Call Chain = recv_firstframe &rArr; send_flowcontrol &rArr; uds_send_frame &rArr; MyCAN_Transmit &rArr; CAN_TransmitStatus
</UL>
<BR>[Calls]<UL><LI><a href="#[ac]">&gt;&gt;</a>&nbsp;&nbsp;&nbsp;nt_timer_start
<LI><a href="#[b0]">&gt;&gt;</a>&nbsp;&nbsp;&nbsp;send_flowcontrol
</UL>
<BR>[Called By]<UL><LI><a href="#[c8]">&gt;&gt;</a>&nbsp;&nbsp;&nbsp;uds_tp_recv_frame
</UL>

<P><STRONG><a name="[b1]"></a>recv_flowcontrolframe</STRONG> (Thumb, 162 bytes, Stack size 16 bytes, uds_tp.o(i.recv_flowcontrolframe))
<BR><BR>[Stack]<UL><LI>Max Depth = 16<LI>Call Chain = recv_flowcontrolframe
</UL>
<BR>[Calls]<UL><LI><a href="#[b2]">&gt;&gt;</a>&nbsp;&nbsp;&nbsp;nt_timer_start_wv
<LI><a href="#[ac]">&gt;&gt;</a>&nbsp;&nbsp;&nbsp;nt_timer_start
<LI><a href="#[ae]">&gt;&gt;</a>&nbsp;&nbsp;&nbsp;nt_timer_chk
</UL>
<BR>[Called By]<UL><LI><a href="#[c8]">&gt;&gt;</a>&nbsp;&nbsp;&nbsp;uds_tp_recv_frame
</UL>

<P><STRONG><a name="[c9]"></a>recv_singleframe</STRONG> (Thumb, 64 bytes, Stack size 24 bytes, uds_tp.o(i.recv_singleframe))
<BR><BR>[Stack]<UL><LI>Max Depth = 24<LI>Call Chain = recv_singleframe
</UL>
<BR>[Called By]<UL><LI><a href="#[c8]">&gt;&gt;</a>&nbsp;&nbsp;&nbsp;uds_tp_recv_frame
</UL>

<P><STRONG><a name="[ab]"></a>send_consecutiveframe</STRONG> (Thumb, 92 bytes, Stack size 32 bytes, uds_tp.o(i.send_consecutiveframe))
<BR><BR>[Stack]<UL><LI>Max Depth = 72<LI>Call Chain = send_consecutiveframe &rArr; uds_send_frame &rArr; MyCAN_Transmit &rArr; CAN_TransmitStatus
</UL>
<BR>[Calls]<UL><LI><a href="#[b5]">&gt;&gt;</a>&nbsp;&nbsp;&nbsp;uds_send_frame
</UL>
<BR>[Called By]<UL><LI><a href="#[a9]">&gt;&gt;</a>&nbsp;&nbsp;&nbsp;network_task
</UL>

<P><STRONG><a name="[b6]"></a>send_firstframe</STRONG> (Thumb, 88 bytes, Stack size 24 bytes, uds_tp.o(i.send_firstframe))
<BR><BR>[Stack]<UL><LI>Max Depth = 64<LI>Call Chain = send_firstframe &rArr; uds_send_frame &rArr; MyCAN_Transmit &rArr; CAN_TransmitStatus
</UL>
<BR>[Calls]<UL><LI><a href="#[ac]">&gt;&gt;</a>&nbsp;&nbsp;&nbsp;nt_timer_start
<LI><a href="#[b5]">&gt;&gt;</a>&nbsp;&nbsp;&nbsp;uds_send_frame
</UL>
<BR>[Called By]<UL><LI><a href="#[a8]">&gt;&gt;</a>&nbsp;&nbsp;&nbsp;send_multipleframe
</UL>

<P><STRONG><a name="[b0]"></a>send_flowcontrol</STRONG> (Thumb, 64 bytes, Stack size 24 bytes, uds_tp.o(i.send_flowcontrol))
<BR><BR>[Stack]<UL><LI>Max Depth = 64<LI>Call Chain = send_flowcontrol &rArr; uds_send_frame &rArr; MyCAN_Transmit &rArr; CAN_TransmitStatus
</UL>
<BR>[Calls]<UL><LI><a href="#[b5]">&gt;&gt;</a>&nbsp;&nbsp;&nbsp;uds_send_frame
</UL>
<BR>[Called By]<UL><LI><a href="#[af]">&gt;&gt;</a>&nbsp;&nbsp;&nbsp;recv_firstframe
</UL>

<P><STRONG><a name="[a8]"></a>send_multipleframe</STRONG> (Thumb, 72 bytes, Stack size 24 bytes, uds_tp.o(i.send_multipleframe))
<BR><BR>[Stack]<UL><LI>Max Depth = 88<LI>Call Chain = send_multipleframe &rArr; send_firstframe &rArr; uds_send_frame &rArr; MyCAN_Transmit &rArr; CAN_TransmitStatus
</UL>
<BR>[Calls]<UL><LI><a href="#[b6]">&gt;&gt;</a>&nbsp;&nbsp;&nbsp;send_firstframe
</UL>
<BR>[Called By]<UL><LI><a href="#[a6]">&gt;&gt;</a>&nbsp;&nbsp;&nbsp;network_send_udsmsg
</UL>

<P><STRONG><a name="[a7]"></a>send_singleframe</STRONG> (Thumb, 84 bytes, Stack size 24 bytes, uds_tp.o(i.send_singleframe))
<BR><BR>[Stack]<UL><LI>Max Depth = 64<LI>Call Chain = send_singleframe &rArr; uds_send_frame &rArr; MyCAN_Transmit &rArr; CAN_TransmitStatus
</UL>
<BR>[Calls]<UL><LI><a href="#[b5]">&gt;&gt;</a>&nbsp;&nbsp;&nbsp;uds_send_frame
</UL>
<BR>[Called By]<UL><LI><a href="#[a6]">&gt;&gt;</a>&nbsp;&nbsp;&nbsp;network_send_udsmsg
</UL>

<P><STRONG><a name="[bc]"></a>NVIC_SystemReset</STRONG> (Thumb, 26 bytes, Stack size 0 bytes, sid11_ecureset.o(i.NVIC_SystemReset))
<BR><BR>[Called By]<UL><LI><a href="#[3d]">&gt;&gt;</a>&nbsp;&nbsp;&nbsp;service_11_EcuReset
</UL>

<P><STRONG><a name="[b3]"></a>rsp_or_skip</STRONG> (Thumb, 24 bytes, Stack size 16 bytes, sid31_routinecontrol.o(i.rsp_or_skip))
<BR><BR>[Stack]<UL><LI>Max Depth = 136<LI>Call Chain = rsp_or_skip &rArr; uds_positive_rsp &rArr; network_send_udsmsg &rArr; send_multipleframe &rArr; send_firstframe &rArr; uds_send_frame &rArr; MyCAN_Transmit &rArr; CAN_TransmitStatus
</UL>
<BR>[Calls]<UL><LI><a href="#[b4]">&gt;&gt;</a>&nbsp;&nbsp;&nbsp;uds_positive_rsp
</UL>
<BR>[Called By]<UL><LI><a href="#[4f]">&gt;&gt;</a>&nbsp;&nbsp;&nbsp;service_31_RoutineControl
</UL>

<P><STRONG><a name="[59]"></a>start_0202</STRONG> (Thumb, 70 bytes, Stack size 32 bytes, sid31_routinecontrol.o(i.start_0202))
<BR><BR>[Stack]<UL><LI>Max Depth = 72<LI>Call Chain = start_0202 &rArr; MyFlash_ProgramWord &rArr; FLASH_ProgramWord &rArr; FLASH_WaitForLastOperation
</UL>
<BR>[Calls]<UL><LI><a href="#[c4]">&gt;&gt;</a>&nbsp;&nbsp;&nbsp;CRC32_Calculate
<LI><a href="#[c3]">&gt;&gt;</a>&nbsp;&nbsp;&nbsp;MyFlash_ReadWord
<LI><a href="#[85]">&gt;&gt;</a>&nbsp;&nbsp;&nbsp;MyFlash_ProgramWord
</UL>
<BR>[Address Reference Count : 1]<UL><LI> sid31_routinecontrol.o(.data)
</UL>
<P><STRONG><a name="[5a]"></a>start_0203</STRONG> (Thumb, 24 bytes, Stack size 16 bytes, sid31_routinecontrol.o(i.start_0203))
<BR><BR>[Stack]<UL><LI>Max Depth = 60<LI>Call Chain = start_0203 &rArr; Store_Init &rArr; MyFlash_ProgramHalfWord &rArr; FLASH_ProgramHalfWord &rArr; FLASH_WaitForLastOperation
</UL>
<BR>[Calls]<UL><LI><a href="#[88]">&gt;&gt;</a>&nbsp;&nbsp;&nbsp;Store_Init
<LI><a href="#[83]">&gt;&gt;</a>&nbsp;&nbsp;&nbsp;MyFlash_ErasePage
</UL>
<BR>[Address Reference Count : 1]<UL><LI> sid31_routinecontrol.o(.data)
</UL>
<P><STRONG><a name="[5d]"></a>start_0204</STRONG> (Thumb, 2 bytes, Stack size 0 bytes, sid31_routinecontrol.o(i.start_0204))
<BR>[Address Reference Count : 1]<UL><LI> sid31_routinecontrol.o(.data)
</UL>
<P><STRONG><a name="[5e]"></a>start_DD02</STRONG> (Thumb, 24 bytes, Stack size 16 bytes, sid31_routinecontrol.o(i.start_DD02))
<BR><BR>[Stack]<UL><LI>Max Depth = 60<LI>Call Chain = start_DD02 &rArr; Store_Init &rArr; MyFlash_ProgramHalfWord &rArr; FLASH_ProgramHalfWord &rArr; FLASH_WaitForLastOperation
</UL>
<BR>[Calls]<UL><LI><a href="#[88]">&gt;&gt;</a>&nbsp;&nbsp;&nbsp;Store_Init
<LI><a href="#[83]">&gt;&gt;</a>&nbsp;&nbsp;&nbsp;MyFlash_ErasePage
</UL>
<BR>[Address Reference Count : 1]<UL><LI> sid31_routinecontrol.o(.data)
</UL>
<P><STRONG><a name="[5c]"></a>start_DFE0</STRONG> (Thumb, 2 bytes, Stack size 0 bytes, sid31_routinecontrol.o(i.start_DFE0))
<BR>[Address Reference Count : 1]<UL><LI> sid31_routinecontrol.o(.data)
</UL>
<P><STRONG><a name="[57]"></a>start_FF00</STRONG> (Thumb, 136 bytes, Stack size 40 bytes, sid31_routinecontrol.o(i.start_FF00))
<BR><BR>[Stack]<UL><LI>Max Depth = 64<LI>Call Chain = start_FF00 &rArr; MyFlash_ErasePage &rArr; FLASH_ErasePage &rArr; FLASH_WaitForLastOperation
</UL>
<BR>[Calls]<UL><LI><a href="#[83]">&gt;&gt;</a>&nbsp;&nbsp;&nbsp;MyFlash_ErasePage
</UL>
<BR>[Address Reference Count : 1]<UL><LI> sid31_routinecontrol.o(.data)
</UL>
<P><STRONG><a name="[5b]"></a>start_FF01</STRONG> (Thumb, 2 bytes, Stack size 0 bytes, sid31_routinecontrol.o(i.start_FF01))
<BR>[Address Reference Count : 1]<UL><LI> sid31_routinecontrol.o(.data)
</UL>
<P><STRONG><a name="[58]"></a>stop_NONE</STRONG> (Thumb, 2 bytes, Stack size 0 bytes, sid31_routinecontrol.o(i.stop_NONE))
<BR>[Address Reference Count : 1]<UL><LI> sid31_routinecontrol.o(.data)
</UL><P>
<H3>
Undefined Global Symbols
</H3><HR></body></html>
