<html>
<body>
<pre>
<h1>礦ision Build Log</h1>
<h2>Tool Versions:</h2>
IDE-Version: μVision V5.40.0.0
Copyright (C) 2024 ARM Ltd and ARM Germany GmbH. All rights reserved.
License Information: 1 Lenovo, 1, LIC=GMZI6-DIRDE-8TY3P-M64RI-X3RT8-1JMFX
 
Tool Versions:
Toolchain:       MDK-ARM Plus  Version: 5.40.0.3
Toolchain Path:  D:\software\ARM\ARMCC\Bin
C Compiler:      Armcc.exe V5.06 update 6 (build 750)
Assembler:       Armasm.exe V5.06 update 6 (build 750)
Linker/Locator:  ArmLink.exe V5.06 update 6 (build 750)
Library Manager: ArmAr.exe V5.06 update 6 (build 750)
Hex Converter:   FromElf.exe V5.06 update 6 (build 750)
CPU DLL:         SARMCM3.DLL V5.40.0.3
Dialog DLL:      DCM.DLL V1.17.5.0
Target DLL:      STLink\ST-LINKIII-KEIL_SWO.dll V3.3.0.0
Dialog DLL:      TCM.DLL V1.56.4.0
 
<h2>Project:</h2>
D:\学习资料\学习资料\学习资料\CAN诊断协议BootLoader+APP\CAN诊断协议BootLoader+APP\CAN诊断协议栈移植Bootloader\Project.uvprojx
Project File Date:  08/11/2026

<h2>Output:</h2>
*** Using Compiler 'V5.06 update 6 (build 750)', folder: 'D:\software\ARM\ARMCC\Bin'
Rebuild target 'Target 1'
assembling startup_stm32f10x_md.s...
compiling core_cm3.c...
compiling stm32f10x_can.c...
compiling misc.c...
compiling stm32f10x_bkp.c...
compiling stm32f10x_crc.c...
compiling stm32f10x_cec.c...
compiling stm32f10x_adc.c...
compiling system_stm32f10x.c...
compiling stm32f10x_dbgmcu.c...
compiling stm32f10x_dac.c...
compiling stm32f10x_dma.c...
compiling stm32f10x_exti.c...
compiling stm32f10x_iwdg.c...
compiling stm32f10x_rtc.c...
compiling stm32f10x_flash.c...
compiling stm32f10x_pwr.c...
compiling stm32f10x_gpio.c...
compiling stm32f10x_spi.c...
compiling stm32f10x_i2c.c...
compiling stm32f10x_rcc.c...
compiling stm32f10x_sdio.c...
compiling stm32f10x_fsmc.c...
compiling stm32f10x_tim.c...
compiling stm32f10x_it.c...
compiling stm32f10x_wwdg.c...
compiling Delay.c...
compiling key.c...
compiling systick.c...
compiling Timer.c...
compiling stm32f10x_usart.c...
compiling MyCAN.c...
compiling usart.c...
compiling main.c...
User\main.c(142): warning:  #1-D: last line of file ends without a newline
  }
User\main.c(39): warning:  #177-D: function "jump_to_app"  was declared but never referenced
  static void jump_to_app(void)
User\main.c: 2 warnings, 0 errors
compiling AES.c...
Hardware\AES.c(688): warning:  #177-D: variable "wArray"  was declared but never referenced
  	uint8_t wArray[4][4]; //密钥4 x 4数组
Hardware\AES.c(574): warning:  #177-D: function "addRoundTowArray"  was declared but never referenced
  static void addRoundTowArray(uint8_t aArray[4][4],uint8_t bArray[4][4]) 
Hardware\AES.c(590): warning:  #177-D: function "getArrayFrom4W"  was declared but never referenced
  static void getArrayFrom4W(uint8_t i, uint8_t array[4][4]) 
Hardware\AES.c: 3 warnings, 0 errors
compiling uds_service.c...
compiling service_cfg.c...
UDSLogic\SID31_RoutineControl.h(33): warning:  #1-D: last line of file ends without a newline
  #endif
UDSLogic\service_cfg.c: 1 warning, 0 errors
compiling uds_tp.c...
UDSBase\uds_tp.c(226): warning:  #188-D: enumerated type mixed with another type
      for (num = 0; num < TIMER_CNT; num++)
UDSBase\uds_tp.c(404): warning:  #186-D: pointless comparison of unsigned integer with zero
              if (g_rcf_bc >= NT_XMIT_FC_BS)
UDSBase\uds_tp.c: 2 warnings, 0 errors
compiling SID3E_TesterPresent.c...
compiling SID10_SessionControl.c...
compiling SID14_ClearDiagnosticInformation.c...
compiling SID19_ReadDTCInformation.c...
compiling SID22_ReadDataByIdentifier.c...
compiling SID28_CommunicationControl.c...
compiling MyFlash.c...
compiling CRC32.c...
compiling uds_port.c...
compiling SID2E_WriteDataByIdentifier.c...
compiling Store.c...
compiling flash.c...
compiling SID11_EcuReset.c...
UDSLogic\SID11_EcuReset.c(65): warning:  #223-D: function "Delay_ms" declared implicitly
  			Delay_ms(10);           /* 鐭殏寤舵椂纭繚CAN甯у彂閫? */
UDSLogic\SID11_EcuReset.c: 1 warning, 0 errors
compiling SID85_ControlDTCSetting.c...
compiling SID27_SecurityAccess.c...
UDSLogic\SID27_SecurityAccess.c(30): warning:  #177-D: variable "req_seed"  was declared but never referenced
  static uint8_t req_seed = 0;				// 鎺ユ敹鍒拌姹傜瀛愭爣蹇?
UDSLogic\SID27_SecurityAccess.c(83): warning:  #177-D: function "rand_u8"  was declared but never referenced
  static uint8_t rand_u8(void)
UDSLogic\SID27_SecurityAccess.c(101): warning:  #177-D: function "seedTOKey"  was declared but never referenced
  static uint32_t seedTOKey(uint32_t seed)
UDSLogic\SID27_SecurityAccess.c: 3 warnings, 0 errors
compiling SID34_RequestDownload.c...
UDSLogic\SID34_RequestDownload.c(79): warning:  #188-D: enumerated type mixed with another type
          uds_negative_rsp(SID_34, 0x31);
UDSLogic\SID34_RequestDownload.c: 1 warning, 0 errors
compiling SID31_RoutineControl.c...
UDSLogic\SID31_RoutineControl.h(33): warning:  #1-D: last line of file ends without a newline
  #endif
UDSLogic\SID31_RoutineControl.c(216): warning:  #1-D: last line of file ends without a newline
  }
UDSLogic\SID31_RoutineControl.c: 2 warnings, 0 errors
compiling SID36_TransferData.c...
UDSLogic\SID36_TransferData.c(69): warning:  #1-D: last line of file ends without a newline
  /****************EOF****************/
UDSLogic\SID36_TransferData.c: 1 warning, 0 errors
compiling SID37_RequestTransferExit.c...
UDSLogic\SID37_RequestTransferExit.c(72): warning:  #1-D: last line of file ends without a newline
  }
UDSLogic\SID37_RequestTransferExit.c: 1 warning, 0 errors
linking...
Program Size: Code=11864 RO-data=1628 RW-data=232 ZI-data=5432  
FromELF: creating hex file...
".\Objects\BOOT.axf" - 0 Error(s), 17 Warning(s).

<h2>Software Packages used:</h2>

Package Vendor: Keil
                https://www.keil.com/pack/Keil.STM32F1xx_DFP.2.4.1.pack
                Keil::STM32F1xx_DFP@2.4.1
                STMicroelectronics STM32F1 Series Device Support, Drivers and Examples

<h2>Collection of Component include folders:</h2>
  D:/software/Keil/STM32F1xx_DFP/2.4.1/Device/Include

<h2>Collection of Component Files used:</h2>
Build Time Elapsed:  00:00:04
</pre>
</body>
</html>
