Component: ARM Compiler 5.06 update 6 (build 750) Tool: armlink [4d35ed]

==============================================================================

Section Cross References

    startup_stm32f10x_md.o(RESET) refers to startup_stm32f10x_md.o(STACK) for __initial_sp
    startup_stm32f10x_md.o(RESET) refers to startup_stm32f10x_md.o(.text) for Reset_Handler
    startup_stm32f10x_md.o(RESET) refers to stm32f10x_it.o(i.NMI_Handler) for NMI_Handler
    startup_stm32f10x_md.o(RESET) refers to stm32f10x_it.o(i.HardFault_Handler) for HardFault_Handler
    startup_stm32f10x_md.o(RESET) refers to stm32f10x_it.o(i.MemManage_Handler) for MemManage_Handler
    startup_stm32f10x_md.o(RESET) refers to stm32f10x_it.o(i.BusFault_Handler) for BusFault_Handler
    startup_stm32f10x_md.o(RESET) refers to stm32f10x_it.o(i.UsageFault_Handler) for UsageFault_Handler
    startup_stm32f10x_md.o(RESET) refers to stm32f10x_it.o(i.SVC_Handler) for SVC_Handler
    startup_stm32f10x_md.o(RESET) refers to stm32f10x_it.o(i.DebugMon_Handler) for DebugMon_Handler
    startup_stm32f10x_md.o(RESET) refers to stm32f10x_it.o(i.PendSV_Handler) for PendSV_Handler
    startup_stm32f10x_md.o(RESET) refers to systick.o(i.SysTick_Handler) for SysTick_Handler
    startup_stm32f10x_md.o(RESET) refers to main.o(i.TIM2_IRQHandler) for TIM2_IRQHandler
    startup_stm32f10x_md.o(RESET) refers to usart.o(i.USART1_IRQHandler) for USART1_IRQHandler
    startup_stm32f10x_md.o(.text) refers to system_stm32f10x.o(i.SystemInit) for SystemInit
    startup_stm32f10x_md.o(.text) refers to entry.o(.ARM.Collect$$$$00000000) for __main
    system_stm32f10x.o(i.SetSysClock) refers to system_stm32f10x.o(i.SetSysClockTo72) for SetSysClockTo72
    system_stm32f10x.o(i.SystemCoreClockUpdate) refers to system_stm32f10x.o(.data) for SystemCoreClock
    system_stm32f10x.o(i.SystemInit) refers to system_stm32f10x.o(i.SetSysClock) for SetSysClock
    stm32f10x_adc.o(i.ADC_DeInit) refers to stm32f10x_rcc.o(i.RCC_APB2PeriphResetCmd) for RCC_APB2PeriphResetCmd
    stm32f10x_bkp.o(i.BKP_DeInit) refers to stm32f10x_rcc.o(i.RCC_BackupResetCmd) for RCC_BackupResetCmd
    stm32f10x_can.o(i.CAN_DeInit) refers to stm32f10x_rcc.o(i.RCC_APB1PeriphResetCmd) for RCC_APB1PeriphResetCmd
    stm32f10x_can.o(i.CAN_GetITStatus) refers to stm32f10x_can.o(i.CheckITStatus) for CheckITStatus
    stm32f10x_cec.o(i.CEC_DeInit) refers to stm32f10x_rcc.o(i.RCC_APB1PeriphResetCmd) for RCC_APB1PeriphResetCmd
    stm32f10x_dac.o(i.DAC_DeInit) refers to stm32f10x_rcc.o(i.RCC_APB1PeriphResetCmd) for RCC_APB1PeriphResetCmd
    stm32f10x_flash.o(i.FLASH_EnableWriteProtection) refers to stm32f10x_flash.o(i.FLASH_WaitForLastOperation) for FLASH_WaitForLastOperation
    stm32f10x_flash.o(i.FLASH_EraseAllBank1Pages) refers to stm32f10x_flash.o(i.FLASH_WaitForLastBank1Operation) for FLASH_WaitForLastBank1Operation
    stm32f10x_flash.o(i.FLASH_EraseAllPages) refers to stm32f10x_flash.o(i.FLASH_WaitForLastOperation) for FLASH_WaitForLastOperation
    stm32f10x_flash.o(i.FLASH_EraseOptionBytes) refers to stm32f10x_flash.o(i.FLASH_GetReadOutProtectionStatus) for FLASH_GetReadOutProtectionStatus
    stm32f10x_flash.o(i.FLASH_EraseOptionBytes) refers to stm32f10x_flash.o(i.FLASH_WaitForLastOperation) for FLASH_WaitForLastOperation
    stm32f10x_flash.o(i.FLASH_ErasePage) refers to stm32f10x_flash.o(i.FLASH_WaitForLastOperation) for FLASH_WaitForLastOperation
    stm32f10x_flash.o(i.FLASH_ProgramHalfWord) refers to stm32f10x_flash.o(i.FLASH_WaitForLastOperation) for FLASH_WaitForLastOperation
    stm32f10x_flash.o(i.FLASH_ProgramOptionByteData) refers to stm32f10x_flash.o(i.FLASH_WaitForLastOperation) for FLASH_WaitForLastOperation
    stm32f10x_flash.o(i.FLASH_ProgramWord) refers to stm32f10x_flash.o(i.FLASH_WaitForLastOperation) for FLASH_WaitForLastOperation
    stm32f10x_flash.o(i.FLASH_ReadOutProtection) refers to stm32f10x_flash.o(i.FLASH_WaitForLastOperation) for FLASH_WaitForLastOperation
    stm32f10x_flash.o(i.FLASH_UserOptionByteConfig) refers to stm32f10x_flash.o(i.FLASH_WaitForLastOperation) for FLASH_WaitForLastOperation
    stm32f10x_flash.o(i.FLASH_WaitForLastBank1Operation) refers to stm32f10x_flash.o(i.FLASH_GetBank1Status) for FLASH_GetBank1Status
    stm32f10x_flash.o(i.FLASH_WaitForLastOperation) refers to stm32f10x_flash.o(i.FLASH_GetBank1Status) for FLASH_GetBank1Status
    stm32f10x_gpio.o(i.GPIO_AFIODeInit) refers to stm32f10x_rcc.o(i.RCC_APB2PeriphResetCmd) for RCC_APB2PeriphResetCmd
    stm32f10x_gpio.o(i.GPIO_DeInit) refers to stm32f10x_rcc.o(i.RCC_APB2PeriphResetCmd) for RCC_APB2PeriphResetCmd
    stm32f10x_i2c.o(i.I2C_DeInit) refers to stm32f10x_rcc.o(i.RCC_APB1PeriphResetCmd) for RCC_APB1PeriphResetCmd
    stm32f10x_i2c.o(i.I2C_Init) refers to stm32f10x_rcc.o(i.RCC_GetClocksFreq) for RCC_GetClocksFreq
    stm32f10x_pwr.o(i.PWR_DeInit) refers to stm32f10x_rcc.o(i.RCC_APB1PeriphResetCmd) for RCC_APB1PeriphResetCmd
[...]

    ../clib/microlib/division.c              0x00000000   Number         0  uldiv.o ABSOLUTE
    ../clib/microlib/division.c              0x00000000   Number         0  uidiv.o ABSOLUTE
    ../clib/microlib/init/entry.s            0x00000000   Number         0  entry9b.o ABSOLUTE
    ../clib/microlib/init/entry.s            0x00000000   Number         0  entry5.o ABSOLUTE
    ../clib/microlib/init/entry.s            0x00000000   Number         0  entry.o ABSOLUTE
    ../clib/microlib/init/entry.s            0x00000000   Number         0  entry9a.o ABSOLUTE
    ../clib/microlib/init/entry.s            0x00000000   Number         0  entry11b.o ABSOLUTE
    ../clib/microlib/init/entry.s            0x00000000   Number         0  entry8b.o ABSOLUTE
    ../clib/microlib/init/entry.s            0x00000000   Number         0  entry10a.o ABSOLUTE
    ../clib/microlib/init/entry.s            0x00000000   Number         0  entry10b.o ABSOLUTE
    ../clib/microlib/init/entry.s            0x00000000   Number         0  entry11a.o ABSOLUTE
    ../clib/microlib/init/entry.s            0x00000000   Number         0  entry2.o ABSOLUTE
    ../clib/microlib/init/entry.s            0x00000000   Number         0  entry8a.o ABSOLUTE
    ../clib/microlib/init/entry.s            0x00000000   Number         0  entry7b.o ABSOLUTE
    ../clib/microlib/init/entry.s            0x00000000   Number         0  entry7a.o ABSOLUTE
    ../clib/microlib/longlong.c              0x00000000   Number         0  llshl.o ABSOLUTE
    ../clib/microlib/longlong.c              0x00000000   Number         0  llushr.o ABSOLUTE
    ../clib/microlib/longlong.c              0x00000000   Number         0  llsshr.o ABSOLUTE
    ../clib/microlib/printf/printf.c         0x00000000   Number         0  printfa.o ABSOLUTE
    ../clib/microlib/printf/printf.c         0x00000000   Number         0  printf8.o ABSOLUTE
    ../clib/microlib/printf/printf.c         0x00000000   Number         0  printf5.o ABSOLUTE
    ../clib/microlib/printf/printf.c         0x00000000   Number         0  printf0.o ABSOLUTE
    ../clib/microlib/printf/printf.c         0x00000000   Number         0  printf1.o ABSOLUTE
    ../clib/microlib/printf/printf.c         0x00000000   Number         0  printf2.o ABSOLUTE
    ../clib/microlib/printf/printf.c         0x00000000   Number         0  printf7.o ABSOLUTE
    ../clib/microlib/printf/printf.c         0x00000000   Number         0  printf6.o ABSOLUTE
    ../clib/microlib/printf/printf.c         0x00000000   Number         0  printf4.o ABSOLUTE
    ../clib/microlib/printf/printf.c         0x00000000   Number         0  printfb.o ABSOLUTE
    ../clib/microlib/printf/printf.c         0x00000000   Number         0  printf3.o ABSOLUTE
    ../clib/microlib/printf/stubs.s          0x00000000   Number         0  stubs.o ABSOLUTE
    ../clib/microlib/stdio/streams.c         0x00000000   Number         0  stdout.o ABSOLUTE
    ../clib/microlib/stdlib/rand.c           0x00000000   Number         0  rand.o ABSOLUTE
    ../clib/microlib/string/memcpy.c         0x00000000   Number         0  memcpya.o ABSOLUTE
    ../clib/microlib/string/memcpy.c         0x00000000   Number         0  memcpyb.o ABSOLUTE
    ../clib/microlib/stubs.s                 0x00000000   Number         0  iusefp.o ABSOLUTE
    ../fplib/microlib/fpadd.c                0x00000000   Number         0  dadd.o ABSOLUTE
    ../fplib/microlib/fpdiv.c                0x00000000   Number         0  ddiv.o ABSOLUTE
    ../fplib/microlib/fpepilogue.c           0x00000000   Number         0  depilogue.o ABSOLUTE
    ../fplib/microlib/fpfix.c                0x00000000   Number         0  dfixul.o ABSOLUTE
    ../fplib/microlib/fpmul.c                0x00000000   Number         0  dmul.o ABSOLUTE
    Hardware\AES.c                           0x00000000   Number         0  aes.o ABSOLUTE
    Hardware\CRC32.c                         0x00000000   Number         0  crc32.o ABSOLUTE
    Hardware\MyCAN.c                         0x00000000   Number         0  mycan.o ABSOLUTE
    Hardware\MyFlash.c                       0x00000000   Number         0  myflash.o ABSOLUTE
    Hardware\Store.c                         0x00000000   Number         0  store.o ABSOLUTE
    Hardware\Timer.c                         0x00000000   Number         0  timer.o ABSOLUTE
    Hardware\flash.c                         0x00000000   Number         0  flash.o ABSOLUTE
    Hardware\key.c                           0x00000000   Number         0  key.o ABSOLUTE
    Hardware\systick.c                       0x00000000   Number         0  systick.o ABSOLUTE
    Hardware\usart.c                         0x00000000   Number         0  usart.o ABSOLUTE
    Library\misc.c                           0x00000000   Number         0  misc.o ABSOLUTE
    Library\stm32f10x_adc.c                  0x00000000   Number         0  stm32f10x_adc.o ABSOLUTE
    Library\stm32f10x_bkp.c                  0x00000000   Number         0  stm32f10x_bkp.o ABSOLUTE
    Library\stm32f10x_can.c                  0x00000000   Number         0  stm32f10x_can.o ABSOLUTE
    Library\stm32f10x_cec.c                  0x00000000   Number         0  stm32f10x_cec.o ABSOLUTE
    Library\stm32f10x_crc.c                  0x00000000   Number         0  stm32f10x_crc.o ABSOLUTE
    Library\stm32f10x_dac.c                  0x00000000   Number         0  stm32f10x_dac.o ABSOLUTE
    Library\stm32f10x_dbgmcu.c               0x00000000   Number         0  stm32f10x_dbgmcu.o ABSOLUTE
    Library\stm32f10x_dma.c                  0x00000000   Number         0  stm32f10x_dma.o ABSOLUTE
    Library\stm32f10x_exti.c                 0x00000000   Number         0  stm32f10x_exti.o ABSOLUTE
    Library\stm32f10x_flash.c                0x00000000   Number         0  stm32f10x_flash.o ABSOLUTE
    Library\stm32f10x_fsmc.c                 0x00000000   Number         0  stm32f10x_fsmc.o ABSOLUTE
    Library\stm32f10x_gpio.c                 0x00000000   Number         0  stm32f10x_gpio.o ABSOLUTE
    Library\stm32f10x_i2c.c                  0x00000000   Number         0  stm32f10x_i2c.o ABSOLUTE
    Library\stm32f10x_iwdg.c                 0x00000000   Number         0  stm32f10x_iwdg.o ABSOLUTE
    Library\stm32f10x_pwr.c                  0x00000000   Number         0  stm32f10x_pwr.o ABSOLUTE
    Library\stm32f10x_rcc.c                  0x00000000   Number         0  stm32f10x_rcc.o ABSOLUTE
    Library\stm32f10x_rtc.c                  0x00000000   Number         0  stm32f10x_rtc.o ABSOLUTE
    Library\stm32f10x_sdio.c                 0x00000000   Number         0  stm32f10x_sdio.o ABSOLUTE
    Library\stm32f10x_spi.c                  0x00000000   Number         0  stm32f10x_spi.o ABSOLUTE
    Library\stm32f10x_tim.c                  0x00000000   Number         0  stm32f10x_tim.o ABSOLUTE
    Library\stm32f10x_usart.c                0x00000000   Number         0  stm32f10x_usart.o ABSOLUTE
    Library\stm32f10x_wwdg.c                 0x00000000   Number         0  stm32f10x_wwdg.o ABSOLUTE
    Start\\core_cm3.c                        0x00000000   Number         0  core_cm3.o ABSOLUTE
    Start\core_cm3.c                         0x00000000   Number         0  core_cm3.o ABSOLUTE
    Start\startup_stm32f10x_md.s             0x00000000   Number         0  startup_stm32f10x_md.o ABSOLUTE
    Start\system_stm32f10x.c                 0x00000000   Number         0  system_stm32f10x.o ABSOLUTE
    System\Delay.c                           0x00000000   Number         0  delay.o ABSOLUTE
    UDSBase\uds_port.c                       0x00000000   Number         0  uds_port.o ABSOLUTE
    UDSBase\uds_service.c                    0x00000000   Number         0  uds_service.o ABSOLUTE
    UDSBase\uds_tp.c                         0x00000000   Number         0  uds_tp.o ABSOLUTE
    UDSLogic\SID10_SessionControl.c          0x00000000   Number         0  sid10_sessioncontrol.o ABSOLUTE
    UDSLogic\SID11_EcuReset.c                0x00000000   Number         0  sid11_ecureset.o ABSOLUTE
    UDSLogic\SID14_ClearDiagnosticInformation.c 0x00000000   Number         0  sid14_cleardiagnosticinformation.o ABSOLUTE
    UDSLogic\SID19_ReadDTCInformation.c      0x00000000   Number         0  sid19_readdtcinformation.o ABSOLUTE
    UDSLogic\SID22_ReadDataByIdentifier.c    0x00000000   Number         0  sid22_readdatabyidentifier.o ABSOLUTE
    UDSLogic\SID27_SecurityAccess.c          0x00000000   Number         0  sid27_securityaccess.o ABSOLUTE
    UDSLogic\SID28_CommunicationControl.c    0x00000000   Number         0  sid28_communicationcontrol.o ABSOLUTE
    UDSLogic\SID2E_WriteDataByIdentifier.c   0x00000000   Number         0  sid2e_writedatabyidentifier.o ABSOLUTE
    UDSLogic\SID31_RoutineControl.c          0x00000000   Number         0  sid31_routinecontrol.o ABSOLUTE
    UDSLogic\SID34_RequestDownload.c         0x00000000   Number         0  sid34_requestdownload.o ABSOLUTE
    UDSLogic\SID36_TransferData.c            0x00000000   Number         0  sid36_transferdata.o ABSOLUTE
    UDSLogic\SID37_RequestTransferExit.c     0x00000000   Number         0  sid37_requesttransferexit.o ABSOLUTE
    UDSLogic\SID3E_TesterPresent.c           0x00000000   Number         0  sid3e_testerpresent.o ABSOLUTE
    UDSLogic\SID85_ControlDTCSetting.c       0x00000000   Number         0  sid85_controldtcsetting.o ABSOLUTE
    UDSLogic\service_cfg.c                   0x00000000   Number         0  service_cfg.o ABSOLUTE
    User\main.c                              0x00000000   Number         0  main.o ABSOLUTE
    User\stm32f10x_it.c                      0x00000000   Number         0  stm32f10x_it.o ABSOLUTE
    cdrcmple.s                               0x00000000   Number         0  cdrcmple.o ABSOLUTE
    dc.s                                     0x00000000   Number         0  dc.o ABSOLUTE
    handlers.s                               0x00000000   Number         0  handlers.o ABSOLUTE
    init.s                                   0x00000000   Number         0  init.o ABSOLUTE
    RESET                                    0x08000000   Section      236  startup_stm32f10x_md.o(RESET)
    .ARM.Collect$$$$00000000                 0x080000ec   Section        0  entry.o(.ARM.Collect$$$$00000000)
    .ARM.Collect$$$$00000001                 0x080000ec   Section        4  entry2.o(.ARM.Collect$$$$00000001)
    .ARM.Collect$$$$00000004                 0x080000f0   Section        4  entry5.o(.ARM.Collect$$$$00000004)
    .ARM.Collect$$$$00000008                 0x080000f4   Section        0  entry7b.o(.ARM.Collect$$$$00000008)
    .ARM.Collect$$$$0000000A                 0x080000f4   Section        0  entry8b.o(.ARM.Collect$$$$0000000A)
    .ARM.Collect$$$$0000000B                 0x080000f4   Section        8  entry9a.o(.ARM.Collect$$$$0000000B)
    .ARM.Collect$$$$0000000D                 0x080000fc   Section        0  entry10a.o(.ARM.Collect$$$$0000000D)
    .ARM.Collect$$$$0000000F                 0x080000fc   Section        0  entry11a.o(.ARM.Collect$$$$0000000F)
    .ARM.Collect$$$$00002712                 0x080000fc   Section        4  entry2.o(.ARM.Collect$$$$00002712)
    __lit__00000000                          0x080000fc   Data           4  entry2.o(.ARM.Collect$$$$00002712)
    .emb_text                                0x08000100   Section       32  core_cm3.o(.emb_text)
    .text                                    0x08000120   Section       36  startup_stm32f10x_md.o(.text)
    .text                                    0x08000144   Section        0  memcpya.o(.text)
    .text                                    0x08000168   Section       36  init.o(.text)
    i.BootJumpToApplication                  0x0800018c   Section        0  main.o(i.BootJumpToApplication)
    i.BusFault_Handler                       0x080001d4   Section        0  stm32f10x_it.o(i.BusFault_Handler)
    i.CAN_DeInit                             0x080001d8   Section        0  stm32f10x_can.o(i.CAN_DeInit)
    i.CAN_FilterInit                         0x08000210   Section        0  stm32f10x_can.o(i.CAN_FilterInit)
    i.CAN_Init                               0x08000318   Section        0  stm32f10x_can.o(i.CAN_Init)
    i.CAN_MessagePending                     0x0800042c   Section        0  stm32f10x_can.o(i.CAN_MessagePending)
    i.CAN_Receive                            0x0800044a   Section        0  stm32f10x_can.o(i.CAN_Receive)
    i.CAN_Transmit                           0x0800053a   Section        0  stm32f10x_can.o(i.CAN_Transmit)
    i.CAN_TransmitStatus                     0x08000660   Section        0  stm32f10x_can.o(i.CAN_TransmitStatus)
    i.CRC32_Calculate                        0x08000700   Section        0  crc32.o(i.CRC32_Calculate)
    i.DebugMon_Handler                       0x0800075c   Section        0  stm32f10x_it.o(i.DebugMon_Handler)
    i.Delay_ms                               0x0800075e   Section        0  delay.o(i.Delay_ms)
    i.Delay_us                               0x08000776   Section        0  delay.o(i.Delay_us)
    i.FLASH_ErasePage                        0x080007a4   Section        0  stm32f10x_flash.o(i.FLASH_ErasePage)
    i.FLASH_GetBank1Status                   0x080007f0   Section        0  stm32f10x_flash.o(i.FLASH_GetBank1Status)
    i.FLASH_Lock                             0x08000824   Section        0  stm32f10x_flash.o(i.FLASH_Lock)
    i.FLASH_ProgramHalfWord                  0x08000838   Section        0  stm32f10x_flash.o(i.FLASH_ProgramHalfWord)
    i.FLASH_ProgramWord                      0x08000878   Section        0  stm32f10x_flash.o(i.FLASH_ProgramWord)
    i.FLASH_Unlock                           0x080008e4   Section        0  stm32f10x_flash.o(i.FLASH_Unlock)
    i.FLASH_WaitForLastOperation             0x080008fc   Section        0  stm32f10x_flash.o(i.FLASH_WaitForLastOperation)
    i.FlashDrv_ErasePage                     0x08000924   Section        0  flash.o(i.FlashDrv_ErasePage)
    i.FlashDrv_Lock                          0x08000950   Section        0  flash.o(i.FlashDrv_Lock)
    i.FlashDrv_ReadDID                       0x0800095c   Section        0  flash.o(i.FlashDrv_ReadDID)
    i.FlashDrv_Unlock                        0x080009b4   Section        0  flash.o(i.FlashDrv_Unlock)
    i.FlashDrv_WriteDID                      0x080009c0   Section        0  flash.o(i.FlashDrv_WriteDID)
    i.GPIO_Init                              0x08000a80   Section        0  stm32f10x_gpio.o(i.GPIO_Init)
    i.HardFault_Handler                      0x08000b96   Section        0  stm32f10x_it.o(i.HardFault_Handler)
    i.InitCanTxMsg                           0x08000b9a   Section        0  mycan.o(i.InitCanTxMsg)
    i.MemManage_Handler                      0x08000bce   Section        0  stm32f10x_it.o(i.MemManage_Handler)
    i.MyCAN_Init                             0x08000bd4   Section        0  mycan.o(i.MyCAN_Init)
    i.MyCAN_Receive                          0x08000ca0   Section        0  mycan.o(i.MyCAN_Receive)
    i.MyCAN_ReceiveFlag                      0x08000cb4   Section        0  mycan.o(i.MyCAN_ReceiveFlag)
    i.MyCAN_Transmit                         0x08000cd0   Section        0  mycan.o(i.MyCAN_Transmit)
    i.MyFlash_ErasePage                      0x08000d04   Section        0  myflash.o(i.MyFlash_ErasePage)
    i.MyFlash_ProgramHalfWord                0x08000d18   Section        0  myflash.o(i.MyFlash_ProgramHalfWord)
    i.MyFlash_ProgramWord                    0x08000d30   Section        0  myflash.o(i.MyFlash_ProgramWord)
    i.MyFlash_ReadHalfWord                   0x08000d48   Section        0  myflash.o(i.MyFlash_ReadHalfWord)
    i.MyFlash_ReadWord                       0x08000d4e   Section        0  myflash.o(i.MyFlash_ReadWord)
    i.NMI_Handler                            0x08000d54   Section        0  stm32f10x_it.o(i.NMI_Handler)
    i.NVIC_Init                              0x08000d58   Section        0  misc.o(i.NVIC_Init)
    i.NVIC_PriorityGroupConfig               0x08000dc8   Section        0  misc.o(i.NVIC_PriorityGroupConfig)
    i.NVIC_SystemReset                       0x08000ddc   Section        0  sid11_ecureset.o(i.NVIC_SystemReset)
    NVIC_SystemReset                         0x08000ddd   Thumb Code    26  sid11_ecureset.o(i.NVIC_SystemReset)
    i.PendSV_Handler                         0x08000e00   Section        0  stm32f10x_it.o(i.PendSV_Handler)
    i.RCC_APB1PeriphClockCmd                 0x08000e04   Section        0  stm32f10x_rcc.o(i.RCC_APB1PeriphClockCmd)
    i.RCC_APB1PeriphResetCmd                 0x08000e24   Section        0  stm32f10x_rcc.o(i.RCC_APB1PeriphResetCmd)
    i.RCC_APB2PeriphClockCmd                 0x08000e44   Section        0  stm32f10x_rcc.o(i.RCC_APB2PeriphClockCmd)
    i.RCC_APB2PeriphResetCmd                 0x08000e64   Section        0  stm32f10x_rcc.o(i.RCC_APB2PeriphResetCmd)
    i.RCC_GetClocksFreq                      0x08000e84   Section        0  stm32f10x_rcc.o(i.RCC_GetClocksFreq)
    i.SVC_Handler                            0x08000f58   Section        0  stm32f10x_it.o(i.SVC_Handler)
    i.SetSysClock                            0x08000f5a   Section        0  system_stm32f10x.o(i.SetSysClock)
    SetSysClock                              0x08000f5b   Thumb Code     8  system_stm32f10x.o(i.SetSysClock)
    i.SetSysClockTo72                        0x08000f64   Section        0  system_stm32f10x.o(i.SetSysClockTo72)
    SetSysClockTo72                          0x08000f65   Thumb Code   214  system_stm32f10x.o(i.SetSysClockTo72)
    i.Store_Init                             0x08001044   Section        0  store.o(i.Store_Init)
    i.Store_Save                             0x0800108c   Section        0  store.o(i.Store_Save)
    i.SysTick_Handler                        0x080010bc   Section        0  systick.o(i.SysTick_Handler)
    i.SystemInit                             0x080010d4   Section        0  system_stm32f10x.o(i.SystemInit)
    i.TIM2_IRQHandler                        0x08001134   Section        0  main.o(i.TIM2_IRQHandler)
    i.TIM_ClearFlag                          0x08001150   Section        0  stm32f10x_tim.o(i.TIM_ClearFlag)
    i.TIM_ClearITPendingBit                  0x08001156   Section        0  stm32f10x_tim.o(i.TIM_ClearITPendingBit)
    i.TIM_Cmd                                0x0800115c   Section        0  stm32f10x_tim.o(i.TIM_Cmd)
    i.TIM_GetITStatus                        0x08001174   Section        0  stm32f10x_tim.o(i.TIM_GetITStatus)
    i.TIM_ITConfig                           0x08001196   Section        0  stm32f10x_tim.o(i.TIM_ITConfig)
    i.TIM_InternalClockConfig                0x080011a8   Section        0  stm32f10x_tim.o(i.TIM_InternalClockConfig)
    i.TIM_TimeBaseInit                       0x080011b4   Section        0  stm32f10x_tim.o(i.TIM_TimeBaseInit)
    i.Timer_Init                             0x08001258   Section        0  timer.o(i.Timer_Init)
    i.USART1_IRQHandler                      0x080012d8   Section        0  usart.o(i.USART1_IRQHandler)
    i.USART_ClearITPendingBit                0x0800138c   Section        0  stm32f10x_usart.o(i.USART_ClearITPendingBit)
    i.USART_Cmd                              0x080013aa   Section        0  stm32f10x_usart.o(i.USART_Cmd)
    i.USART_DeInit                           0x080013c4   Section        0  stm32f10x_usart.o(i.USART_DeInit)
    i.USART_GetITStatus                      0x08001460   Section        0  stm32f10x_usart.o(i.USART_GetITStatus)
    i.USART_ITConfig                         0x080014b4   Section        0  stm32f10x_usart.o(i.USART_ITConfig)
    i.USART_Init                             0x08001500   Section        0  stm32f10x_usart.o(i.USART_Init)
    i.USART_ReceiveData                      0x080015d8   Section        0  stm32f10x_usart.o(i.USART_ReceiveData)
    i.USARTx_Conf                            0x080015e4   Section        0  usart.o(i.USARTx_Conf)
    i.UsageFault_Handler                     0x080016a8   Section        0  stm32f10x_it.o(i.UsageFault_Handler)
    i.__scatterload_copy                     0x080016ac   Section       14  handlers.o(i.__scatterload_copy)
    i.__scatterload_null                     0x080016ba   Section        2  handlers.o(i.__scatterload_null)
    i.__scatterload_zeroinit                 0x080016bc   Section       14  handlers.o(i.__scatterload_zeroinit)
    i.check_app_valid                        0x080016cc   Section        0  main.o(i.check_app_valid)
    check_app_valid                          0x080016cd   Thumb Code    18  main.o(i.check_app_valid)
    i.check_bl_mode                          0x080016e4   Section        0  main.o(i.check_bl_mode)
    check_bl_mode                            0x080016e5   Thumb Code    26  main.o(i.check_bl_mode)
    i.clear_network                          0x08001704   Section        0  uds_tp.o(i.clear_network)
    clear_network                            0x08001705   Thumb Code    52  uds_tp.o(i.clear_network)
    i.get_current_sa_lv                      0x08001754   Section        0  sid27_securityaccess.o(i.get_current_sa_lv)
    i.get_current_session                    0x08001760   Section        0  sid10_sessioncontrol.o(i.get_current_session)
    i.main                                   0x0800176c   Section        0  main.o(i.main)
    i.network_reg                            0x080017e4   Section        0  uds_tp.o(i.network_reg)
    i.network_send_udsmsg                    0x08001810   Section        0  uds_tp.o(i.network_send_udsmsg)
    i.network_task                           0x08001848   Section        0  uds_tp.o(i.network_task)
    i.nt_timer_chk                           0x08001938   Section        0  uds_tp.o(i.nt_timer_chk)
    nt_timer_chk                             0x08001939   Thumb Code    42  uds_tp.o(i.nt_timer_chk)
    i.nt_timer_run                           0x08001968   Section        0  uds_tp.o(i.nt_timer_run)
    nt_timer_run                             0x08001969   Thumb Code    62  uds_tp.o(i.nt_timer_run)
    i.nt_timer_start                         0x080019ac   Section        0  uds_tp.o(i.nt_timer_start)
    nt_timer_start                           0x080019ad   Thumb Code    46  uds_tp.o(i.nt_timer_start)
    i.nt_timer_start_wv                      0x080019e4   Section        0  uds_tp.o(i.nt_timer_start_wv)
    nt_timer_start_wv                        0x080019e5   Thumb Code    16  uds_tp.o(i.nt_timer_start_wv)
    i.nt_timer_stop                          0x080019f8   Section        0  uds_tp.o(i.nt_timer_stop)
    nt_timer_stop                            0x080019f9   Thumb Code    18  uds_tp.o(i.nt_timer_stop)
    i.recv_consecutiveframe                  0x08001a10   Section        0  uds_tp.o(i.recv_consecutiveframe)
    recv_consecutiveframe                    0x08001a11   Thumb Code   180  uds_tp.o(i.recv_consecutiveframe)
    i.recv_firstframe                        0x08001adc   Section        0  uds_tp.o(i.recv_firstframe)
    recv_firstframe                          0x08001add   Thumb Code   128  uds_tp.o(i.recv_firstframe)
    i.recv_flowcontrolframe                  0x08001b78   Section        0  uds_tp.o(i.recv_flowcontrolframe)
    recv_flowcontrolframe                    0x08001b79   Thumb Code   162  uds_tp.o(i.recv_flowcontrolframe)
    i.recv_singleframe                       0x08001c34   Section        0  uds_tp.o(i.recv_singleframe)
    recv_singleframe                         0x08001c35   Thumb Code    64  uds_tp.o(i.recv_singleframe)
    i.rsp_or_skip                            0x08001c7c   Section        0  sid31_routinecontrol.o(i.rsp_or_skip)
    rsp_or_skip                              0x08001c7d   Thumb Code    24  sid31_routinecontrol.o(i.rsp_or_skip)
    i.send_consecutiveframe                  0x08001c98   Section        0  uds_tp.o(i.send_consecutiveframe)
    send_consecutiveframe                    0x08001c99   Thumb Code    92  uds_tp.o(i.send_consecutiveframe)
    i.send_firstframe                        0x08001cf4   Section        0  uds_tp.o(i.send_firstframe)
    send_firstframe                          0x08001cf5   Thumb Code    88  uds_tp.o(i.send_firstframe)
    i.send_flowcontrol                       0x08001d50   Section        0  uds_tp.o(i.send_flowcontrol)
    send_flowcontrol                         0x08001d51   Thumb Code    64  uds_tp.o(i.send_flowcontrol)
    i.send_multipleframe                     0x08001d90   Section        0  uds_tp.o(i.send_multipleframe)
    send_multipleframe                       0x08001d91   Thumb Code    72  uds_tp.o(i.send_multipleframe)
    i.send_singleframe                       0x08001de8   Section        0  uds_tp.o(i.send_singleframe)
    send_singleframe                         0x08001de9   Thumb Code    84  uds_tp.o(i.send_singleframe)
    i.service_10_SessionControl              0x08001e3c   Section        0  sid10_sessioncontrol.o(i.service_10_SessionControl)
    i.service_10_check_len                   0x08001ef4   Section        0  sid10_sessioncontrol.o(i.service_10_check_len)
    i.service_11_EcuReset                    0x08001f00   Section        0  sid11_ecureset.o(i.service_11_EcuReset)
    i.service_11_check_len                   0x08001f7a   Section        0  sid11_ecureset.o(i.service_11_check_len)
    i.service_14_ClearDiagnosticInformation  0x08001f86   Section        0  sid14_cleardiagnosticinformation.o(i.service_14_ClearDiagnosticInformation)
    i.service_14_check_len                   0x08001fc2   Section        0  sid14_cleardiagnosticinformation.o(i.service_14_check_len)
    i.service_19_ReadDTCInformation          0x08001fce   Section        0  sid19_readdtcinformation.o(i.service_19_ReadDTCInformation)
    i.service_19_check_len                   0x0800201c   Section        0  sid19_readdtcinformation.o(i.service_19_check_len)
    i.service_22_ReadDataByIdentifier        0x08002022   Section        0  sid22_readdatabyidentifier.o(i.service_22_ReadDataByIdentifier)
    i.service_22_check_len                   0x08002258   Section        0  sid22_readdatabyidentifier.o(i.service_22_check_len)
    i.service_27_SecurityAccess              0x08002268   Section        0  sid27_securityaccess.o(i.service_27_SecurityAccess)
    i.service_27_check_len                   0x080023fc   Section        0  sid27_securityaccess.o(i.service_27_check_len)
    i.service_28_CommunicationControl        0x0800242c   Section        0  sid28_communicationcontrol.o(i.service_28_CommunicationControl)
    i.service_28_check_len                   0x080024c4   Section        0  sid28_communicationcontrol.o(i.service_28_check_len)
    i.service_2E_WriteDataByIdentifier       0x080024d0   Section        0  sid2e_writedatabyidentifier.o(i.service_2E_WriteDataByIdentifier)
    i.service_2E_check_len                   0x080025c0   Section        0  sid2e_writedatabyidentifier.o(i.service_2E_check_len)
    i.service_31_RoutineControl              0x080025cc   Section        0  sid31_routinecontrol.o(i.service_31_RoutineControl)
    i.service_31_check_len                   0x080026f4   Section        0  sid31_routinecontrol.o(i.service_31_check_len)
    i.service_34_RequestDownload             0x08002720   Section        0  sid34_requestdownload.o(i.service_34_RequestDownload)
    i.service_34_check_len                   0x080027d0   Section        0  sid34_requestdownload.o(i.service_34_check_len)
    i.service_36_TransferData                0x080027dc   Section        0  sid36_transferdata.o(i.service_36_TransferData)
    i.service_36_check_len                   0x08002844   Section        0  sid36_transferdata.o(i.service_36_check_len)
    i.service_37_RequestTransferExit         0x0800284c   Section        0  sid37_requesttransferexit.o(i.service_37_RequestTransferExit)
    i.service_37_check_len                   0x080028b4   Section        0  sid37_requesttransferexit.o(i.service_37_check_len)
    i.service_3E_TesterPresent               0x080028bc   Section        0  sid3e_testerpresent.o(i.service_3E_TesterPresent)
    i.service_3E_check_len                   0x080028f4   Section        0  sid3e_testerpresent.o(i.service_3E_check_len)
    i.service_85_ControlDTCSetting           0x08002900   Section        0  sid85_controldtcsetting.o(i.service_85_ControlDTCSetting)
    i.service_85_check_len                   0x0800295c   Section        0  sid85_controldtcsetting.o(i.service_85_check_len)
    i.service_init                           0x08002968   Section        0  uds_service.o(i.service_init)
    i.service_task                           0x08002994   Section        0  uds_service.o(i.service_task)
    i.set_current_sa_lv                      0x080029c4   Section        0  sid27_securityaccess.o(i.set_current_sa_lv)
    i.set_current_session                    0x080029d0   Section        0  sid10_sessioncontrol.o(i.set_current_session)
    i.start_0202                             0x080029dc   Section        0  sid31_routinecontrol.o(i.start_0202)
    start_0202                               0x080029dd   Thumb Code    70  sid31_routinecontrol.o(i.start_0202)
    i.start_0203                             0x08002a34   Section        0  sid31_routinecontrol.o(i.start_0203)
    start_0203                               0x08002a35   Thumb Code    24  sid31_routinecontrol.o(i.start_0203)
    i.start_0204                             0x08002a54   Section        0  sid31_routinecontrol.o(i.start_0204)
    start_0204                               0x08002a55   Thumb Code     2  sid31_routinecontrol.o(i.start_0204)
    i.start_DD02                             0x08002a58   Section        0  sid31_routinecontrol.o(i.start_DD02)
    start_DD02                               0x08002a59   Thumb Code    24  sid31_routinecontrol.o(i.start_DD02)
    i.start_DFE0                             0x08002a78   Section        0  sid31_routinecontrol.o(i.start_DFE0)
    start_DFE0                               0x08002a79   Thumb Code     2  sid31_routinecontrol.o(i.start_DFE0)
    i.start_FF00                             0x08002a7c   Section        0  sid31_routinecontrol.o(i.start_FF00)
    start_FF00                               0x08002a7d   Thumb Code   136  sid31_routinecontrol.o(i.start_FF00)
    i.start_FF01                             0x08002b10   Section        0  sid31_routinecontrol.o(i.start_FF01)
    start_FF01                               0x08002b11   Thumb Code     2  sid31_routinecontrol.o(i.start_FF01)
    i.stop_NONE                              0x08002b12   Section        0  sid31_routinecontrol.o(i.stop_NONE)
    stop_NONE                                0x08002b13   Thumb Code     2  sid31_routinecontrol.o(i.stop_NONE)
    i.uds_1ms_task                           0x08002b14   Section        0  uds_port.o(i.uds_1ms_task)
    i.uds_compute_key                        0x08002b20   Section        0  sid27_securityaccess.o(i.uds_compute_key)
    i.uds_data_confirm                       0x08002b6c   Section        0  uds_service.o(i.uds_data_confirm)
    uds_data_confirm                         0x08002b6d   Thumb Code    12  uds_service.o(i.uds_data_confirm)
    i.uds_data_indication                    0x08002b78   Section        0  uds_service.o(i.uds_data_indication)
    uds_data_indication                      0x08002b79   Thumb Code   294  uds_service.o(i.uds_data_indication)
    i.uds_dataff_indication                  0x08002cac   Section        0  uds_service.o(i.uds_dataff_indication)
    uds_dataff_indication                    0x08002cad   Thumb Code    12  uds_service.o(i.uds_dataff_indication)
    i.uds_init                               0x08002cb8   Section        0  uds_port.o(i.uds_init)
    i.uds_negative_rsp                       0x08002cc0   Section        0  uds_service.o(i.uds_negative_rsp)
    i.uds_no_response                        0x08002d18   Section        0  uds_service.o(i.uds_no_response)
    uds_no_response                          0x08002d19   Thumb Code     2  uds_service.o(i.uds_no_response)
    i.uds_positive_rsp                       0x08002d1c   Section        0  uds_service.o(i.uds_positive_rsp)
    i.uds_recv_frame                         0x08002d44   Section        0  uds_port.o(i.uds_recv_frame)
    i.uds_send_frame                         0x08002d74   Section        0  uds_port.o(i.uds_send_frame)
    i.uds_timer_chk                          0x08002d94   Section        0  uds_service.o(i.uds_timer_chk)
    i.uds_timer_run                          0x08002db4   Section        0  uds_service.o(i.uds_timer_run)
    uds_timer_run                            0x08002db5   Thumb Code    62  uds_service.o(i.uds_timer_run)
    i.uds_timer_start                        0x08002df8   Section        0  uds_service.o(i.uds_timer_start)
    i.uds_timer_stop                         0x08002e1c   Section        0  uds_service.o(i.uds_timer_stop)
    uds_timer_stop                           0x08002e1d   Thumb Code    18  uds_service.o(i.uds_timer_stop)
    i.uds_tp_recv_frame                      0x08002e34   Section        0  uds_tp.o(i.uds_tp_recv_frame)
    .constdata                               0x08002f44   Section     1024  crc32.o(.constdata)
    crc32_table                              0x08002f44   Data        1024  crc32.o(.constdata)
    .constdata                               0x08003344   Section      320  service_cfg.o(.constdata)
    .constdata                               0x08003484   Section       16  sid27_securityaccess.o(.constdata)
    fixed_seed                               0x08003484   Data          16  sid27_securityaccess.o(.constdata)
    .data                                    0x20000000   Section       20  stm32f10x_rcc.o(.data)
    APBAHBPrescTable                         0x20000000   Data          16  stm32f10x_rcc.o(.data)
    ADCPrescTable                            0x20000010   Data           4  stm32f10x_rcc.o(.data)
    .data                                    0x20000014   Section        8  main.o(.data)
    .data                                    0x2000001c   Section       12  usart.o(.data)
    RxState                                  0x20000026   Data           1  usart.o(.data)
    pRxPacket                                0x20000027   Data           1  usart.o(.data)
    .data                                    0x20000028   Section        8  systick.o(.data)
    g_sysRunTime                             0x20000028   Data           8  systick.o(.data)
    .data                                    0x20000030   Section        9  uds_service.o(.data)
    uds_timer                                0x20000030   Data           8  uds_service.o(.data)
    ssp_flg                                  0x20000038   Data           1  uds_service.o(.data)
    .data                                    0x2000003a   Section       27  uds_tp.o(.data)
    nwl_st                                   0x2000003a   Data           1  uds_tp.o(.data)
    g_wait_cf                                0x2000003b   Data           1  uds_tp.o(.data)
    g_wait_fc                                0x2000003c   Data           1  uds_tp.o(.data)
    g_rfc_stmin                              0x2000003d   Data           1  uds_tp.o(.data)
    g_rfc_bs                                 0x2000003e   Data           1  uds_tp.o(.data)
    g_xcf_bc                                 0x2000003f   Data           1  uds_tp.o(.data)
    g_xcf_sn                                 0x20000040   Data           1  uds_tp.o(.data)
    g_rcf_bc                                 0x20000041   Data           1  uds_tp.o(.data)
    g_rcf_sn                                 0x20000042   Data           1  uds_tp.o(.data)
    remain_len                               0x20000044   Data           2  uds_tp.o(.data)
    remain_pos                               0x20000046   Data           2  uds_tp.o(.data)
    recv_buf_sf                              0x20000048   Data           8  uds_tp.o(.data)
    recv_fdl                                 0x20000050   Data           2  uds_tp.o(.data)
    recv_len                                 0x20000052   Data           2  uds_tp.o(.data)
    .data                                    0x20000055   Section        1  sid10_sessioncontrol.o(.data)
    uds_session                              0x20000055   Data           1  sid10_sessioncontrol.o(.data)
    .data                                    0x20000058   Section        8  sid27_securityaccess.o(.data)
    req_seed                                 0x20000058   Data           1  sid27_securityaccess.o(.data)
    req_subfunc                              0x20000059   Data           1  sid27_securityaccess.o(.data)
    curr_sa                                  0x2000005a   Data           1  sid27_securityaccess.o(.data)
    cnt                                      0x2000005c   Data           4  sid27_securityaccess.o(.data)
    .data                                    0x20000060   Section        2  sid28_communicationcontrol.o(.data)
    .data                                    0x20000064   Section      116  sid31_routinecontrol.o(.data)
    g_start_ok                               0x20000064   Data           1  sid31_routinecontrol.o(.data)
    rtctrl_list                              0x20000068   Data         112  sid31_routinecontrol.o(.data)
    .data                                    0x200000d8   Section       12  sid34_requestdownload.o(.data)
    .data                                    0x200000e4   Section        1  sid85_controldtcsetting.o(.data)
    .bss                                     0x200000e8   Section       20  main.o(.bss)
    .bss                                     0x200000fc   Section      100  usart.o(.bss)
    .bss                                     0x20000160   Section     1024  store.o(.bss)
    .bss                                     0x20000560   Section       20  uds_port.o(.bss)
    .bss                                     0x20000574   Section     2200  uds_tp.o(.bss)
    nt_timer                                 0x20000574   Data          12  uds_tp.o(.bss)
    remain_buf                               0x20000580   Data         128  uds_tp.o(.bss)
    recv_buf                                 0x20000600   Data        2048  uds_tp.o(.bss)
    N_USData                                 0x20000e00   Data          12  uds_tp.o(.bss)
    .bss                                     0x20000e0c   Section       16  sid27_securityaccess.o(.bss)
    org_seed_buf                             0x20000e0c   Data          16  sid27_securityaccess.o(.bss)
    STACK                                    0x20000e20   Section     2048  startup_stm32f10x_md.o(STACK)

    Global Symbols

    Symbol Name                              Value     Ov Type        Size  Object(Section)

    BuildAttributes$$THM_ISAv4$P$D$K$B$S$PE$A:L22UL41UL21$X:L11$S22US41US21$IEEE1$IW$USESV6$~STKCKD$USESV7$~SHL$OSPACE$ROPI$EBA8$MICROLIB$REQ8$PRES8$EABIv2 0x00000000   Number         0  anon$$obj.o ABSOLUTE
    __ARM_use_no_argv                        0x00000000   Number         0  main.o ABSOLUTE
    _printf_a                                0x00000000   Number         0  stubs.o ABSOLUTE
    _printf_c                                0x00000000   Number         0  stubs.o ABSOLUTE
    _printf_charcount                        0x00000000   Number         0  stubs.o ABSOLUTE
    _printf_d                                0x00000000   Number         0  stubs.o ABSOLUTE
    _printf_e                                0x00000000   Number         0  stubs.o ABSOLUTE
    _printf_f                                0x00000000   Number         0  stubs.o ABSOLUTE
    _printf_flags                            0x00000000   Number         0  stubs.o ABSOLUTE
    _printf_fp_dec                           0x00000000   Number         0  stubs.o ABSOLUTE
    _printf_fp_hex                           0x00000000   Number         0  stubs.o ABSOLUTE
    _printf_g                                0x00000000   Number         0  stubs.o ABSOLUTE
    _printf_i                                0x00000000   Number         0  stubs.o ABSOLUTE
    _printf_int_dec                          0x00000000   Number         0  stubs.o ABSOLUTE
    _printf_l                                0x00000000   Number         0  stubs.o ABSOLUTE
    _printf_lc                               0x00000000   Number         0  stubs.o ABSOLUTE
    _printf_ll                               0x00000000   Number         0  stubs.o ABSOLUTE
    _printf_lld                              0x00000000   Number         0  stubs.o ABSOLUTE
    _printf_lli                              0x00000000   Number         0  stubs.o ABSOLUTE
    _printf_llo                              0x00000000   Number         0  stubs.o ABSOLUTE
    _printf_llu                              0x00000000   Number         0  stubs.o ABSOLUTE
    _printf_llx                              0x00000000   Number         0  stubs.o ABSOLUTE
    _printf_longlong_dec                     0x00000000   Number         0  stubs.o ABSOLUTE
    _printf_longlong_hex                     0x00000000   Number         0  stubs.o ABSOLUTE
    _printf_longlong_oct                     0x00000000   Number         0  stubs.o ABSOLUTE
    _printf_ls                               0x00000000   Number         0  stubs.o ABSOLUTE
    _printf_mbtowc                           0x00000000   Number         0  stubs.o ABSOLUTE
    _printf_n                                0x00000000   Number         0  stubs.o ABSOLUTE
    _printf_o                                0x00000000   Number         0  stubs.o ABSOLUTE
    _printf_p                                0x00000000   Number         0  stubs.o ABSOLUTE
    _printf_percent                          0x00000000   Number         0  stubs.o ABSOLUTE
    _printf_pre_padding                      0x00000000   Number         0  stubs.o ABSOLUTE
    _printf_return_value                     0x00000000   Number         0  stubs.o ABSOLUTE
    _printf_s                                0x00000000   Number         0  stubs.o ABSOLUTE
    _printf_sizespec                         0x00000000   Number         0  stubs.o ABSOLUTE
    _printf_str                              0x00000000   Number         0  stubs.o ABSOLUTE
    _printf_truncate_signed                  0x00000000   Number         0  stubs.o ABSOLUTE
    _printf_truncate_unsigned                0x00000000   Number         0  stubs.o ABSOLUTE
    _printf_u                                0x00000000   Number         0  stubs.o ABSOLUTE
    _printf_wc                               0x00000000   Number         0  stubs.o ABSOLUTE
    _printf_wctomb                           0x00000000   Number         0  stubs.o ABSOLUTE
    _printf_widthprec                        0x00000000   Number         0  stubs.o ABSOLUTE
    _printf_x                                0x00000000   Number         0  stubs.o ABSOLUTE
    __cpp_initialize__aeabi_                  - Undefined Weak Reference
    __cxa_finalize                            - Undefined Weak Reference
    __decompress                              - Undefined Weak Reference
    _clock_init                               - Undefined Weak Reference
    _microlib_exit                            - Undefined Weak Reference
    __Vectors_Size                           0x000000ec   Number         0  startup_stm32f10x_md.o ABSOLUTE
    __Vectors                                0x08000000   Data           4  startup_stm32f10x_md.o(RESET)
    __Vectors_End                            0x080000ec   Data           0  startup_stm32f10x_md.o(RESET)
    __main                                   0x080000ed   Thumb Code     0  entry.o(.ARM.Collect$$$$00000000)
    _main_stk                                0x080000ed   Thumb Code     0  entry2.o(.ARM.Collect$$$$00000001)
    _main_scatterload                        0x080000f1   Thumb Code     0  entry5.o(.ARM.Collect$$$$00000004)
    __main_after_scatterload                 0x080000f5   Thumb Code     0  entry5.o(.ARM.Collect$$$$00000004)
    _main_clock                              0x080000f5   Thumb Code     0  entry7b.o(.ARM.Collect$$$$00000008)
    _main_cpp_init                           0x080000f5   Thumb Code     0  entry8b.o(.ARM.Collect$$$$0000000A)
    _main_init                               0x080000f5   Thumb Code     0  entry9a.o(.ARM.Collect$$$$0000000B)
    __rt_final_cpp                           0x080000fd   Thumb Code     0  entry10a.o(.ARM.Collect$$$$0000000D)
    __rt_final_exit                          0x080000fd   Thumb Code     0  entry11a.o(.ARM.Collect$$$$0000000F)
    __get_PSP                                0x08000101   Thumb Code     6  core_cm3.o(.emb_text)
    __set_PSP                                0x08000107   Thumb Code     6  core_cm3.o(.emb_text)
    __get_MSP                                0x0800010d   Thumb Code     6  core_cm3.o(.emb_text)
    __set_MSP                                0x08000113   Thumb Code     6  core_cm3.o(.emb_text)
    __REV16                                  0x08000119   Thumb Code     4  core_cm3.o(.emb_text)
    __REVSH                                  0x0800011d   Thumb Code     4  core_cm3.o(.emb_text)
    Reset_Handler                            0x08000121   Thumb Code     8  startup_stm32f10x_md.o(.text)
    ADC1_2_IRQHandler                        0x0800013b   Thumb Code     0  startup_stm32f10x_md.o(.text)
    CAN1_RX1_IRQHandler                      0x0800013b   Thumb Code     0  startup_stm32f10x_md.o(.text)
    CAN1_SCE_IRQHandler                      0x0800013b   Thumb Code     0  startup_stm32f10x_md.o(.text)
    DMA1_Channel1_IRQHandler                 0x0800013b   Thumb Code     0  startup_stm32f10x_md.o(.text)
    DMA1_Channel2_IRQHandler                 0x0800013b   Thumb Code     0  startup_stm32f10x_md.o(.text)
    DMA1_Channel3_IRQHandler                 0x0800013b   Thumb Code     0  startup_stm32f10x_md.o(.text)
    DMA1_Channel4_IRQHandler                 0x0800013b   Thumb Code     0  startup_stm32f10x_md.o(.text)
    DMA1_Channel5_IRQHandler                 0x0800013b   Thumb Code     0  startup_stm32f10x_md.o(.text)
    DMA1_Channel6_IRQHandler                 0x0800013b   Thumb Code     0  startup_stm32f10x_md.o(.text)
    DMA1_Channel7_IRQHandler                 0x0800013b   Thumb Code     0  startup_stm32f10x_md.o(.text)
    EXTI0_IRQHandler                         0x0800013b   Thumb Code     0  startup_stm32f10x_md.o(.text)
    EXTI15_10_IRQHandler                     0x0800013b   Thumb Code     0  startup_stm32f10x_md.o(.text)
    EXTI1_IRQHandler                         0x0800013b   Thumb Code     0  startup_stm32f10x_md.o(.text)
    EXTI2_IRQHandler                         0x0800013b   Thumb Code     0  startup_stm32f10x_md.o(.text)
    EXTI3_IRQHandler                         0x0800013b   Thumb Code     0  startup_stm32f10x_md.o(.text)
    EXTI4_IRQHandler                         0x0800013b   Thumb Code     0  startup_stm32f10x_md.o(.text)
    EXTI9_5_IRQHandler                       0x0800013b   Thumb Code     0  startup_stm32f10x_md.o(.text)
    FLASH_IRQHandler                         0x0800013b   Thumb Code     0  startup_stm32f10x_md.o(.text)
    I2C1_ER_IRQHandler                       0x0800013b   Thumb Code     0  startup_stm32f10x_md.o(.text)
    I2C1_EV_IRQHandler                       0x0800013b   Thumb Code     0  startup_stm32f10x_md.o(.text)
    I2C2_ER_IRQHandler                       0x0800013b   Thumb Code     0  startup_stm32f10x_md.o(.text)
    I2C2_EV_IRQHandler                       0x0800013b   Thumb Code     0  startup_stm32f10x_md.o(.text)
    PVD_IRQHandler                           0x0800013b   Thumb Code     0  startup_stm32f10x_md.o(.text)
    RCC_IRQHandler                           0x0800013b   Thumb Code     0  startup_stm32f10x_md.o(.text)
    RTCAlarm_IRQHandler                      0x0800013b   Thumb Code     0  startup_stm32f10x_md.o(.text)
    RTC_IRQHandler                           0x0800013b   Thumb Code     0  startup_stm32f10x_md.o(.text)
    SPI1_IRQHandler                          0x0800013b   Thumb Code     0  startup_stm32f10x_md.o(.text)
    SPI2_IRQHandler                          0x0800013b   Thumb Code     0  startup_stm32f10x_md.o(.text)
    TAMPER_IRQHandler                        0x0800013b   Thumb Code     0  startup_stm32f10x_md.o(.text)
    TIM1_BRK_IRQHandler                      0x0800013b   Thumb Code     0  startup_stm32f10x_md.o(.text)
    TIM1_CC_IRQHandler                       0x0800013b   Thumb Code     0  startup_stm32f10x_md.o(.text)
    TIM1_TRG_COM_IRQHandler                  0x0800013b   Thumb Code     0  startup_stm32f10x_md.o(.text)
    TIM1_UP_IRQHandler                       0x0800013b   Thumb Code     0  startup_stm32f10x_md.o(.text)
    TIM3_IRQHandler                          0x0800013b   Thumb Code     0  startup_stm32f10x_md.o(.text)
    TIM4_IRQHandler                          0x0800013b   Thumb Code     0  startup_stm32f10x_md.o(.text)
    USART2_IRQHandler                        0x0800013b   Thumb Code     0  startup_stm32f10x_md.o(.text)
    USART3_IRQHandler                        0x0800013b   Thumb Code     0  startup_stm32f10x_md.o(.text)
    USBWakeUp_IRQHandler                     0x0800013b   Thumb Code     0  startup_stm32f10x_md.o(.text)
    USB_HP_CAN1_TX_IRQHandler                0x0800013b   Thumb Code     0  startup_stm32f10x_md.o(.text)
    USB_LP_CAN1_RX0_IRQHandler               0x0800013b   Thumb Code     0  startup_stm32f10x_md.o(.text)
    WWDG_IRQHandler                          0x0800013b   Thumb Code     0  startup_stm32f10x_md.o(.text)
    __aeabi_memcpy                           0x08000145   Thumb Code    36  memcpya.o(.text)
    __aeabi_memcpy4                          0x08000145   Thumb Code     0  memcpya.o(.text)
    __aeabi_memcpy8                          0x08000145   Thumb Code     0  memcpya.o(.text)
    __scatterload                            0x08000169   Thumb Code    28  init.o(.text)
    __scatterload_rt2                        0x08000169   Thumb Code     0  init.o(.text)
    BootJumpToApplication                    0x0800018d   Thumb Code    50  main.o(i.BootJumpToApplication)
    BusFault_Handler                         0x080001d5   Thumb Code     4  stm32f10x_it.o(i.BusFault_Handler)
    CAN_DeInit                               0x080001d9   Thumb Code    50  stm32f10x_can.o(i.CAN_DeInit)
    CAN_FilterInit                           0x08000211   Thumb Code   258  stm32f10x_can.o(i.CAN_FilterInit)
    CAN_Init                                 0x08000319   Thumb Code   276  stm32f10x_can.o(i.CAN_Init)
    CAN_MessagePending                       0x0800042d   Thumb Code    30  stm32f10x_can.o(i.CAN_MessagePending)
    CAN_Receive                              0x0800044b   Thumb Code   240  stm32f10x_can.o(i.CAN_Receive)
    CAN_Transmit                             0x0800053b   Thumb Code   294  stm32f10x_can.o(i.CAN_Transmit)
    CAN_TransmitStatus                       0x08000661   Thumb Code   138  stm32f10x_can.o(i.CAN_TransmitStatus)
    CRC32_Calculate                          0x08000701   Thumb Code    88  crc32.o(i.CRC32_Calculate)
    DebugMon_Handler                         0x0800075d   Thumb Code     2  stm32f10x_it.o(i.DebugMon_Handler)
    Delay_ms                                 0x0800075f   Thumb Code    24  delay.o(i.Delay_ms)
    Delay_us                                 0x08000777   Thumb Code    46  delay.o(i.Delay_us)
    FLASH_ErasePage                          0x080007a5   Thumb Code    72  stm32f10x_flash.o(i.FLASH_ErasePage)
    FLASH_GetBank1Status                     0x080007f1   Thumb Code    48  stm32f10x_flash.o(i.FLASH_GetBank1Status)
    FLASH_Lock                               0x08000825   Thumb Code    14  stm32f10x_flash.o(i.FLASH_Lock)
    FLASH_ProgramHalfWord                    0x08000839   Thumb Code    60  stm32f10x_flash.o(i.FLASH_ProgramHalfWord)
    FLASH_ProgramWord                        0x08000879   Thumb Code   102  stm32f10x_flash.o(i.FLASH_ProgramWord)
    FLASH_Unlock                             0x080008e5   Thumb Code    12  stm32f10x_flash.o(i.FLASH_Unlock)
    FLASH_WaitForLastOperation               0x080008fd   Thumb Code    38  stm32f10x_flash.o(i.FLASH_WaitForLastOperation)
    FlashDrv_ErasePage                       0x08000925   Thumb Code    40  flash.o(i.FlashDrv_ErasePage)
    FlashDrv_Lock                            0x08000951   Thumb Code    10  flash.o(i.FlashDrv_Lock)
    FlashDrv_ReadDID                         0x0800095d   Thumb Code    78  flash.o(i.FlashDrv_ReadDID)
    FlashDrv_Unlock                          0x080009b5   Thumb Code    10  flash.o(i.FlashDrv_Unlock)
    FlashDrv_WriteDID                        0x080009c1   Thumb Code   184  flash.o(i.FlashDrv_WriteDID)
    GPIO_Init                                0x08000a81   Thumb Code   278  stm32f10x_gpio.o(i.GPIO_Init)
    HardFault_Handler                        0x08000b97   Thumb Code     4  stm32f10x_it.o(i.HardFault_Handler)
    InitCanTxMsg                             0x08000b9b   Thumb Code    52  mycan.o(i.InitCanTxMsg)
    MemManage_Handler                        0x08000bcf   Thumb Code     4  stm32f10x_it.o(i.MemManage_Handler)
    MyCAN_Init                               0x08000bd5   Thumb Code   194  mycan.o(i.MyCAN_Init)
    MyCAN_Receive                            0x08000ca1   Thumb Code    16  mycan.o(i.MyCAN_Receive)
    MyCAN_ReceiveFlag                        0x08000cb5   Thumb Code    22  mycan.o(i.MyCAN_ReceiveFlag)
    MyCAN_Transmit                           0x08000cd1   Thumb Code    44  mycan.o(i.MyCAN_Transmit)
    MyFlash_ErasePage                        0x08000d05   Thumb Code    20  myflash.o(i.MyFlash_ErasePage)
    MyFlash_ProgramHalfWord                  0x08000d19   Thumb Code    24  myflash.o(i.MyFlash_ProgramHalfWord)
    MyFlash_ProgramWord                      0x08000d31   Thumb Code    24  myflash.o(i.MyFlash_ProgramWord)
    MyFlash_ReadHalfWord                     0x08000d49   Thumb Code     6  myflash.o(i.MyFlash_ReadHalfWord)
    MyFlash_ReadWord                         0x08000d4f   Thumb Code     6  myflash.o(i.MyFlash_ReadWord)
    NMI_Handler                              0x08000d55   Thumb Code     2  stm32f10x_it.o(i.NMI_Handler)
    NVIC_Init                                0x08000d59   Thumb Code   100  misc.o(i.NVIC_Init)
    NVIC_PriorityGroupConfig                 0x08000dc9   Thumb Code    10  misc.o(i.NVIC_PriorityGroupConfig)
    PendSV_Handler                           0x08000e01   Thumb Code     2  stm32f10x_it.o(i.PendSV_Handler)
    RCC_APB1PeriphClockCmd                   0x08000e05   Thumb Code    26  stm32f10x_rcc.o(i.RCC_APB1PeriphClockCmd)
    RCC_APB1PeriphResetCmd                   0x08000e25   Thumb Code    26  stm32f10x_rcc.o(i.RCC_APB1PeriphResetCmd)
    RCC_APB2PeriphClockCmd                   0x08000e45   Thumb Code    26  stm32f10x_rcc.o(i.RCC_APB2PeriphClockCmd)
    RCC_APB2PeriphResetCmd                   0x08000e65   Thumb Code    26  stm32f10x_rcc.o(i.RCC_APB2PeriphResetCmd)
    RCC_GetClocksFreq                        0x08000e85   Thumb Code   192  stm32f10x_rcc.o(i.RCC_GetClocksFreq)
    SVC_Handler                              0x08000f59   Thumb Code     2  stm32f10x_it.o(i.SVC_Handler)
    Store_Init                               0x08001045   Thumb Code    64  store.o(i.Store_Init)
    Store_Save                               0x0800108d   Thumb Code    40  store.o(i.Store_Save)
    SysTick_Handler                          0x080010bd   Thumb Code    20  systick.o(i.SysTick_Handler)
    SystemInit                               0x080010d5   Thumb Code    78  system_stm32f10x.o(i.SystemInit)
    TIM2_IRQHandler                          0x08001135   Thumb Code    28  main.o(i.TIM2_IRQHandler)
    TIM_ClearFlag                            0x08001151   Thumb Code     6  stm32f10x_tim.o(i.TIM_ClearFlag)
    TIM_ClearITPendingBit                    0x08001157   Thumb Code     6  stm32f10x_tim.o(i.TIM_ClearITPendingBit)
    TIM_Cmd                                  0x0800115d   Thumb Code    24  stm32f10x_tim.o(i.TIM_Cmd)
    TIM_GetITStatus                          0x08001175   Thumb Code    34  stm32f10x_tim.o(i.TIM_GetITStatus)
    TIM_ITConfig                             0x08001197   Thumb Code    18  stm32f10x_tim.o(i.TIM_ITConfig)
    TIM_InternalClockConfig                  0x080011a9   Thumb Code    12  stm32f10x_tim.o(i.TIM_InternalClockConfig)
    TIM_TimeBaseInit                         0x080011b5   Thumb Code   122  stm32f10x_tim.o(i.TIM_TimeBaseInit)
    Timer_Init                               0x08001259   Thumb Code   126  timer.o(i.Timer_Init)
    USART1_IRQHandler                        0x080012d9   Thumb Code   156  usart.o(i.USART1_IRQHandler)
    USART_ClearITPendingBit                  0x0800138d   Thumb Code    30  stm32f10x_usart.o(i.USART_ClearITPendingBit)
    USART_Cmd                                0x080013ab   Thumb Code    24  stm32f10x_usart.o(i.USART_Cmd)
    USART_DeInit                             0x080013c5   Thumb Code   134  stm32f10x_usart.o(i.USART_DeInit)
    USART_GetITStatus                        0x08001461   Thumb Code    84  stm32f10x_usart.o(i.USART_GetITStatus)
    USART_ITConfig                           0x080014b5   Thumb Code    74  stm32f10x_usart.o(i.USART_ITConfig)
    USART_Init                               0x08001501   Thumb Code   210  stm32f10x_usart.o(i.USART_Init)
    USART_ReceiveData                        0x080015d9   Thumb Code    10  stm32f10x_usart.o(i.USART_ReceiveData)
    USARTx_Conf                              0x080015e5   Thumb Code   186  usart.o(i.USARTx_Conf)
    UsageFault_Handler                       0x080016a9   Thumb Code     4  stm32f10x_it.o(i.UsageFault_Handler)
    __scatterload_copy                       0x080016ad   Thumb Code    14  handlers.o(i.__scatterload_copy)
    __scatterload_null                       0x080016bb   Thumb Code     2  handlers.o(i.__scatterload_null)
    __scatterload_zeroinit                   0x080016bd   Thumb Code    14  handlers.o(i.__scatterload_zeroinit)
    get_current_sa_lv                        0x08001755   Thumb Code     6  sid27_securityaccess.o(i.get_current_sa_lv)
    get_current_session                      0x08001761   Thumb Code     6  sid10_sessioncontrol.o(i.get_current_session)
    main                                     0x0800176d   Thumb Code   100  main.o(i.main)
    network_reg                              0x080017e5   Thumb Code    40  uds_tp.o(i.network_reg)
    network_send_udsmsg                      0x08001811   Thumb Code    52  uds_tp.o(i.network_send_udsmsg)
    network_task                             0x08001849   Thumb Code   198  uds_tp.o(i.network_task)
    service_10_SessionControl                0x08001e3d   Thumb Code   178  sid10_sessioncontrol.o(i.service_10_SessionControl)
    service_10_check_len                     0x08001ef5   Thumb Code    12  sid10_sessioncontrol.o(i.service_10_check_len)
    service_11_EcuReset                      0x08001f01   Thumb Code   122  sid11_ecureset.o(i.service_11_EcuReset)
    service_11_check_len                     0x08001f7b   Thumb Code    12  sid11_ecureset.o(i.service_11_check_len)
    service_14_ClearDiagnosticInformation    0x08001f87   Thumb Code    60  sid14_cleardiagnosticinformation.o(i.service_14_ClearDiagnosticInformation)
    service_14_check_len                     0x08001fc3   Thumb Code    12  sid14_cleardiagnosticinformation.o(i.service_14_check_len)
    service_19_ReadDTCInformation            0x08001fcf   Thumb Code    78  sid19_readdtcinformation.o(i.service_19_ReadDTCInformation)
    service_19_check_len                     0x0800201d   Thumb Code     6  sid19_readdtcinformation.o(i.service_19_check_len)
    service_22_ReadDataByIdentifier          0x08002023   Thumb Code   566  sid22_readdatabyidentifier.o(i.service_22_ReadDataByIdentifier)
    service_22_check_len                     0x08002259   Thumb Code    16  sid22_readdatabyidentifier.o(i.service_22_check_len)
    service_27_SecurityAccess                0x08002269   Thumb Code   384  sid27_securityaccess.o(i.service_27_SecurityAccess)
    service_27_check_len                     0x080023fd   Thumb Code    46  sid27_securityaccess.o(i.service_27_check_len)
    service_28_CommunicationControl          0x0800242d   Thumb Code   144  sid28_communicationcontrol.o(i.service_28_CommunicationControl)
    service_28_check_len                     0x080024c5   Thumb Code    12  sid28_communicationcontrol.o(i.service_28_check_len)
    service_2E_WriteDataByIdentifier         0x080024d1   Thumb Code   234  sid2e_writedatabyidentifier.o(i.service_2E_WriteDataByIdentifier)
    service_2E_check_len                     0x080025c1   Thumb Code    12  sid2e_writedatabyidentifier.o(i.service_2E_check_len)
    service_31_RoutineControl                0x080025cd   Thumb Code   288  sid31_routinecontrol.o(i.service_31_RoutineControl)
    service_31_check_len                     0x080026f5   Thumb Code    42  sid31_routinecontrol.o(i.service_31_check_len)
    service_34_RequestDownload               0x08002721   Thumb Code   150  sid34_requestdownload.o(i.service_34_RequestDownload)
    service_34_check_len                     0x080027d1   Thumb Code    12  sid34_requestdownload.o(i.service_34_check_len)
    service_36_TransferData                  0x080027dd   Thumb Code    96  sid36_transferdata.o(i.service_36_TransferData)
    service_36_check_len                     0x08002845   Thumb Code     8  sid36_transferdata.o(i.service_36_check_len)
    service_37_RequestTransferExit           0x0800284d   Thumb Code    90  sid37_requesttransferexit.o(i.service_37_RequestTransferExit)
    service_37_check_len                     0x080028b5   Thumb Code     8  sid37_requesttransferexit.o(i.service_37_check_len)
    service_3E_TesterPresent                 0x080028bd   Thumb Code    52  sid3e_testerpresent.o(i.service_3E_TesterPresent)
    service_3E_check_len                     0x080028f5   Thumb Code    12  sid3e_testerpresent.o(i.service_3E_check_len)
    service_85_ControlDTCSetting             0x08002901   Thumb Code    88  sid85_controldtcsetting.o(i.service_85_ControlDTCSetting)
    service_85_check_len                     0x0800295d   Thumb Code    12  sid85_controldtcsetting.o(i.service_85_check_len)
    service_init                             0x08002969   Thumb Code    30  uds_service.o(i.service_init)
    service_task                             0x08002995   Thumb Code    42  uds_service.o(i.service_task)
    set_current_sa_lv                        0x080029c5   Thumb Code     6  sid27_securityaccess.o(i.set_current_sa_lv)
    set_current_session                      0x080029d1   Thumb Code     6  sid10_sessioncontrol.o(i.set_current_session)
    uds_1ms_task                             0x08002b15   Thumb Code    12  uds_port.o(i.uds_1ms_task)
    uds_compute_key                          0x08002b21   Thumb Code    76  sid27_securityaccess.o(i.uds_compute_key)
    uds_init                                 0x08002cb9   Thumb Code     8  uds_port.o(i.uds_init)
    uds_negative_rsp                         0x08002cc1   Thumb Code    84  uds_service.o(i.uds_negative_rsp)
    uds_positive_rsp                         0x08002d1d   Thumb Code    34  uds_service.o(i.uds_positive_rsp)
    uds_recv_frame                           0x08002d45   Thumb Code    46  uds_port.o(i.uds_recv_frame)
    uds_send_frame                           0x08002d75   Thumb Code    28  uds_port.o(i.uds_send_frame)
    uds_timer_chk                            0x08002d95   Thumb Code    26  uds_service.o(i.uds_timer_chk)
    uds_timer_start                          0x08002df9   Thumb Code    32  uds_service.o(i.uds_timer_start)
    uds_tp_recv_frame                        0x08002e35   Thumb Code   242  uds_tp.o(i.uds_tp_recv_frame)
    uds_service_list                         0x08003344   Data         320  service_cfg.o(.constdata)
    Region$$Table$$Base                      0x08003494   Number         0  anon$$obj.o(Region$$Table)
    Region$$Table$$Limit                     0x080034b4   Number         0  anon$$obj.o(Region$$Table)
    JumpToApplication                        0x20000014   Data           4  main.o(.data)
    JumpAddress                              0x20000018   Data           4  main.o(.data)
    Serial_RxData                            0x2000001c   Data           1  usart.o(.data)
    Serial_RxFlag                            0x2000001d   Data           1  usart.o(.data)
    Serial_TxPacket                          0x2000001e   Data           4  usart.o(.data)
    Serial_RxPacket                          0x20000022   Data           4  usart.o(.data)
    g_tatype                                 0x20000054   Data           1  uds_tp.o(.data)
    uds_fsa_cnt                              0x2000005b   Data           1  sid27_securityaccess.o(.data)
    dis_normal_xmit                          0x20000060   Data           1  sid28_communicationcontrol.o(.data)
    dis_normal_recv                          0x20000061   Data           1  sid28_communicationcontrol.o(.data)
    g_download_addr                          0x200000d8   Data           4  sid34_requestdownload.o(.data)
    g_download_size                          0x200000dc   Data           4  sid34_requestdownload.o(.data)
    g_download_offset                        0x200000e0   Data           4  sid34_requestdownload.o(.data)
    dtc_setting                              0x200000e4   Data           1  sid85_controldtcsetting.o(.data)
    RxMsg                                    0x200000e8   Data          20  main.o(.bss)
    Rx_Packet                                0x200000fc   Data         100  usart.o(.bss)
    Store_Data                               0x20000160   Data        1024  store.o(.bss)
    TxMsg                                    0x20000560   Data          20  uds_port.o(.bss)
    __initial_sp                             0x20001620   Data           0  startup_stm32f10x_md.o(STACK)



==============================================================================

Memory Map of the image

  Image Entry point : 0x080000ed

  Load Region LR_IROM1 (Base: 0x08000000, Size: 0x0000359c, Max: 0x00004000, ABSOLUTE)

    Execution Region ER_IROM1 (Exec base: 0x08000000, Load base: 0x08000000, Size: 0x000034b4, Max: 0x00004000, ABSOLUTE)

    Exec Addr    Load Addr    Size         Type   Attr      Idx    E Section Name        Object

    0x08000000   0x08000000   0x000000ec   Data   RO            3    RESET               startup_stm32f10x_md.o
    0x080000ec   0x080000ec   0x00000000   Code   RO         4563  * .ARM.Collect$$$$00000000  mc_w.l(entry.o)
    0x080000ec   0x080000ec   0x00000004   Code   RO         4834    .ARM.Collect$$$$00000001  mc_w.l(entry2.o)
    0x080000f0   0x080000f0   0x00000004   Code   RO         4837    .ARM.Collect$$$$00000004  mc_w.l(entry5.o)
    0x080000f4   0x080000f4   0x00000000   Code   RO         4839    .ARM.Collect$$$$00000008  mc_w.l(entry7b.o)
    0x080000f4   0x080000f4   0x00000000   Code   RO         4841    .ARM.Collect$$$$0000000A  mc_w.l(entry8b.o)
    0x080000f4   0x080000f4   0x00000008   Code   RO         4842    .ARM.Collect$$$$0000000B  mc_w.l(entry9a.o)
    0x080000fc   0x080000fc   0x00000000   Code   RO         4844    .ARM.Collect$$$$0000000D  mc_w.l(entry10a.o)
    0x080000fc   0x080000fc   0x00000000   Code   RO         4846    .ARM.Collect$$$$0000000F  mc_w.l(entry11a.o)
    0x080000fc   0x080000fc   0x00000004   Code   RO         4835    .ARM.Collect$$$$00002712  mc_w.l(entry2.o)
    0x08000100   0x08000100   0x00000020   Code   RO           10    .emb_text           core_cm3.o
    0x08000120   0x08000120   0x00000024   Code   RO            4    .text               startup_stm32f10x_md.o
    0x08000144   0x08000144   0x00000024   Code   RO         4569    .text               mc_w.l(memcpya.o)
    0x08000168   0x08000168   0x00000024   Code   RO         4864    .text               mc_w.l(init.o)
    0x0800018c   0x0800018c   0x00000048   Code   RO         3223    i.BootJumpToApplication  main.o
    0x080001d4   0x080001d4   0x00000004   Code   RO         3302    i.BusFault_Handler  stm32f10x_it.o
    0x080001d8   0x080001d8   0x00000038   Code   RO          509    i.CAN_DeInit        stm32f10x_can.o
    0x08000210   0x08000210   0x00000108   Code   RO          511    i.CAN_FilterInit    stm32f10x_can.o
    0x08000318   0x08000318   0x00000114   Code   RO          518    i.CAN_Init          stm32f10x_can.o
    0x0800042c   0x0800042c   0x0000001e   Code   RO          519    i.CAN_MessagePending  stm32f10x_can.o
    0x0800044a   0x0800044a   0x000000f0   Code   RO          521    i.CAN_Receive       stm32f10x_can.o
    0x0800053a   0x0800053a   0x00000126   Code   RO          526    i.CAN_Transmit      stm32f10x_can.o
    0x08000660   0x08000660   0x000000a0   Code   RO          527    i.CAN_TransmitStatus  stm32f10x_can.o
    0x08000700   0x08000700   0x0000005c   Code   RO         3858    i.CRC32_Calculate   crc32.o
    0x0800075c   0x0800075c   0x00000002   Code   RO         3303    i.DebugMon_Handler  stm32f10x_it.o
    0x0800075e   0x0800075e   0x00000018   Code   RO         3196    i.Delay_ms          delay.o
    0x08000776   0x08000776   0x0000002e   Code   RO         3198    i.Delay_us          delay.o
    0x080007a4   0x080007a4   0x0000004c   Code   RO         1046    i.FLASH_ErasePage   stm32f10x_flash.o
    0x080007f0   0x080007f0   0x00000034   Code   RO         1047    i.FLASH_GetBank1Status  stm32f10x_flash.o
    0x08000824   0x08000824   0x00000014   Code   RO         1056    i.FLASH_Lock        stm32f10x_flash.o
    0x08000838   0x08000838   0x00000040   Code   RO         1059    i.FLASH_ProgramHalfWord  stm32f10x_flash.o
    0x08000878   0x08000878   0x0000006c   Code   RO         1061    i.FLASH_ProgramWord  stm32f10x_flash.o
    0x080008e4   0x080008e4   0x00000018   Code   RO         1064    i.FLASH_Unlock      stm32f10x_flash.o
    0x080008fc   0x080008fc   0x00000026   Code   RO         1068    i.FLASH_WaitForLastOperation  stm32f10x_flash.o
    0x08000922   0x08000922   0x00000002   PAD
    0x08000924   0x08000924   0x0000002c   Code   RO         3738    i.FlashDrv_ErasePage  flash.o
    0x08000950   0x08000950   0x0000000a   Code   RO         3739    i.FlashDrv_Lock     flash.o
    0x0800095a   0x0800095a   0x00000002   PAD
    0x0800095c   0x0800095c   0x00000058   Code   RO         3740    i.FlashDrv_ReadDID  flash.o
    0x080009b4   0x080009b4   0x0000000a   Code   RO         3741    i.FlashDrv_Unlock   flash.o
    0x080009be   0x080009be   0x00000002   PAD
    0x080009c0   0x080009c0   0x000000c0   Code   RO         3742    i.FlashDrv_WriteDID  flash.o
    0x08000a80   0x08000a80   0x00000116   Code   RO         1347    i.GPIO_Init         stm32f10x_gpio.o
    0x08000b96   0x08000b96   0x00000004   Code   RO         3304    i.HardFault_Handler  stm32f10x_it.o
    0x08000b9a   0x08000b9a   0x00000034   Code   RO         3475    i.InitCanTxMsg      mycan.o
    0x08000bce   0x08000bce   0x00000004   Code   RO         3305    i.MemManage_Handler  stm32f10x_it.o
    0x08000bd2   0x08000bd2   0x00000002   PAD
    0x08000bd4   0x08000bd4   0x000000cc   Code   RO         3476    i.MyCAN_Init        mycan.o
    0x08000ca0   0x08000ca0   0x00000014   Code   RO         3477    i.MyCAN_Receive     mycan.o
    0x08000cb4   0x08000cb4   0x0000001c   Code   RO         3478    i.MyCAN_ReceiveFlag  mycan.o
    0x08000cd0   0x08000cd0   0x00000034   Code   RO         3479    i.MyCAN_Transmit    mycan.o
    0x08000d04   0x08000d04   0x00000014   Code   RO         3778    i.MyFlash_ErasePage  myflash.o
    0x08000d18   0x08000d18   0x00000018   Code   RO         3779    i.MyFlash_ProgramHalfWord  myflash.o
    0x08000d30   0x08000d30   0x00000018   Code   RO         3780    i.MyFlash_ProgramWord  myflash.o
    0x08000d48   0x08000d48   0x00000006   Code   RO         3782    i.MyFlash_ReadHalfWord  myflash.o
    0x08000d4e   0x08000d4e   0x00000006   Code   RO         3783    i.MyFlash_ReadWord  myflash.o
    0x08000d54   0x08000d54   0x00000002   Code   RO         3306    i.NMI_Handler       stm32f10x_it.o
    0x08000d56   0x08000d56   0x00000002   PAD
    0x08000d58   0x08000d58   0x00000070   Code   RO          137    i.NVIC_Init         misc.o
    0x08000dc8   0x08000dc8   0x00000014   Code   RO          138    i.NVIC_PriorityGroupConfig  misc.o
    0x08000ddc   0x08000ddc   0x00000024   Code   RO         4255    i.NVIC_SystemReset  sid11_ecureset.o
    0x08000e00   0x08000e00   0x00000002   Code   RO         3307    i.PendSV_Handler    stm32f10x_it.o
    0x08000e02   0x08000e02   0x00000002   PAD
    0x08000e04   0x08000e04   0x00000020   Code   RO         1775    i.RCC_APB1PeriphClockCmd  stm32f10x_rcc.o
    0x08000e24   0x08000e24   0x00000020   Code   RO         1776    i.RCC_APB1PeriphResetCmd  stm32f10x_rcc.o
    0x08000e44   0x08000e44   0x00000020   Code   RO         1777    i.RCC_APB2PeriphClockCmd  stm32f10x_rcc.o
    0x08000e64   0x08000e64   0x00000020   Code   RO         1778    i.RCC_APB2PeriphResetCmd  stm32f10x_rcc.o
    0x08000e84   0x08000e84   0x000000d4   Code   RO         1785    i.RCC_GetClocksFreq  stm32f10x_rcc.o
    0x08000f58   0x08000f58   0x00000002   Code   RO         3308    i.SVC_Handler       stm32f10x_it.o
    0x08000f5a   0x08000f5a   0x00000008   Code   RO           24    i.SetSysClock       system_stm32f10x.o
    0x08000f62   0x08000f62   0x00000002   PAD
    0x08000f64   0x08000f64   0x000000e0   Code   RO           25    i.SetSysClockTo72   system_stm32f10x.o
    0x08001044   0x08001044   0x00000048   Code   RO         3829    i.Store_Init        store.o
    0x0800108c   0x0800108c   0x00000030   Code   RO         3830    i.Store_Save        store.o
    0x080010bc   0x080010bc   0x00000018   Code   RO         3701    i.SysTick_Handler   systick.o
    0x080010d4   0x080010d4   0x00000060   Code   RO           27    i.SystemInit        system_stm32f10x.o
    0x08001134   0x08001134   0x0000001c   Code   RO         3224    i.TIM2_IRQHandler   main.o
    0x08001150   0x08001150   0x00000006   Code   RO         2415    i.TIM_ClearFlag     stm32f10x_tim.o
    0x08001156   0x08001156   0x00000006   Code   RO         2416    i.TIM_ClearITPendingBit  stm32f10x_tim.o
    0x0800115c   0x0800115c   0x00000018   Code   RO         2421    i.TIM_Cmd           stm32f10x_tim.o
    0x08001174   0x08001174   0x00000022   Code   RO         2442    i.TIM_GetITStatus   stm32f10x_tim.o
    0x08001196   0x08001196   0x00000012   Code   RO         2446    i.TIM_ITConfig      stm32f10x_tim.o
    0x080011a8   0x080011a8   0x0000000c   Code   RO         2448    i.TIM_InternalClockConfig  stm32f10x_tim.o
    0x080011b4   0x080011b4   0x000000a4   Code   RO         2492    i.TIM_TimeBaseInit  stm32f10x_tim.o
    0x08001258   0x08001258   0x0000007e   Code   RO         3723    i.Timer_Init        timer.o
    0x080012d6   0x080012d6   0x00000002   PAD
    0x080012d8   0x080012d8   0x000000b4   Code   RO         3363    i.USART1_IRQHandler  usart.o
    0x0800138c   0x0800138c   0x0000001e   Code   RO         2957    i.USART_ClearITPendingBit  stm32f10x_usart.o
    0x080013aa   0x080013aa   0x00000018   Code   RO         2960    i.USART_Cmd         stm32f10x_usart.o
    0x080013c2   0x080013c2   0x00000002   PAD
    0x080013c4   0x080013c4   0x0000009c   Code   RO         2962    i.USART_DeInit      stm32f10x_usart.o
    0x08001460   0x08001460   0x00000054   Code   RO         2964    i.USART_GetITStatus  stm32f10x_usart.o
    0x080014b4   0x080014b4   0x0000004a   Code   RO         2966    i.USART_ITConfig    stm32f10x_usart.o
    0x080014fe   0x080014fe   0x00000002   PAD
    0x08001500   0x08001500   0x000000d8   Code   RO         2967    i.USART_Init        stm32f10x_usart.o
    0x080015d8   0x080015d8   0x0000000a   Code   RO         2974    i.USART_ReceiveData  stm32f10x_usart.o
    0x080015e2   0x080015e2   0x00000002   PAD
    0x080015e4   0x080015e4   0x000000c4   Code   RO         3364    i.USARTx_Conf       usart.o
    0x080016a8   0x080016a8   0x00000004   Code   RO         3309    i.UsageFault_Handler  stm32f10x_it.o
    0x080016ac   0x080016ac   0x0000000e   Code   RO         4876    i.__scatterload_copy  mc_w.l(handlers.o)
    0x080016ba   0x080016ba   0x00000002   Code   RO         4877    i.__scatterload_null  mc_w.l(handlers.o)
    0x080016bc   0x080016bc   0x0000000e   Code   RO         4878    i.__scatterload_zeroinit  mc_w.l(handlers.o)
    0x080016ca   0x080016ca   0x00000002   PAD
    0x080016cc   0x080016cc   0x00000018   Code   RO         3225    i.check_app_valid   main.o
    0x080016e4   0x080016e4   0x00000020   Code   RO         3226    i.check_bl_mode     main.o
    0x08001704   0x08001704   0x00000050   Code   RO         4005    i.clear_network     uds_tp.o
    0x08001754   0x08001754   0x0000000c   Code   RO         4336    i.get_current_sa_lv  sid27_securityaccess.o
    0x08001760   0x08001760   0x0000000c   Code   RO         4223    i.get_current_session  sid10_sessioncontrol.o
    0x0800176c   0x0800176c   0x00000078   Code   RO         3228    i.main              main.o
    0x080017e4   0x080017e4   0x0000002c   Code   RO         4006    i.network_reg       uds_tp.o
    0x08001810   0x08001810   0x00000038   Code   RO         4007    i.network_send_udsmsg  uds_tp.o
    0x08001848   0x08001848   0x000000f0   Code   RO         4008    i.network_task      uds_tp.o
    0x08001938   0x08001938   0x00000030   Code   RO         4009    i.nt_timer_chk      uds_tp.o
    0x08001968   0x08001968   0x00000044   Code   RO         4010    i.nt_timer_run      uds_tp.o
    0x080019ac   0x080019ac   0x00000038   Code   RO         4011    i.nt_timer_start    uds_tp.o
    0x080019e4   0x080019e4   0x00000014   Code   RO         4012    i.nt_timer_start_wv  uds_tp.o
    0x080019f8   0x080019f8   0x00000018   Code   RO         4013    i.nt_timer_stop     uds_tp.o
    0x08001a10   0x08001a10   0x000000cc   Code   RO         4014    i.recv_consecutiveframe  uds_tp.o
    0x08001adc   0x08001adc   0x0000009c   Code   RO         4015    i.recv_firstframe   uds_tp.o
    0x08001b78   0x08001b78   0x000000bc   Code   RO         4016    i.recv_flowcontrolframe  uds_tp.o
    0x08001c34   0x08001c34   0x00000048   Code   RO         4017    i.recv_singleframe  uds_tp.o
    0x08001c7c   0x08001c7c   0x0000001c   Code   RO         4411    i.rsp_or_skip       sid31_routinecontrol.o
    0x08001c98   0x08001c98   0x0000005c   Code   RO         4018    i.send_consecutiveframe  uds_tp.o
    0x08001cf4   0x08001cf4   0x0000005c   Code   RO         4019    i.send_firstframe   uds_tp.o
    0x08001d50   0x08001d50   0x00000040   Code   RO         4020    i.send_flowcontrol  uds_tp.o
    0x08001d90   0x08001d90   0x00000058   Code   RO         4021    i.send_multipleframe  uds_tp.o
    0x08001de8   0x08001de8   0x00000054   Code   RO         4022    i.send_singleframe  uds_tp.o
    0x08001e3c   0x08001e3c   0x000000b8   Code   RO         4224    i.service_10_SessionControl  sid10_sessioncontrol.o
    0x08001ef4   0x08001ef4   0x0000000c   Code   RO         4225    i.service_10_check_len  sid10_sessioncontrol.o
    0x08001f00   0x08001f00   0x0000007a   Code   RO         4256    i.service_11_EcuReset  sid11_ecureset.o
    0x08001f7a   0x08001f7a   0x0000000c   Code   RO         4257    i.service_11_check_len  sid11_ecureset.o
    0x08001f86   0x08001f86   0x0000003c   Code   RO         4282    i.service_14_ClearDiagnosticInformation  sid14_cleardiagnosticinformation.o
    0x08001fc2   0x08001fc2   0x0000000c   Code   RO         4283    i.service_14_check_len  sid14_cleardiagnosticinformation.o
    0x08001fce   0x08001fce   0x0000004e   Code   RO         4300    i.service_19_ReadDTCInformation  sid19_readdtcinformation.o
    0x0800201c   0x0800201c   0x00000006   Code   RO         4301    i.service_19_check_len  sid19_readdtcinformation.o
    0x08002022   0x08002022   0x00000236   Code   RO         4318    i.service_22_ReadDataByIdentifier  sid22_readdatabyidentifier.o
    0x08002258   0x08002258   0x00000010   Code   RO         4319    i.service_22_check_len  sid22_readdatabyidentifier.o
    0x08002268   0x08002268   0x00000194   Code   RO         4339    i.service_27_SecurityAccess  sid27_securityaccess.o
    0x080023fc   0x080023fc   0x0000002e   Code   RO         4340    i.service_27_check_len  sid27_securityaccess.o
    0x0800242a   0x0800242a   0x00000002   PAD
    0x0800242c   0x0800242c   0x00000098   Code   RO         4390    i.service_28_CommunicationControl  sid28_communicationcontrol.o
    0x080024c4   0x080024c4   0x0000000c   Code   RO         4391    i.service_28_check_len  sid28_communicationcontrol.o
    0x080024d0   0x080024d0   0x000000f0   Code   RO         4180    i.service_2E_WriteDataByIdentifier  sid2e_writedatabyidentifier.o
    0x080025c0   0x080025c0   0x0000000c   Code   RO         4181    i.service_2E_check_len  sid2e_writedatabyidentifier.o
    0x080025cc   0x080025cc   0x00000128   Code   RO         4412    i.service_31_RoutineControl  sid31_routinecontrol.o
    0x080026f4   0x080026f4   0x0000002a   Code   RO         4413    i.service_31_check_len  sid31_routinecontrol.o
    0x0800271e   0x0800271e   0x00000002   PAD
    0x08002720   0x08002720   0x000000b0   Code   RO         4483    i.service_34_RequestDownload  sid34_requestdownload.o
    0x080027d0   0x080027d0   0x0000000c   Code   RO         4484    i.service_34_check_len  sid34_requestdownload.o
    0x080027dc   0x080027dc   0x00000068   Code   RO         4504    i.service_36_TransferData  sid36_transferdata.o
    0x08002844   0x08002844   0x00000008   Code   RO         4505    i.service_36_check_len  sid36_transferdata.o
    0x0800284c   0x0800284c   0x00000068   Code   RO         4523    i.service_37_RequestTransferExit  sid37_requesttransferexit.o
    0x080028b4   0x080028b4   0x00000008   Code   RO         4524    i.service_37_check_len  sid37_requesttransferexit.o
    0x080028bc   0x080028bc   0x00000038   Code   RO         4201    i.service_3E_TesterPresent  sid3e_testerpresent.o
    0x080028f4   0x080028f4   0x0000000c   Code   RO         4202    i.service_3E_check_len  sid3e_testerpresent.o
    0x08002900   0x08002900   0x0000005c   Code   RO         4542    i.service_85_ControlDTCSetting  sid85_controldtcsetting.o
    0x0800295c   0x0800295c   0x0000000c   Code   RO         4543    i.service_85_check_len  sid85_controldtcsetting.o
    0x08002968   0x08002968   0x0000002c   Code   RO         3921    i.service_init      uds_service.o
    0x08002994   0x08002994   0x00000030   Code   RO         3922    i.service_task      uds_service.o
    0x080029c4   0x080029c4   0x0000000c   Code   RO         4341    i.set_current_sa_lv  sid27_securityaccess.o
    0x080029d0   0x080029d0   0x0000000c   Code   RO         4226    i.set_current_session  sid10_sessioncontrol.o
    0x080029dc   0x080029dc   0x00000058   Code   RO         4414    i.start_0202        sid31_routinecontrol.o
    0x08002a34   0x08002a34   0x00000020   Code   RO         4415    i.start_0203        sid31_routinecontrol.o
    0x08002a54   0x08002a54   0x00000002   Code   RO         4416    i.start_0204        sid31_routinecontrol.o
    0x08002a56   0x08002a56   0x00000002   PAD
    0x08002a58   0x08002a58   0x00000020   Code   RO         4417    i.start_DD02        sid31_routinecontrol.o
    0x08002a78   0x08002a78   0x00000002   Code   RO         4418    i.start_DFE0        sid31_routinecontrol.o
    0x08002a7a   0x08002a7a   0x00000002   PAD
    0x08002a7c   0x08002a7c   0x00000094   Code   RO         4419    i.start_FF00        sid31_routinecontrol.o
    0x08002b10   0x08002b10   0x00000002   Code   RO         4420    i.start_FF01        sid31_routinecontrol.o
    0x08002b12   0x08002b12   0x00000002   Code   RO         4421    i.stop_NONE         sid31_routinecontrol.o
    0x08002b14   0x08002b14   0x0000000c   Code   RO         3875    i.uds_1ms_task      uds_port.o
    0x08002b20   0x08002b20   0x0000004c   Code   RO         4342    i.uds_compute_key   sid27_securityaccess.o
    0x08002b6c   0x08002b6c   0x0000000c   Code   RO         3923    i.uds_data_confirm  uds_service.o
    0x08002b78   0x08002b78   0x00000134   Code   RO         3924    i.uds_data_indication  uds_service.o
    0x08002cac   0x08002cac   0x0000000c   Code   RO         3925    i.uds_dataff_indication  uds_service.o
    0x08002cb8   0x08002cb8   0x00000008   Code   RO         3876    i.uds_init          uds_port.o
    0x08002cc0   0x08002cc0   0x00000058   Code   RO         3926    i.uds_negative_rsp  uds_service.o
    0x08002d18   0x08002d18   0x00000002   Code   RO         3927    i.uds_no_response   uds_service.o
    0x08002d1a   0x08002d1a   0x00000002   PAD
    0x08002d1c   0x08002d1c   0x00000028   Code   RO         3928    i.uds_positive_rsp  uds_service.o
    0x08002d44   0x08002d44   0x0000002e   Code   RO         3877    i.uds_recv_frame    uds_port.o
    0x08002d72   0x08002d72   0x00000002   PAD
    0x08002d74   0x08002d74   0x00000020   Code   RO         3878    i.uds_send_frame    uds_port.o
    0x08002d94   0x08002d94   0x00000020   Code   RO         3929    i.uds_timer_chk     uds_service.o
    0x08002db4   0x08002db4   0x00000044   Code   RO         3930    i.uds_timer_run     uds_service.o
    0x08002df8   0x08002df8   0x00000024   Code   RO         3931    i.uds_timer_start   uds_service.o
    0x08002e1c   0x08002e1c   0x00000018   Code   RO         3932    i.uds_timer_stop    uds_service.o
    0x08002e34   0x08002e34   0x00000110   Code   RO         4023    i.uds_tp_recv_frame  uds_tp.o
    0x08002f44   0x08002f44   0x00000400   Data   RO         3859    .constdata          crc32.o
    0x08003344   0x08003344   0x00000140   Data   RO         4120    .constdata          service_cfg.o
    0x08003484   0x08003484   0x00000010   Data   RO         4344    .constdata          sid27_securityaccess.o
    0x08003494   0x08003494   0x00000020   Data   RO         4874    Region$$Table       anon$$obj.o


    Execution Region RW_IRAM1 (Exec base: 0x20000000, Load base: 0x080034b4, Size: 0x00001620, Max: 0x00005000, ABSOLUTE)

    Exec Addr    Load Addr    Size         Type   Attr      Idx    E Section Name        Object

    0x20000000   0x080034b4   0x00000014   Data   RW         1805    .data               stm32f10x_rcc.o
    0x20000014   0x080034c8   0x00000008   Data   RW         3230    .data               main.o
    0x2000001c   0x080034d0   0x0000000c   Data   RW         3372    .data               usart.o
    0x20000028   0x080034dc   0x00000008   Data   RW         3702    .data               systick.o
    0x20000030   0x080034e4   0x00000009   Data   RW         3933    .data               uds_service.o
    0x20000039   0x080034ed   0x00000001   PAD
    0x2000003a   0x080034ee   0x0000001b   Data   RW         4025    .data               uds_tp.o
    0x20000055   0x08003509   0x00000001   Data   RW         4227    .data               sid10_sessioncontrol.o
    0x20000056   0x0800350a   0x00000002   PAD
    0x20000058   0x0800350c   0x00000008   Data   RW         4345    .data               sid27_securityaccess.o
    0x20000060   0x08003514   0x00000002   Data   RW         4392    .data               sid28_communicationcontrol.o
    0x20000062   0x08003516   0x00000002   PAD
    0x20000064   0x08003518   0x00000074   Data   RW         4422    .data               sid31_routinecontrol.o
    0x200000d8   0x0800358c   0x0000000c   Data   RW         4485    .data               sid34_requestdownload.o
    0x200000e4   0x08003598   0x00000001   Data   RW         4544    .data               sid85_controldtcsetting.o
    0x200000e5   0x08003599   0x00000003   PAD
    0x200000e8        -       0x00000014   Zero   RW         3229    .bss                main.o
    0x200000fc        -       0x00000064   Zero   RW         3371    .bss                usart.o
    0x20000160        -       0x00000400   Zero   RW         3831    .bss                store.o
    0x20000560        -       0x00000014   Zero   RW         3879    .bss                uds_port.o
    0x20000574        -       0x00000898   Zero   RW         4024    .bss                uds_tp.o
    0x20000e0c        -       0x00000010   Zero   RW         4343    .bss                sid27_securityaccess.o
    0x20000e1c   0x08003599   0x00000004   PAD
    0x20000e20        -       0x00000800   Zero   RW            1    STACK               startup_stm32f10x_md.o


==============================================================================

Image component sizes


      Code (inc. data)   RO Data    RW Data    ZI Data      Debug   Object Name

        32          0          0          0          0       5080   core_cm3.o
        92          4       1024          0          0       1418   crc32.o
        70          0          0          0          0       1090   delay.o
       344         22          0          0          0       4810   flash.o
       276         54          0          8         20       3791   main.o
       132         22          0          0          0     213451   misc.o
       356         28          0          0          0       3613   mycan.o
        80          0          0          0          0       3010   myflash.o
         0          0        320          0          0       4371   service_cfg.o
       220         18          0          1          0       3491   sid10_sessioncontrol.o
       170         10          0          0          0      17604   sid11_ecureset.o
        72          0          0          0          0       2011   sid14_cleardiagnosticinformation.o
        84          0          0          0          0       2199   sid19_readdtcinformation.o
       582          0          0          0          0       2365   sid22_readdatabyidentifier.o
       550         32         16          8         16       5563   sid27_securityaccess.o
       164          8          0          2          0       2551   sid28_communicationcontrol.o
       252          6          0          0          0       2362   sid2e_writedatabyidentifier.o
       674         58          0        116          0       8605   sid31_routinecontrol.o
       188         26          0         12          0       2484   sid34_requestdownload.o
       112          8          0          0          0       2085   sid36_transferdata.o
       112         14          0          0          0       2128   sid37_requesttransferexit.o
        68          4          0          0          0       1906   sid3e_testerpresent.o
       104          4          0          1          0       2232   sid85_controldtcsetting.o
        36          8        236          0       2048        868   startup_stm32f10x_md.o
         0          0          0          0          0       1736   stm32f10x_adc.o
      1320         34          0          0          0      14320   stm32f10x_can.o
       382         36          0          0          0      12242   stm32f10x_flash.o
       278          0          0          0          0      10440   stm32f10x_gpio.o
        24          0          0          0          0       3948   stm32f10x_it.o
       340         44          0         20          0      14656   stm32f10x_rcc.o
       264         42          0          0          0      25328   stm32f10x_tim.o
       594         28          0          0          0      12659   stm32f10x_usart.o
       120         16          0          0       1024       1819   store.o
       328         28          0          0          0      52233   system_stm32f10x.o
        24          4          0          8          0        762   systick.o
       126          0          0          0          0        641   timer.o
        98          4          0          0         20       6279   uds_port.o
       714         66          0          9          0       8165   uds_service.o
      1948        246          0         27       2200      16334   uds_tp.o
       376         34          0         12        100       2270   usart.o

    ----------------------------------------------------------------------
     11740        908       1628        232       5432     482920   Object Totals
         0          0         32          0          0          0   (incl. Generated)
        34          0          0          8          4          0   (incl. Padding)

    ----------------------------------------------------------------------

      Code (inc. data)   RO Data    RW Data    ZI Data      Debug   Library Member Name

         0          0          0          0          0          0   entry.o
         0          0          0          0          0          0   entry10a.o
         0          0          0          0          0          0   entry11a.o
         8          4          0          0          0          0   entry2.o
         4          0          0          0          0          0   entry5.o
         0          0          0          0          0          0   entry7b.o
         0          0          0          0          0          0   entry8b.o
         8          4          0          0          0          0   entry9a.o
        30          0          0          0          0          0   handlers.o
        36          8          0          0          0         68   init.o
        36          0          0          0          0         68   memcpya.o

    ----------------------------------------------------------------------
       124         16          0          0          0        136   Library Totals
         2          0          0          0          0          0   (incl. Padding)

    ----------------------------------------------------------------------

      Code (inc. data)   RO Data    RW Data    ZI Data      Debug   Library Name

       122         16          0          0          0        136   mc_w.l

    ----------------------------------------------------------------------
       124         16          0          0          0        136   Library Totals

    ----------------------------------------------------------------------

==============================================================================


      Code (inc. data)   RO Data    RW Data    ZI Data      Debug   

     11864        924       1628        232       5432     475408   Grand Totals
     11864        924       1628        232       5432     475408   ELF Image Totals
     11864        924       1628        232          0          0   ROM Totals

==============================================================================

    Total RO  Size (Code + RO Data)                13492 (  13.18kB)
    Total RW  Size (RW Data + ZI Data)              5664 (   5.53kB)
    Total ROM Size (Code + RO Data + RW Data)      13724 (  13.40kB)

==============================================================================

