Component: ARM Compiler 5.06 update 5 (build 528) Tool: armlink [4d35e2]

==============================================================================

Section Cross References

    startup_stm32f10x_md.o(RESET) refers to startup_stm32f10x_md.o(STACK) for __initial_sp
    startup_stm32f10x_md.o(RESET) refers to startup_stm32f10x_md.o(.text) for Reset_Handler
    startup_stm32f10x_md.o(RESET) refers to stm32f10x_it.o(i.NMI_Handler) for NMI_Handler
    startup_stm32f10x_md.o(RESET) refers to stm32f10x_it.o(i.HardFault_Handler) for HardFault_Handler
    startup_stm32f10x_md.o(RESET) refers to stm32f10x_it.o(i.MemManage_Handler) for MemManage_Handler
    startup_stm32f10x_md.o(RESET) refers to stm32f10x_it.o(i.BusFault_Handler) for BusFault_Handler
    startup_stm32f10x_md.o(RESET) refers to stm32f10x_it.o(i.UsageFault_Handler) for UsageFault_Handler
    startup_stm32f10x_md.o(RESET) refers to stm32f10x_it.o(i.SVC_Handler) for SVC_Handler
    startup_stm32f10x_md.o(RESET) refers to stm32f10x_it.o(i.DebugMon_Handler) for DebugMon_Handler
    startup_stm32f10x_md.o(RESET) refers to stm32f10x_it.o(i.PendSV_Handler) for PendSV_Handler
    startup_stm32f10x_md.o(RESET) refers to systick.o(i.SysTick_Handler) for SysTick_Handler
    startup_stm32f10x_md.o(RESET) refers to main.o(i.TIM2_IRQHandler) for TIM2_IRQHandler
    startup_stm32f10x_md.o(RESET) refers to usart.o(i.USART1_IRQHandler) for USART1_IRQHandler
    startup_stm32f10x_md.o(.text) refers to system_stm32f10x.o(i.SystemInit) for SystemInit
    startup_stm32f10x_md.o(.text) refers to entry.o(.ARM.Collect$$$$00000000) for __main
    system_stm32f10x.o(i.SetSysClock) refers to system_stm32f10x.o(i.SetSysClockTo72) for SetSysClockTo72
    system_stm32f10x.o(i.SystemCoreClockUpdate) refers to system_stm32f10x.o(.data) for SystemCoreClock
    system_stm32f10x.o(i.SystemInit) refers to system_stm32f10x.o(i.SetSysClock) for SetSysClock
    stm32f10x_adc.o(i.ADC_DeInit) refers to stm32f10x_rcc.o(i.RCC_APB2PeriphResetCmd) for RCC_APB2PeriphResetCmd
    stm32f10x_bkp.o(i.BKP_DeInit) refers to stm32f10x_rcc.o(i.RCC_BackupResetCmd) for RCC_BackupResetCmd
    stm32f10x_can.o(i.CAN_DeInit) refers to stm32f10x_rcc.o(i.RCC_APB1PeriphResetCmd) for RCC_APB1PeriphResetCmd
    stm32f10x_can.o(i.CAN_GetITStatus) refers to stm32f10x_can.o(i.CheckITStatus) for CheckITStatus
    stm32f10x_cec.o(i.CEC_DeInit) refers to stm32f10x_rcc.o(i.RCC_APB1PeriphResetCmd) for RCC_APB1PeriphResetCmd
    stm32f10x_dac.o(i.DAC_DeInit) refers to stm32f10x_rcc.o(i.RCC_APB1PeriphResetCmd) for RCC_APB1PeriphResetCmd
    stm32f10x_flash.o(i.FLASH_EnableWriteProtection) refers to stm32f10x_flash.o(i.FLASH_WaitForLastOperation) for FLASH_WaitForLastOperation
    stm32f10x_flash.o(i.FLASH_EraseAllBank1Pages) refers to stm32f10x_flash.o(i.FLASH_WaitForLastBank1Operation) for FLASH_WaitForLastBank1Operation
    stm32f10x_flash.o(i.FLASH_EraseAllPages) refers to stm32f10x_flash.o(i.FLASH_WaitForLastOperation) for FLASH_WaitForLastOperation
    stm32f10x_flash.o(i.FLASH_EraseOptionBytes) refers to stm32f10x_flash.o(i.FLASH_GetReadOutProtectionStatus) for FLASH_GetReadOutProtectionStatus
    stm32f10x_flash.o(i.FLASH_EraseOptionBytes) refers to stm32f10x_flash.o(i.FLASH_WaitForLastOperation) for FLASH_WaitForLastOperation
    stm32f10x_flash.o(i.FLASH_ErasePage) refers to stm32f10x_flash.o(i.FLASH_WaitForLastOperation) for FLASH_WaitForLastOperation
    stm32f10x_flash.o(i.FLASH_ProgramHalfWord) refers to stm32f10x_flash.o(i.FLASH_WaitForLastOperation) for FLASH_WaitForLastOperation
    stm32f10x_flash.o(i.FLASH_ProgramOptionByteData) refers to stm32f10x_flash.o(i.FLASH_WaitForLastOperation) for FLASH_WaitForLastOperation
    stm32f10x_flash.o(i.FLASH_ProgramWord) refers to stm32f10x_flash.o(i.FLASH_WaitForLastOperation) for FLASH_WaitForLastOperation
    stm32f10x_flash.o(i.FLASH_ReadOutProtection) refers to stm32f10x_flash.o(i.FLASH_WaitForLastOperation) for FLASH_WaitForLastOperation
    stm32f10x_flash.o(i.FLASH_UserOptionByteConfig) refers to stm32f10x_flash.o(i.FLASH_WaitForLastOperation) for FLASH_WaitForLastOperation
    stm32f10x_flash.o(i.FLASH_WaitForLastBank1Operation) refers to stm32f10x_flash.o(i.FLASH_GetBank1Status) for FLASH_GetBank1Status
    stm32f10x_flash.o(i.FLASH_WaitForLastOperation) refers to stm32f10x_flash.o(i.FLASH_GetBank1Status) for FLASH_GetBank1Status
    stm32f10x_gpio.o(i.GPIO_AFIODeInit) refers to stm32f10x_rcc.o(i.RCC_APB2PeriphResetCmd) for RCC_APB2PeriphResetCmd
    stm32f10x_gpio.o(i.GPIO_DeInit) refers to stm32f10x_rcc.o(i.RCC_APB2PeriphResetCmd) for RCC_APB2PeriphResetCmd
    stm32f10x_i2c.o(i.I2C_DeInit) refers to stm32f10x_rcc.o(i.RCC_APB1PeriphResetCmd) for RCC_APB1PeriphResetCmd
    stm32f10x_i2c.o(i.I2C_Init) refers to stm32f10x_rcc.o(i.RCC_GetClocksFreq) for RCC_GetClocksFreq
    stm32f10x_pwr.o(i.PWR_DeInit) refers to stm32f10x_rcc.o(i.RCC_APB1PeriphResetCmd) for RCC_APB1PeriphResetCmd
[...]
    Removing aes.o(i.deShiftRows), (108 bytes).
    Removing aes.o(i.deSubBytes), (46 bytes).
    Removing aes.o(i.extendKey), (120 bytes).
    Removing aes.o(i.getArrayFrom4W), (124 bytes).
    Removing aes.o(i.getByteLeft4Bit), (10 bytes).
    Removing aes.o(i.getByteRight4Bit), (8 bytes).
    Removing aes.o(i.getNumFromS2Box), (36 bytes).
    Removing aes.o(i.getNumFromSBox), (36 bytes).
    Removing aes.o(i.getU32FromU8), (24 bytes).
    Removing aes.o(i.leftLoop4Bytes), (102 bytes).
    Removing aes.o(i.mixColumns), (152 bytes).
    Removing aes.o(i.rightLoop4Bytes), (104 bytes).
    Removing aes.o(i.shiftRows), (108 bytes).
    Removing aes.o(i.splitU32ToArray), (16 bytes).
    Removing aes.o(i.subBytes), (42 bytes).
    Removing aes.o(.bss), (176 bytes).
    Removing aes.o(.constdata), (584 bytes).
    Removing systick.o(i.GetSysRunTime), (12 bytes).
    Removing myflash.o(i.MyFlash_EraseAllPages), (16 bytes).
    Removing myflash.o(i.MyFlash_ProgramWord), (24 bytes).
    Removing myflash.o(i.MyFlash_ReadByte), (6 bytes).
    Removing myflash.o(i.MyFlash_ReadWord), (6 bytes).
    Removing store.o(i.Store_Clear), (36 bytes).
    Removing sid27_securityaccess.o(i.rand_u8), (52 bytes).
    Removing sid27_securityaccess.o(i.seedTOKey), (6 bytes).
    Removing dadd.o(.text), (334 bytes).
    Removing dmul.o(.text), (228 bytes).
    Removing ddiv.o(.text), (222 bytes).
    Removing dfixul.o(.text), (48 bytes).
    Removing cdrcmple.o(.text), (48 bytes).
    Removing depilogue.o(.text), (186 bytes).

501 unused section(s) (total 21218 bytes) removed from the image.

==============================================================================

Image Symbol Table

    Local Symbols

    Symbol Name                              Value     Ov Type        Size  Object(Section)

    ../clib/microlib/division.c              0x00000000   Number         0  uidiv.o ABSOLUTE
    ../clib/microlib/division.c              0x00000000   Number         0  uldiv.o ABSOLUTE
    ../clib/microlib/init/entry.s            0x00000000   Number         0  entry9b.o ABSOLUTE
    ../clib/microlib/init/entry.s            0x00000000   Number         0  entry10b.o ABSOLUTE
    ../clib/microlib/init/entry.s            0x00000000   Number         0  entry11a.o ABSOLUTE
    ../clib/microlib/init/entry.s            0x00000000   Number         0  entry.o ABSOLUTE
    ../clib/microlib/init/entry.s            0x00000000   Number         0  entry11b.o ABSOLUTE
    ../clib/microlib/init/entry.s            0x00000000   Number         0  entry5.o ABSOLUTE
    ../clib/microlib/init/entry.s            0x00000000   Number         0  entry8b.o ABSOLUTE
    ../clib/microlib/init/entry.s            0x00000000   Number         0  entry10a.o ABSOLUTE
    ../clib/microlib/init/entry.s            0x00000000   Number         0  entry9a.o ABSOLUTE
    ../clib/microlib/init/entry.s            0x00000000   Number         0  entry7a.o ABSOLUTE
    ../clib/microlib/init/entry.s            0x00000000   Number         0  entry7b.o ABSOLUTE
    ../clib/microlib/init/entry.s            0x00000000   Number         0  entry8a.o ABSOLUTE
    ../clib/microlib/init/entry.s            0x00000000   Number         0  entry2.o ABSOLUTE
    ../clib/microlib/longlong.c              0x00000000   Number         0  llsshr.o ABSOLUTE
    ../clib/microlib/longlong.c              0x00000000   Number         0  llushr.o ABSOLUTE
    ../clib/microlib/longlong.c              0x00000000   Number         0  llshl.o ABSOLUTE
    ../clib/microlib/printf/printf.c         0x00000000   Number         0  printf6.o ABSOLUTE
    ../clib/microlib/printf/printf.c         0x00000000   Number         0  printf0.o ABSOLUTE
    ../clib/microlib/printf/printf.c         0x00000000   Number         0  printfb.o ABSOLUTE
    ../clib/microlib/printf/printf.c         0x00000000   Number         0  printf7.o ABSOLUTE
    ../clib/microlib/printf/printf.c         0x00000000   Number         0  printf5.o ABSOLUTE
    ../clib/microlib/printf/printf.c         0x00000000   Number         0  printf8.o ABSOLUTE
    ../clib/microlib/printf/printf.c         0x00000000   Number         0  printfa.o ABSOLUTE
    ../clib/microlib/printf/printf.c         0x00000000   Number         0  printf1.o ABSOLUTE
    ../clib/microlib/printf/printf.c         0x00000000   Number         0  printf2.o ABSOLUTE
    ../clib/microlib/printf/printf.c         0x00000000   Number         0  printf3.o ABSOLUTE
    ../clib/microlib/printf/printf.c         0x00000000   Number         0  printf4.o ABSOLUTE
    ../clib/microlib/printf/stubs.s          0x00000000   Number         0  stubs.o ABSOLUTE
    ../clib/microlib/stdio/streams.c         0x00000000   Number         0  stdout.o ABSOLUTE
    ../clib/microlib/stdlib/rand.c           0x00000000   Number         0  rand.o ABSOLUTE
    ../clib/microlib/string/memcpy.c         0x00000000   Number         0  memcpyb.o ABSOLUTE
    ../clib/microlib/string/memcpy.c         0x00000000   Number         0  memcpya.o ABSOLUTE
    ../clib/microlib/stubs.s                 0x00000000   Number         0  iusefp.o ABSOLUTE
    ../fplib/microlib/fpadd.c                0x00000000   Number         0  dadd.o ABSOLUTE
    ../fplib/microlib/fpdiv.c                0x00000000   Number         0  ddiv.o ABSOLUTE
    ../fplib/microlib/fpepilogue.c           0x00000000   Number         0  depilogue.o ABSOLUTE
    ../fplib/microlib/fpfix.c                0x00000000   Number         0  dfixul.o ABSOLUTE
    ../fplib/microlib/fpmul.c                0x00000000   Number         0  dmul.o ABSOLUTE
    Hardware\AES.c                           0x00000000   Number         0  aes.o ABSOLUTE
    Hardware\MyCAN.c                         0x00000000   Number         0  mycan.o ABSOLUTE
    Hardware\MyFlash.c                       0x00000000   Number         0  myflash.o ABSOLUTE
    Hardware\Store.c                         0x00000000   Number         0  store.o ABSOLUTE
    Hardware\Timer.c                         0x00000000   Number         0  timer.o ABSOLUTE
    Hardware\flash.c                         0x00000000   Number         0  flash.o ABSOLUTE
    Hardware\key.c                           0x00000000   Number         0  key.o ABSOLUTE
    Hardware\systick.c                       0x00000000   Number         0  systick.o ABSOLUTE
    Hardware\usart.c                         0x00000000   Number         0  usart.o ABSOLUTE
    Library\misc.c                           0x00000000   Number         0  misc.o ABSOLUTE
    Library\stm32f10x_adc.c                  0x00000000   Number         0  stm32f10x_adc.o ABSOLUTE
    Library\stm32f10x_bkp.c                  0x00000000   Number         0  stm32f10x_bkp.o ABSOLUTE
    Library\stm32f10x_can.c                  0x00000000   Number         0  stm32f10x_can.o ABSOLUTE
    Library\stm32f10x_cec.c                  0x00000000   Number         0  stm32f10x_cec.o ABSOLUTE
    Library\stm32f10x_crc.c                  0x00000000   Number         0  stm32f10x_crc.o ABSOLUTE
    Library\stm32f10x_dac.c                  0x00000000   Number         0  stm32f10x_dac.o ABSOLUTE
    Library\stm32f10x_dbgmcu.c               0x00000000   Number         0  stm32f10x_dbgmcu.o ABSOLUTE
    Library\stm32f10x_dma.c                  0x00000000   Number         0  stm32f10x_dma.o ABSOLUTE
    Library\stm32f10x_exti.c                 0x00000000   Number         0  stm32f10x_exti.o ABSOLUTE
    Library\stm32f10x_flash.c                0x00000000   Number         0  stm32f10x_flash.o ABSOLUTE
    Library\stm32f10x_fsmc.c                 0x00000000   Number         0  stm32f10x_fsmc.o ABSOLUTE
    Library\stm32f10x_gpio.c                 0x00000000   Number         0  stm32f10x_gpio.o ABSOLUTE
    Library\stm32f10x_i2c.c                  0x00000000   Number         0  stm32f10x_i2c.o ABSOLUTE
    Library\stm32f10x_iwdg.c                 0x00000000   Number         0  stm32f10x_iwdg.o ABSOLUTE
    Library\stm32f10x_pwr.c                  0x00000000   Number         0  stm32f10x_pwr.o ABSOLUTE
    Library\stm32f10x_rcc.c                  0x00000000   Number         0  stm32f10x_rcc.o ABSOLUTE
    Library\stm32f10x_rtc.c                  0x00000000   Number         0  stm32f10x_rtc.o ABSOLUTE
    Library\stm32f10x_sdio.c                 0x00000000   Number         0  stm32f10x_sdio.o ABSOLUTE
    Library\stm32f10x_spi.c                  0x00000000   Number         0  stm32f10x_spi.o ABSOLUTE
    Library\stm32f10x_tim.c                  0x00000000   Number         0  stm32f10x_tim.o ABSOLUTE
    Library\stm32f10x_usart.c                0x00000000   Number         0  stm32f10x_usart.o ABSOLUTE
    Library\stm32f10x_wwdg.c                 0x00000000   Number         0  stm32f10x_wwdg.o ABSOLUTE
    Start\\core_cm3.c                        0x00000000   Number         0  core_cm3.o ABSOLUTE
    Start\core_cm3.c                         0x00000000   Number         0  core_cm3.o ABSOLUTE
    Start\startup_stm32f10x_md.s             0x00000000   Number         0  startup_stm32f10x_md.o ABSOLUTE
    Start\system_stm32f10x.c                 0x00000000   Number         0  system_stm32f10x.o ABSOLUTE
    System\Delay.c                           0x00000000   Number         0  delay.o ABSOLUTE
    UDSBase\uds_port.c                       0x00000000   Number         0  uds_port.o ABSOLUTE
    UDSBase\uds_service.c                    0x00000000   Number         0  uds_service.o ABSOLUTE
    UDSBase\uds_tp.c                         0x00000000   Number         0  uds_tp.o ABSOLUTE
    UDSLogic\SID10_SessionControl.c          0x00000000   Number         0  sid10_sessioncontrol.o ABSOLUTE
    UDSLogic\SID11_EcuReset.c                0x00000000   Number         0  sid11_ecureset.o ABSOLUTE
    UDSLogic\SID14_ClearDiagnosticInformation.c 0x00000000   Number         0  sid14_cleardiagnosticinformation.o ABSOLUTE
    UDSLogic\SID19_ReadDTCInformation.c      0x00000000   Number         0  sid19_readdtcinformation.o ABSOLUTE
    UDSLogic\SID22_ReadDataByIdentifier.c    0x00000000   Number         0  sid22_readdatabyidentifier.o ABSOLUTE
    UDSLogic\SID27_SecurityAccess.c          0x00000000   Number         0  sid27_securityaccess.o ABSOLUTE
    UDSLogic\SID28_CommunicationControl.c    0x00000000   Number         0  sid28_communicationcontrol.o ABSOLUTE
    UDSLogic\SID2E_WriteDataByIdentifier.c   0x00000000   Number         0  sid2e_writedatabyidentifier.o ABSOLUTE
    UDSLogic\SID31_RoutineControl.c          0x00000000   Number         0  sid31_routinecontrol.o ABSOLUTE
    UDSLogic\SID34_RequestDownload.c         0x00000000   Number         0  sid34_requestdownload.o ABSOLUTE
    UDSLogic\SID36_TransferData.c            0x00000000   Number         0  sid36_transferdata.o ABSOLUTE
    UDSLogic\SID37_RequestTransferExit.c     0x00000000   Number         0  sid37_requesttransferexit.o ABSOLUTE
    UDSLogic\SID3E_TesterPresent.c           0x00000000   Number         0  sid3e_testerpresent.o ABSOLUTE
    UDSLogic\SID85_ControlDTCSetting.c       0x00000000   Number         0  sid85_controldtcsetting.o ABSOLUTE
    UDSLogic\service_cfg.c                   0x00000000   Number         0  service_cfg.o ABSOLUTE
    User\main.c                              0x00000000   Number         0  main.o ABSOLUTE
    User\stm32f10x_it.c                      0x00000000   Number         0  stm32f10x_it.o ABSOLUTE
    cdrcmple.s                               0x00000000   Number         0  cdrcmple.o ABSOLUTE
    dc.s                                     0x00000000   Number         0  dc.o ABSOLUTE
    handlers.s                               0x00000000   Number         0  handlers.o ABSOLUTE
    init.s                                   0x00000000   Number         0  init.o ABSOLUTE
    RESET                                    0x08000000   Section      236  startup_stm32f10x_md.o(RESET)
    .ARM.Collect$$$$00000000                 0x080000ec   Section        0  entry.o(.ARM.Collect$$$$00000000)
    .ARM.Collect$$$$00000001                 0x080000ec   Section        4  entry2.o(.ARM.Collect$$$$00000001)
    .ARM.Collect$$$$00000004                 0x080000f0   Section        4  entry5.o(.ARM.Collect$$$$00000004)
    .ARM.Collect$$$$00000008                 0x080000f4   Section        0  entry7b.o(.ARM.Collect$$$$00000008)
    .ARM.Collect$$$$0000000A                 0x080000f4   Section        0  entry8b.o(.ARM.Collect$$$$0000000A)
    .ARM.Collect$$$$0000000B                 0x080000f4   Section        8  entry9a.o(.ARM.Collect$$$$0000000B)
    .ARM.Collect$$$$0000000D                 0x080000fc   Section        0  entry10a.o(.ARM.Collect$$$$0000000D)
    .ARM.Collect$$$$0000000F                 0x080000fc   Section        0  entry11a.o(.ARM.Collect$$$$0000000F)
    .ARM.Collect$$$$00002712                 0x080000fc   Section        4  entry2.o(.ARM.Collect$$$$00002712)
    __lit__00000000                          0x080000fc   Data           4  entry2.o(.ARM.Collect$$$$00002712)
    .emb_text                                0x08000100   Section       32  core_cm3.o(.emb_text)
    .text                                    0x08000120   Section       36  startup_stm32f10x_md.o(.text)
    .text                                    0x08000144   Section        0  memcpya.o(.text)
    .text                                    0x08000168   Section       36  init.o(.text)
    i.BusFault_Handler                       0x0800018c   Section        0  stm32f10x_it.o(i.BusFault_Handler)
    i.CAN_FilterInit                         0x08000190   Section        0  stm32f10x_can.o(i.CAN_FilterInit)
    i.CAN_Init                               0x08000298   Section        0  stm32f10x_can.o(i.CAN_Init)
    i.CAN_MessagePending                     0x080003ac   Section        0  stm32f10x_can.o(i.CAN_MessagePending)
    i.CAN_Receive                            0x080003ca   Section        0  stm32f10x_can.o(i.CAN_Receive)
    i.CAN_Transmit                           0x080004ba   Section        0  stm32f10x_can.o(i.CAN_Transmit)
    i.CAN_TransmitStatus                     0x080005e0   Section        0  stm32f10x_can.o(i.CAN_TransmitStatus)
    i.DebugMon_Handler                       0x08000680   Section        0  stm32f10x_it.o(i.DebugMon_Handler)
    i.Delay_ms                               0x08000682   Section        0  delay.o(i.Delay_ms)
    i.Delay_us                               0x0800069a   Section        0  delay.o(i.Delay_us)
    i.FLASH_ErasePage                        0x080006c8   Section        0  stm32f10x_flash.o(i.FLASH_ErasePage)
    i.FLASH_GetBank1Status                   0x08000714   Section        0  stm32f10x_flash.o(i.FLASH_GetBank1Status)
    i.FLASH_Lock                             0x08000748   Section        0  stm32f10x_flash.o(i.FLASH_Lock)
    i.FLASH_ProgramHalfWord                  0x0800075c   Section        0  stm32f10x_flash.o(i.FLASH_ProgramHalfWord)
    i.FLASH_ProgramWord                      0x0800079c   Section        0  stm32f10x_flash.o(i.FLASH_ProgramWord)
    i.FLASH_Unlock                           0x08000808   Section        0  stm32f10x_flash.o(i.FLASH_Unlock)
    i.FLASH_WaitForLastOperation             0x08000820   Section        0  stm32f10x_flash.o(i.FLASH_WaitForLastOperation)
    i.FlashDrv_ErasePage                     0x08000848   Section        0  flash.o(i.FlashDrv_ErasePage)
    i.FlashDrv_Lock                          0x08000874   Section        0  flash.o(i.FlashDrv_Lock)
    i.FlashDrv_ReadDID                       0x08000880   Section        0  flash.o(i.FlashDrv_ReadDID)
    i.FlashDrv_Unlock                        0x080008d8   Section        0  flash.o(i.FlashDrv_Unlock)
    i.FlashDrv_WriteDID                      0x080008e4   Section        0  flash.o(i.FlashDrv_WriteDID)
    i.GPIO_Init                              0x080009a4   Section        0  stm32f10x_gpio.o(i.GPIO_Init)
    i.HardFault_Handler                      0x08000aba   Section        0  stm32f10x_it.o(i.HardFault_Handler)
    i.InitCanTxMsg                           0x08000abe   Section        0  mycan.o(i.InitCanTxMsg)
    i.MemManage_Handler                      0x08000af2   Section        0  stm32f10x_it.o(i.MemManage_Handler)
    i.MyCAN_Init                             0x08000af8   Section        0  mycan.o(i.MyCAN_Init)
    i.MyCAN_Receive                          0x08000bc4   Section        0  mycan.o(i.MyCAN_Receive)
    i.MyCAN_ReceiveFlag                      0x08000bd8   Section        0  mycan.o(i.MyCAN_ReceiveFlag)
    i.MyCAN_Transmit                         0x08000bf4   Section        0  mycan.o(i.MyCAN_Transmit)
    i.MyFlash_ErasePage                      0x08000c28   Section        0  myflash.o(i.MyFlash_ErasePage)
    i.MyFlash_ProgramHalfWord                0x08000c3c   Section        0  myflash.o(i.MyFlash_ProgramHalfWord)
    i.MyFlash_ReadHalfWord                   0x08000c54   Section        0  myflash.o(i.MyFlash_ReadHalfWord)
    i.NMI_Handler                            0x08000c5a   Section        0  stm32f10x_it.o(i.NMI_Handler)
    i.NVIC_Init                              0x08000c5c   Section        0  misc.o(i.NVIC_Init)
    i.NVIC_PriorityGroupConfig               0x08000ccc   Section        0  misc.o(i.NVIC_PriorityGroupConfig)
    i.NVIC_SystemReset                       0x08000ce0   Section        0  sid11_ecureset.o(i.NVIC_SystemReset)
    NVIC_SystemReset                         0x08000ce1   Thumb Code    26  sid11_ecureset.o(i.NVIC_SystemReset)
    i.PendSV_Handler                         0x08000d04   Section        0  stm32f10x_it.o(i.PendSV_Handler)
    i.RCC_APB1PeriphClockCmd                 0x08000d08   Section        0  stm32f10x_rcc.o(i.RCC_APB1PeriphClockCmd)
    i.RCC_APB1PeriphResetCmd                 0x08000d28   Section        0  stm32f10x_rcc.o(i.RCC_APB1PeriphResetCmd)
    i.RCC_APB2PeriphClockCmd                 0x08000d48   Section        0  stm32f10x_rcc.o(i.RCC_APB2PeriphClockCmd)
    i.RCC_APB2PeriphResetCmd                 0x08000d68   Section        0  stm32f10x_rcc.o(i.RCC_APB2PeriphResetCmd)
    i.RCC_DeInit                             0x08000d88   Section        0  stm32f10x_rcc.o(i.RCC_DeInit)
    i.RCC_GetClocksFreq                      0x08000dd4   Section        0  stm32f10x_rcc.o(i.RCC_GetClocksFreq)
    i.SVC_Handler                            0x08000ea8   Section        0  stm32f10x_it.o(i.SVC_Handler)
    i.SetSysClock                            0x08000eaa   Section        0  system_stm32f10x.o(i.SetSysClock)
    SetSysClock                              0x08000eab   Thumb Code     8  system_stm32f10x.o(i.SetSysClock)
    i.SetSysClockTo72                        0x08000eb4   Section        0  system_stm32f10x.o(i.SetSysClockTo72)
    SetSysClockTo72                          0x08000eb5   Thumb Code   214  system_stm32f10x.o(i.SetSysClockTo72)
    i.Store_Init                             0x08000f94   Section        0  store.o(i.Store_Init)
    i.Store_Save                             0x08000fdc   Section        0  store.o(i.Store_Save)
    i.SysTick_Handler                        0x0800100c   Section        0  systick.o(i.SysTick_Handler)
    i.SystemInit                             0x08001024   Section        0  system_stm32f10x.o(i.SystemInit)
    i.TIM2_IRQHandler                        0x08001084   Section        0  main.o(i.TIM2_IRQHandler)
    i.TIM_ClearFlag                          0x080010a0   Section        0  stm32f10x_tim.o(i.TIM_ClearFlag)
    i.TIM_ClearITPendingBit                  0x080010a6   Section        0  stm32f10x_tim.o(i.TIM_ClearITPendingBit)
    i.TIM_Cmd                                0x080010ac   Section        0  stm32f10x_tim.o(i.TIM_Cmd)
    i.TIM_GetITStatus                        0x080010c4   Section        0  stm32f10x_tim.o(i.TIM_GetITStatus)
    i.TIM_ITConfig                           0x080010e6   Section        0  stm32f10x_tim.o(i.TIM_ITConfig)
    i.TIM_InternalClockConfig                0x080010f8   Section        0  stm32f10x_tim.o(i.TIM_InternalClockConfig)
    i.TIM_TimeBaseInit                       0x08001104   Section        0  stm32f10x_tim.o(i.TIM_TimeBaseInit)
    i.Timer_Init                             0x080011a8   Section        0  timer.o(i.Timer_Init)
    i.USART1_IRQHandler                      0x08001228   Section        0  usart.o(i.USART1_IRQHandler)
    i.USART_ClearITPendingBit                0x080012dc   Section        0  stm32f10x_usart.o(i.USART_ClearITPendingBit)
    i.USART_Cmd                              0x080012fa   Section        0  stm32f10x_usart.o(i.USART_Cmd)
    i.USART_DeInit                           0x08001314   Section        0  stm32f10x_usart.o(i.USART_DeInit)
    i.USART_GetITStatus                      0x080013b0   Section        0  stm32f10x_usart.o(i.USART_GetITStatus)
    i.USART_ITConfig                         0x08001404   Section        0  stm32f10x_usart.o(i.USART_ITConfig)
    i.USART_Init                             0x08001450   Section        0  stm32f10x_usart.o(i.USART_Init)
    i.USART_ReceiveData                      0x08001528   Section        0  stm32f10x_usart.o(i.USART_ReceiveData)
    i.USARTx_Conf                            0x08001534   Section        0  usart.o(i.USARTx_Conf)
    i.UsageFault_Handler                     0x080015f8   Section        0  stm32f10x_it.o(i.UsageFault_Handler)
    i.__scatterload_copy                     0x080015fc   Section       14  handlers.o(i.__scatterload_copy)
    i.__scatterload_null                     0x0800160a   Section        2  handlers.o(i.__scatterload_null)
    i.__scatterload_zeroinit                 0x0800160c   Section       14  handlers.o(i.__scatterload_zeroinit)
    i.check_app_valid                        0x0800161c   Section        0  main.o(i.check_app_valid)
    check_app_valid                          0x0800161d   Thumb Code    18  main.o(i.check_app_valid)
    i.check_bl_mode                          0x08001634   Section        0  main.o(i.check_bl_mode)
    check_bl_mode                            0x08001635   Thumb Code    22  main.o(i.check_bl_mode)
    i.clear_network                          0x08001650   Section        0  uds_tp.o(i.clear_network)
    clear_network                            0x08001651   Thumb Code    52  uds_tp.o(i.clear_network)
    i.get_current_sa_lv                      0x080016a0   Section        0  sid27_securityaccess.o(i.get_current_sa_lv)
    i.get_current_session                    0x080016ac   Section        0  sid10_sessioncontrol.o(i.get_current_session)
    i.jump_to_app                            0x080016b8   Section        0  main.o(i.jump_to_app)
    jump_to_app                              0x080016b9   Thumb Code    54  main.o(i.jump_to_app)
    i.main                                   0x080016f8   Section        0  main.o(i.main)
    i.network_reg                            0x08001770   Section        0  uds_tp.o(i.network_reg)
    i.network_send_udsmsg                    0x0800179c   Section        0  uds_tp.o(i.network_send_udsmsg)
    i.network_task                           0x080017d4   Section        0  uds_tp.o(i.network_task)
    i.nt_timer_chk                           0x080018c4   Section        0  uds_tp.o(i.nt_timer_chk)
    nt_timer_chk                             0x080018c5   Thumb Code    42  uds_tp.o(i.nt_timer_chk)
    i.nt_timer_run                           0x080018f4   Section        0  uds_tp.o(i.nt_timer_run)
    nt_timer_run                             0x080018f5   Thumb Code    62  uds_tp.o(i.nt_timer_run)
    i.nt_timer_start                         0x08001938   Section        0  uds_tp.o(i.nt_timer_start)
    nt_timer_start                           0x08001939   Thumb Code    46  uds_tp.o(i.nt_timer_start)
    i.nt_timer_start_wv                      0x08001970   Section        0  uds_tp.o(i.nt_timer_start_wv)
    nt_timer_start_wv                        0x08001971   Thumb Code    16  uds_tp.o(i.nt_timer_start_wv)
    i.nt_timer_stop                          0x08001984   Section        0  uds_tp.o(i.nt_timer_stop)
    nt_timer_stop                            0x08001985   Thumb Code    18  uds_tp.o(i.nt_timer_stop)
    i.recv_consecutiveframe                  0x0800199c   Section        0  uds_tp.o(i.recv_consecutiveframe)
    recv_consecutiveframe                    0x0800199d   Thumb Code   180  uds_tp.o(i.recv_consecutiveframe)
    i.recv_firstframe                        0x08001a68   Section        0  uds_tp.o(i.recv_firstframe)
    recv_firstframe                          0x08001a69   Thumb Code   128  uds_tp.o(i.recv_firstframe)
    i.recv_flowcontrolframe                  0x08001b04   Section        0  uds_tp.o(i.recv_flowcontrolframe)
    recv_flowcontrolframe                    0x08001b05   Thumb Code   162  uds_tp.o(i.recv_flowcontrolframe)
    i.recv_singleframe                       0x08001bc0   Section        0  uds_tp.o(i.recv_singleframe)
    recv_singleframe                         0x08001bc1   Thumb Code    64  uds_tp.o(i.recv_singleframe)
    i.rsp_or_skip                            0x08001c08   Section        0  sid31_routinecontrol.o(i.rsp_or_skip)
    rsp_or_skip                              0x08001c09   Thumb Code    24  sid31_routinecontrol.o(i.rsp_or_skip)
    i.send_consecutiveframe                  0x08001c24   Section        0  uds_tp.o(i.send_consecutiveframe)
    send_consecutiveframe                    0x08001c25   Thumb Code    92  uds_tp.o(i.send_consecutiveframe)
    i.send_firstframe                        0x08001c80   Section        0  uds_tp.o(i.send_firstframe)
    send_firstframe                          0x08001c81   Thumb Code    88  uds_tp.o(i.send_firstframe)
    i.send_flowcontrol                       0x08001cdc   Section        0  uds_tp.o(i.send_flowcontrol)
    send_flowcontrol                         0x08001cdd   Thumb Code    64  uds_tp.o(i.send_flowcontrol)
    i.send_multipleframe                     0x08001d1c   Section        0  uds_tp.o(i.send_multipleframe)
    send_multipleframe                       0x08001d1d   Thumb Code    72  uds_tp.o(i.send_multipleframe)
    i.send_singleframe                       0x08001d74   Section        0  uds_tp.o(i.send_singleframe)
    send_singleframe                         0x08001d75   Thumb Code    84  uds_tp.o(i.send_singleframe)
    i.service_10_SessionControl              0x08001dc8   Section        0  sid10_sessioncontrol.o(i.service_10_SessionControl)
    i.service_10_check_len                   0x08001e80   Section        0  sid10_sessioncontrol.o(i.service_10_check_len)
    i.service_11_EcuReset                    0x08001e8c   Section        0  sid11_ecureset.o(i.service_11_EcuReset)
    i.service_11_check_len                   0x08001f06   Section        0  sid11_ecureset.o(i.service_11_check_len)
    i.service_14_ClearDiagnosticInformation  0x08001f12   Section        0  sid14_cleardiagnosticinformation.o(i.service_14_ClearDiagnosticInformation)
    i.service_14_check_len                   0x08001f4e   Section        0  sid14_cleardiagnosticinformation.o(i.service_14_check_len)
    i.service_19_ReadDTCInformation          0x08001f5a   Section        0  sid19_readdtcinformation.o(i.service_19_ReadDTCInformation)
    i.service_19_check_len                   0x08001fa8   Section        0  sid19_readdtcinformation.o(i.service_19_check_len)
    i.service_22_ReadDataByIdentifier        0x08001fae   Section        0  sid22_readdatabyidentifier.o(i.service_22_ReadDataByIdentifier)
    i.service_22_check_len                   0x080021e4   Section        0  sid22_readdatabyidentifier.o(i.service_22_check_len)
    i.service_27_SecurityAccess              0x080021f4   Section        0  sid27_securityaccess.o(i.service_27_SecurityAccess)
    i.service_27_check_len                   0x08002388   Section        0  sid27_securityaccess.o(i.service_27_check_len)
    i.service_28_CommunicationControl        0x080023b8   Section        0  sid28_communicationcontrol.o(i.service_28_CommunicationControl)
    i.service_28_check_len                   0x08002450   Section        0  sid28_communicationcontrol.o(i.service_28_check_len)
    i.service_2E_WriteDataByIdentifier       0x0800245c   Section        0  sid2e_writedatabyidentifier.o(i.service_2E_WriteDataByIdentifier)
    i.service_2E_check_len                   0x0800254c   Section        0  sid2e_writedatabyidentifier.o(i.service_2E_check_len)
    i.service_31_RoutineControl              0x08002558   Section        0  sid31_routinecontrol.o(i.service_31_RoutineControl)
    i.service_31_check_len                   0x08002680   Section        0  sid31_routinecontrol.o(i.service_31_check_len)
    i.service_34_RequestDownload             0x080026ac   Section        0  sid34_requestdownload.o(i.service_34_RequestDownload)
    i.service_34_check_len                   0x08002744   Section        0  sid34_requestdownload.o(i.service_34_check_len)
    i.service_36_TransferData                0x08002750   Section        0  sid36_transferdata.o(i.service_36_TransferData)
    i.service_36_check_len                   0x080027b8   Section        0  sid36_transferdata.o(i.service_36_check_len)
    i.service_37_RequestTransferExit         0x080027c0   Section        0  sid37_requesttransferexit.o(i.service_37_RequestTransferExit)
    i.service_37_check_len                   0x08002828   Section        0  sid37_requesttransferexit.o(i.service_37_check_len)
    i.service_3E_TesterPresent               0x08002830   Section        0  sid3e_testerpresent.o(i.service_3E_TesterPresent)
    i.service_3E_check_len                   0x08002868   Section        0  sid3e_testerpresent.o(i.service_3E_check_len)
    i.service_85_ControlDTCSetting           0x08002874   Section        0  sid85_controldtcsetting.o(i.service_85_ControlDTCSetting)
    i.service_85_check_len                   0x080028d0   Section        0  sid85_controldtcsetting.o(i.service_85_check_len)
    i.service_init                           0x080028dc   Section        0  uds_service.o(i.service_init)
    i.service_task                           0x08002908   Section        0  uds_service.o(i.service_task)
    i.set_current_sa_lv                      0x08002938   Section        0  sid27_securityaccess.o(i.set_current_sa_lv)
    i.set_current_session                    0x08002944   Section        0  sid10_sessioncontrol.o(i.set_current_session)
    i.start_0202                             0x08002950   Section        0  sid31_routinecontrol.o(i.start_0202)
    start_0202                               0x08002951   Thumb Code     2  sid31_routinecontrol.o(i.start_0202)
    i.start_0203                             0x08002954   Section        0  sid31_routinecontrol.o(i.start_0203)
    start_0203                               0x08002955   Thumb Code    24  sid31_routinecontrol.o(i.start_0203)
    i.start_0204                             0x08002974   Section        0  sid31_routinecontrol.o(i.start_0204)
    start_0204                               0x08002975   Thumb Code     2  sid31_routinecontrol.o(i.start_0204)
    i.start_DD02                             0x08002978   Section        0  sid31_routinecontrol.o(i.start_DD02)
    start_DD02                               0x08002979   Thumb Code    24  sid31_routinecontrol.o(i.start_DD02)
    i.start_DFE0                             0x08002998   Section        0  sid31_routinecontrol.o(i.start_DFE0)
    start_DFE0                               0x08002999   Thumb Code     2  sid31_routinecontrol.o(i.start_DFE0)
    i.start_FF00                             0x0800299c   Section        0  sid31_routinecontrol.o(i.start_FF00)
    start_FF00                               0x0800299d   Thumb Code   130  sid31_routinecontrol.o(i.start_FF00)
    i.start_FF01                             0x08002a28   Section        0  sid31_routinecontrol.o(i.start_FF01)
    start_FF01                               0x08002a29   Thumb Code     2  sid31_routinecontrol.o(i.start_FF01)
    i.stop_NONE                              0x08002a2a   Section        0  sid31_routinecontrol.o(i.stop_NONE)
    stop_NONE                                0x08002a2b   Thumb Code     2  sid31_routinecontrol.o(i.stop_NONE)
    i.uds_1ms_task                           0x08002a2c   Section        0  uds_port.o(i.uds_1ms_task)
    i.uds_compute_key                        0x08002a38   Section        0  sid27_securityaccess.o(i.uds_compute_key)
    i.uds_data_confirm                       0x08002a84   Section        0  uds_service.o(i.uds_data_confirm)
    uds_data_confirm                         0x08002a85   Thumb Code    12  uds_service.o(i.uds_data_confirm)
    i.uds_data_indication                    0x08002a90   Section        0  uds_service.o(i.uds_data_indication)
    uds_data_indication                      0x08002a91   Thumb Code   294  uds_service.o(i.uds_data_indication)
    i.uds_dataff_indication                  0x08002bc4   Section        0  uds_service.o(i.uds_dataff_indication)
    uds_dataff_indication                    0x08002bc5   Thumb Code    12  uds_service.o(i.uds_dataff_indication)
    i.uds_init                               0x08002bd0   Section        0  uds_port.o(i.uds_init)
    i.uds_negative_rsp                       0x08002bd8   Section        0  uds_service.o(i.uds_negative_rsp)
    i.uds_no_response                        0x08002c30   Section        0  uds_service.o(i.uds_no_response)
    uds_no_response                          0x08002c31   Thumb Code     2  uds_service.o(i.uds_no_response)
    i.uds_positive_rsp                       0x08002c34   Section        0  uds_service.o(i.uds_positive_rsp)
    i.uds_recv_frame                         0x08002c5c   Section        0  uds_port.o(i.uds_recv_frame)
    i.uds_send_frame                         0x08002c8c   Section        0  uds_port.o(i.uds_send_frame)
    i.uds_timer_chk                          0x08002cac   Section        0  uds_service.o(i.uds_timer_chk)
    i.uds_timer_run                          0x08002ccc   Section        0  uds_service.o(i.uds_timer_run)
    uds_timer_run                            0x08002ccd   Thumb Code    62  uds_service.o(i.uds_timer_run)
    i.uds_timer_start                        0x08002d10   Section        0  uds_service.o(i.uds_timer_start)
    i.uds_timer_stop                         0x08002d34   Section        0  uds_service.o(i.uds_timer_stop)
    uds_timer_stop                           0x08002d35   Thumb Code    18  uds_service.o(i.uds_timer_stop)
    i.uds_tp_recv_frame                      0x08002d4c   Section        0  uds_tp.o(i.uds_tp_recv_frame)
    .constdata                               0x08002e5c   Section      320  service_cfg.o(.constdata)
    .constdata                               0x08002f9c   Section       16  sid27_securityaccess.o(.constdata)
    fixed_seed                               0x08002f9c   Data          16  sid27_securityaccess.o(.constdata)
    .data                                    0x20000000   Section       20  stm32f10x_rcc.o(.data)
    APBAHBPrescTable                         0x20000000   Data          16  stm32f10x_rcc.o(.data)
    ADCPrescTable                            0x20000010   Data           4  stm32f10x_rcc.o(.data)
    .data                                    0x20000014   Section       12  usart.o(.data)
    RxState                                  0x2000001e   Data           1  usart.o(.data)
    pRxPacket                                0x2000001f   Data           1  usart.o(.data)
    .data                                    0x20000020   Section        8  systick.o(.data)
    g_sysRunTime                             0x20000020   Data           8  systick.o(.data)
    .data                                    0x20000028   Section        9  uds_service.o(.data)
    uds_timer                                0x20000028   Data           8  uds_service.o(.data)
    ssp_flg                                  0x20000030   Data           1  uds_service.o(.data)
    .data                                    0x20000032   Section       27  uds_tp.o(.data)
    nwl_st                                   0x20000032   Data           1  uds_tp.o(.data)
    g_wait_cf                                0x20000033   Data           1  uds_tp.o(.data)
    g_wait_fc                                0x20000034   Data           1  uds_tp.o(.data)
    g_rfc_stmin                              0x20000035   Data           1  uds_tp.o(.data)
    g_rfc_bs                                 0x20000036   Data           1  uds_tp.o(.data)
    g_xcf_bc                                 0x20000037   Data           1  uds_tp.o(.data)
    g_xcf_sn                                 0x20000038   Data           1  uds_tp.o(.data)
    g_rcf_bc                                 0x20000039   Data           1  uds_tp.o(.data)
    g_rcf_sn                                 0x2000003a   Data           1  uds_tp.o(.data)
    remain_len                               0x2000003c   Data           2  uds_tp.o(.data)
    remain_pos                               0x2000003e   Data           2  uds_tp.o(.data)
    recv_buf_sf                              0x20000040   Data           8  uds_tp.o(.data)
    recv_fdl                                 0x20000048   Data           2  uds_tp.o(.data)
    recv_len                                 0x2000004a   Data           2  uds_tp.o(.data)
    .data                                    0x2000004d   Section        1  sid10_sessioncontrol.o(.data)
    uds_session                              0x2000004d   Data           1  sid10_sessioncontrol.o(.data)
    .data                                    0x20000050   Section        8  sid27_securityaccess.o(.data)
    req_seed                                 0x20000050   Data           1  sid27_securityaccess.o(.data)
    req_subfunc                              0x20000051   Data           1  sid27_securityaccess.o(.data)
    curr_sa                                  0x20000052   Data           1  sid27_securityaccess.o(.data)
    cnt                                      0x20000054   Data           4  sid27_securityaccess.o(.data)
    .data                                    0x20000058   Section        2  sid28_communicationcontrol.o(.data)
    .data                                    0x2000005c   Section      116  sid31_routinecontrol.o(.data)
    g_start_ok                               0x2000005c   Data           1  sid31_routinecontrol.o(.data)
    rtctrl_list                              0x20000060   Data         112  sid31_routinecontrol.o(.data)
    .data                                    0x200000d0   Section       12  sid34_requestdownload.o(.data)
    .data                                    0x200000dc   Section        1  sid85_controldtcsetting.o(.data)
    .bss                                     0x200000e0   Section       20  main.o(.bss)
    .bss                                     0x200000f4   Section      100  usart.o(.bss)
    .bss                                     0x20000158   Section     1024  store.o(.bss)
    .bss                                     0x20000558   Section       20  uds_port.o(.bss)
    .bss                                     0x2000056c   Section     2200  uds_tp.o(.bss)
    nt_timer                                 0x2000056c   Data          12  uds_tp.o(.bss)
    remain_buf                               0x20000578   Data         128  uds_tp.o(.bss)
    recv_buf                                 0x200005f8   Data        2048  uds_tp.o(.bss)
    N_USData                                 0x20000df8   Data          12  uds_tp.o(.bss)
    .bss                                     0x20000e04   Section       16  sid27_securityaccess.o(.bss)
    org_seed_buf                             0x20000e04   Data          16  sid27_securityaccess.o(.bss)
    STACK                                    0x20000e18   Section     2048  startup_stm32f10x_md.o(STACK)

    Global Symbols

    Symbol Name                              Value     Ov Type        Size  Object(Section)

    BuildAttributes$$THM_ISAv4$P$D$K$B$S$PE$A:L22UL41UL21$X:L11$S22US41US21$IEEE1$IW$USESV6$~STKCKD$USESV7$~SHL$OSPACE$ROPI$EBA8$MICROLIB$REQ8$PRES8$EABIv2 0x00000000   Number         0  anon$$obj.o ABSOLUTE
    __ARM_use_no_argv                        0x00000000   Number         0  main.o ABSOLUTE
    _printf_a                                0x00000000   Number         0  stubs.o ABSOLUTE
    _printf_c                                0x00000000   Number         0  stubs.o ABSOLUTE
    _printf_charcount                        0x00000000   Number         0  stubs.o ABSOLUTE
    _printf_d                                0x00000000   Number         0  stubs.o ABSOLUTE
    _printf_e                                0x00000000   Number         0  stubs.o ABSOLUTE
    _printf_f                                0x00000000   Number         0  stubs.o ABSOLUTE
    _printf_flags                            0x00000000   Number         0  stubs.o ABSOLUTE
    _printf_fp_dec                           0x00000000   Number         0  stubs.o ABSOLUTE
    _printf_fp_hex                           0x00000000   Number         0  stubs.o ABSOLUTE
    _printf_g                                0x00000000   Number         0  stubs.o ABSOLUTE
    _printf_i                                0x00000000   Number         0  stubs.o ABSOLUTE
    _printf_int_dec                          0x00000000   Number         0  stubs.o ABSOLUTE
    _printf_l                                0x00000000   Number         0  stubs.o ABSOLUTE
    _printf_lc                               0x00000000   Number         0  stubs.o ABSOLUTE
    _printf_ll                               0x00000000   Number         0  stubs.o ABSOLUTE
    _printf_lld                              0x00000000   Number         0  stubs.o ABSOLUTE
    _printf_lli                              0x00000000   Number         0  stubs.o ABSOLUTE
    _printf_llo                              0x00000000   Number         0  stubs.o ABSOLUTE
    _printf_llu                              0x00000000   Number         0  stubs.o ABSOLUTE
    _printf_llx                              0x00000000   Number         0  stubs.o ABSOLUTE
    _printf_longlong_dec                     0x00000000   Number         0  stubs.o ABSOLUTE
    _printf_longlong_hex                     0x00000000   Number         0  stubs.o ABSOLUTE
    _printf_longlong_oct                     0x00000000   Number         0  stubs.o ABSOLUTE
    _printf_ls                               0x00000000   Number         0  stubs.o ABSOLUTE
    _printf_mbtowc                           0x00000000   Number         0  stubs.o ABSOLUTE
    _printf_n                                0x00000000   Number         0  stubs.o ABSOLUTE
    _printf_o                                0x00000000   Number         0  stubs.o ABSOLUTE
    _printf_p                                0x00000000   Number         0  stubs.o ABSOLUTE
    _printf_percent                          0x00000000   Number         0  stubs.o ABSOLUTE
    _printf_pre_padding                      0x00000000   Number         0  stubs.o ABSOLUTE
    _printf_return_value                     0x00000000   Number         0  stubs.o ABSOLUTE
    _printf_s                                0x00000000   Number         0  stubs.o ABSOLUTE
    _printf_sizespec                         0x00000000   Number         0  stubs.o ABSOLUTE
    _printf_str                              0x00000000   Number         0  stubs.o ABSOLUTE
    _printf_truncate_signed                  0x00000000   Number         0  stubs.o ABSOLUTE
    _printf_truncate_unsigned                0x00000000   Number         0  stubs.o ABSOLUTE
    _printf_u                                0x00000000   Number         0  stubs.o ABSOLUTE
    _printf_wc                               0x00000000   Number         0  stubs.o ABSOLUTE
    _printf_wctomb                           0x00000000   Number         0  stubs.o ABSOLUTE
    _printf_widthprec                        0x00000000   Number         0  stubs.o ABSOLUTE
    _printf_x                                0x00000000   Number         0  stubs.o ABSOLUTE
    __cpp_initialize__aeabi_                  - Undefined Weak Reference
    __cxa_finalize                            - Undefined Weak Reference
    __decompress                              - Undefined Weak Reference
    _clock_init                               - Undefined Weak Reference
    _microlib_exit                            - Undefined Weak Reference
    __Vectors_Size                           0x000000ec   Number         0  startup_stm32f10x_md.o ABSOLUTE
    __Vectors                                0x08000000   Data           4  startup_stm32f10x_md.o(RESET)
    __Vectors_End                            0x080000ec   Data           0  startup_stm32f10x_md.o(RESET)
    __main                                   0x080000ed   Thumb Code     0  entry.o(.ARM.Collect$$$$00000000)
    _main_stk                                0x080000ed   Thumb Code     0  entry2.o(.ARM.Collect$$$$00000001)
    _main_scatterload                        0x080000f1   Thumb Code     0  entry5.o(.ARM.Collect$$$$00000004)
    __main_after_scatterload                 0x080000f5   Thumb Code     0  entry5.o(.ARM.Collect$$$$00000004)
    _main_clock                              0x080000f5   Thumb Code     0  entry7b.o(.ARM.Collect$$$$00000008)
    _main_cpp_init                           0x080000f5   Thumb Code     0  entry8b.o(.ARM.Collect$$$$0000000A)
    _main_init                               0x080000f5   Thumb Code     0  entry9a.o(.ARM.Collect$$$$0000000B)
    __rt_final_cpp                           0x080000fd   Thumb Code     0  entry10a.o(.ARM.Collect$$$$0000000D)
    __rt_final_exit                          0x080000fd   Thumb Code     0  entry11a.o(.ARM.Collect$$$$0000000F)
    __get_PSP                                0x08000101   Thumb Code     6  core_cm3.o(.emb_text)
    __set_PSP                                0x08000107   Thumb Code     6  core_cm3.o(.emb_text)
    __get_MSP                                0x0800010d   Thumb Code     6  core_cm3.o(.emb_text)
    __set_MSP                                0x08000113   Thumb Code     6  core_cm3.o(.emb_text)
    __REV16                                  0x08000119   Thumb Code     4  core_cm3.o(.emb_text)
    __REVSH                                  0x0800011d   Thumb Code     4  core_cm3.o(.emb_text)
    Reset_Handler                            0x08000121   Thumb Code     8  startup_stm32f10x_md.o(.text)
    ADC1_2_IRQHandler                        0x0800013b   Thumb Code     0  startup_stm32f10x_md.o(.text)
    CAN1_RX1_IRQHandler                      0x0800013b   Thumb Code     0  startup_stm32f10x_md.o(.text)
    CAN1_SCE_IRQHandler                      0x0800013b   Thumb Code     0  startup_stm32f10x_md.o(.text)
    DMA1_Channel1_IRQHandler                 0x0800013b   Thumb Code     0  startup_stm32f10x_md.o(.text)
    DMA1_Channel2_IRQHandler                 0x0800013b   Thumb Code     0  startup_stm32f10x_md.o(.text)
    DMA1_Channel3_IRQHandler                 0x0800013b   Thumb Code     0  startup_stm32f10x_md.o(.text)
    DMA1_Channel4_IRQHandler                 0x0800013b   Thumb Code     0  startup_stm32f10x_md.o(.text)
    DMA1_Channel5_IRQHandler                 0x0800013b   Thumb Code     0  startup_stm32f10x_md.o(.text)
    DMA1_Channel6_IRQHandler                 0x0800013b   Thumb Code     0  startup_stm32f10x_md.o(.text)
    DMA1_Channel7_IRQHandler                 0x0800013b   Thumb Code     0  startup_stm32f10x_md.o(.text)
    EXTI0_IRQHandler                         0x0800013b   Thumb Code     0  startup_stm32f10x_md.o(.text)
    EXTI15_10_IRQHandler                     0x0800013b   Thumb Code     0  startup_stm32f10x_md.o(.text)
    EXTI1_IRQHandler                         0x0800013b   Thumb Code     0  startup_stm32f10x_md.o(.text)
    EXTI2_IRQHandler                         0x0800013b   Thumb Code     0  startup_stm32f10x_md.o(.text)
    EXTI3_IRQHandler                         0x0800013b   Thumb Code     0  startup_stm32f10x_md.o(.text)
    EXTI4_IRQHandler                         0x0800013b   Thumb Code     0  startup_stm32f10x_md.o(.text)
    EXTI9_5_IRQHandler                       0x0800013b   Thumb Code     0  startup_stm32f10x_md.o(.text)
    FLASH_IRQHandler                         0x0800013b   Thumb Code     0  startup_stm32f10x_md.o(.text)
    I2C1_ER_IRQHandler                       0x0800013b   Thumb Code     0  startup_stm32f10x_md.o(.text)
    I2C1_EV_IRQHandler                       0x0800013b   Thumb Code     0  startup_stm32f10x_md.o(.text)
    I2C2_ER_IRQHandler                       0x0800013b   Thumb Code     0  startup_stm32f10x_md.o(.text)
    I2C2_EV_IRQHandler                       0x0800013b   Thumb Code     0  startup_stm32f10x_md.o(.text)
    PVD_IRQHandler                           0x0800013b   Thumb Code     0  startup_stm32f10x_md.o(.text)
    RCC_IRQHandler                           0x0800013b   Thumb Code     0  startup_stm32f10x_md.o(.text)
    RTCAlarm_IRQHandler                      0x0800013b   Thumb Code     0  startup_stm32f10x_md.o(.text)
    RTC_IRQHandler                           0x0800013b   Thumb Code     0  startup_stm32f10x_md.o(.text)
    SPI1_IRQHandler                          0x0800013b   Thumb Code     0  startup_stm32f10x_md.o(.text)
    SPI2_IRQHandler                          0x0800013b   Thumb Code     0  startup_stm32f10x_md.o(.text)
    TAMPER_IRQHandler                        0x0800013b   Thumb Code     0  startup_stm32f10x_md.o(.text)
    TIM1_BRK_IRQHandler                      0x0800013b   Thumb Code     0  startup_stm32f10x_md.o(.text)
    TIM1_CC_IRQHandler                       0x0800013b   Thumb Code     0  startup_stm32f10x_md.o(.text)
    TIM1_TRG_COM_IRQHandler                  0x0800013b   Thumb Code     0  startup_stm32f10x_md.o(.text)
    TIM1_UP_IRQHandler                       0x0800013b   Thumb Code     0  startup_stm32f10x_md.o(.text)
    TIM3_IRQHandler                          0x0800013b   Thumb Code     0  startup_stm32f10x_md.o(.text)
    TIM4_IRQHandler                          0x0800013b   Thumb Code     0  startup_stm32f10x_md.o(.text)
    USART2_IRQHandler                        0x0800013b   Thumb Code     0  startup_stm32f10x_md.o(.text)
    USART3_IRQHandler                        0x0800013b   Thumb Code     0  startup_stm32f10x_md.o(.text)
    USBWakeUp_IRQHandler                     0x0800013b   Thumb Code     0  startup_stm32f10x_md.o(.text)
    USB_HP_CAN1_TX_IRQHandler                0x0800013b   Thumb Code     0  startup_stm32f10x_md.o(.text)
    USB_LP_CAN1_RX0_IRQHandler               0x0800013b   Thumb Code     0  startup_stm32f10x_md.o(.text)
    WWDG_IRQHandler                          0x0800013b   Thumb Code     0  startup_stm32f10x_md.o(.text)
    __aeabi_memcpy                           0x08000145   Thumb Code    36  memcpya.o(.text)
    __aeabi_memcpy4                          0x08000145   Thumb Code     0  memcpya.o(.text)
    __aeabi_memcpy8                          0x08000145   Thumb Code     0  memcpya.o(.text)
    __scatterload                            0x08000169   Thumb Code    28  init.o(.text)
    __scatterload_rt2                        0x08000169   Thumb Code     0  init.o(.text)
    BusFault_Handler                         0x0800018d   Thumb Code     4  stm32f10x_it.o(i.BusFault_Handler)
    CAN_FilterInit                           0x08000191   Thumb Code   258  stm32f10x_can.o(i.CAN_FilterInit)
    CAN_Init                                 0x08000299   Thumb Code   276  stm32f10x_can.o(i.CAN_Init)
    CAN_MessagePending                       0x080003ad   Thumb Code    30  stm32f10x_can.o(i.CAN_MessagePending)
    CAN_Receive                              0x080003cb   Thumb Code   240  stm32f10x_can.o(i.CAN_Receive)
    CAN_Transmit                             0x080004bb   Thumb Code   294  stm32f10x_can.o(i.CAN_Transmit)
    CAN_TransmitStatus                       0x080005e1   Thumb Code   138  stm32f10x_can.o(i.CAN_TransmitStatus)
    DebugMon_Handler                         0x08000681   Thumb Code     2  stm32f10x_it.o(i.DebugMon_Handler)
    Delay_ms                                 0x08000683   Thumb Code    24  delay.o(i.Delay_ms)
    Delay_us                                 0x0800069b   Thumb Code    46  delay.o(i.Delay_us)
    FLASH_ErasePage                          0x080006c9   Thumb Code    72  stm32f10x_flash.o(i.FLASH_ErasePage)
    FLASH_GetBank1Status                     0x08000715   Thumb Code    48  stm32f10x_flash.o(i.FLASH_GetBank1Status)
    FLASH_Lock                               0x08000749   Thumb Code    14  stm32f10x_flash.o(i.FLASH_Lock)
    FLASH_ProgramHalfWord                    0x0800075d   Thumb Code    60  stm32f10x_flash.o(i.FLASH_ProgramHalfWord)
    FLASH_ProgramWord                        0x0800079d   Thumb Code   102  stm32f10x_flash.o(i.FLASH_ProgramWord)
    FLASH_Unlock                             0x08000809   Thumb Code    12  stm32f10x_flash.o(i.FLASH_Unlock)
    FLASH_WaitForLastOperation               0x08000821   Thumb Code    38  stm32f10x_flash.o(i.FLASH_WaitForLastOperation)
    FlashDrv_ErasePage                       0x08000849   Thumb Code    40  flash.o(i.FlashDrv_ErasePage)
    FlashDrv_Lock                            0x08000875   Thumb Code    10  flash.o(i.FlashDrv_Lock)
    FlashDrv_ReadDID                         0x08000881   Thumb Code    78  flash.o(i.FlashDrv_ReadDID)
    FlashDrv_Unlock                          0x080008d9   Thumb Code    10  flash.o(i.FlashDrv_Unlock)
    FlashDrv_WriteDID                        0x080008e5   Thumb Code   184  flash.o(i.FlashDrv_WriteDID)
    GPIO_Init                                0x080009a5   Thumb Code   278  stm32f10x_gpio.o(i.GPIO_Init)
    HardFault_Handler                        0x08000abb   Thumb Code     4  stm32f10x_it.o(i.HardFault_Handler)
    InitCanTxMsg                             0x08000abf   Thumb Code    52  mycan.o(i.InitCanTxMsg)
    MemManage_Handler                        0x08000af3   Thumb Code     4  stm32f10x_it.o(i.MemManage_Handler)
    MyCAN_Init                               0x08000af9   Thumb Code   194  mycan.o(i.MyCAN_Init)
    MyCAN_Receive                            0x08000bc5   Thumb Code    16  mycan.o(i.MyCAN_Receive)
    MyCAN_ReceiveFlag                        0x08000bd9   Thumb Code    22  mycan.o(i.MyCAN_ReceiveFlag)
    MyCAN_Transmit                           0x08000bf5   Thumb Code    44  mycan.o(i.MyCAN_Transmit)
    MyFlash_ErasePage                        0x08000c29   Thumb Code    20  myflash.o(i.MyFlash_ErasePage)
    MyFlash_ProgramHalfWord                  0x08000c3d   Thumb Code    24  myflash.o(i.MyFlash_ProgramHalfWord)
    MyFlash_ReadHalfWord                     0x08000c55   Thumb Code     6  myflash.o(i.MyFlash_ReadHalfWord)
    NMI_Handler                              0x08000c5b   Thumb Code     2  stm32f10x_it.o(i.NMI_Handler)
    NVIC_Init                                0x08000c5d   Thumb Code   100  misc.o(i.NVIC_Init)
    NVIC_PriorityGroupConfig                 0x08000ccd   Thumb Code    10  misc.o(i.NVIC_PriorityGroupConfig)
    PendSV_Handler                           0x08000d05   Thumb Code     2  stm32f10x_it.o(i.PendSV_Handler)
    RCC_APB1PeriphClockCmd                   0x08000d09   Thumb Code    26  stm32f10x_rcc.o(i.RCC_APB1PeriphClockCmd)
    RCC_APB1PeriphResetCmd                   0x08000d29   Thumb Code    26  stm32f10x_rcc.o(i.RCC_APB1PeriphResetCmd)
    RCC_APB2PeriphClockCmd                   0x08000d49   Thumb Code    26  stm32f10x_rcc.o(i.RCC_APB2PeriphClockCmd)
    RCC_APB2PeriphResetCmd                   0x08000d69   Thumb Code    26  stm32f10x_rcc.o(i.RCC_APB2PeriphResetCmd)
    RCC_DeInit                               0x08000d89   Thumb Code    64  stm32f10x_rcc.o(i.RCC_DeInit)
    RCC_GetClocksFreq                        0x08000dd5   Thumb Code   192  stm32f10x_rcc.o(i.RCC_GetClocksFreq)
    SVC_Handler                              0x08000ea9   Thumb Code     2  stm32f10x_it.o(i.SVC_Handler)
    Store_Init                               0x08000f95   Thumb Code    64  store.o(i.Store_Init)
    Store_Save                               0x08000fdd   Thumb Code    40  store.o(i.Store_Save)
    SysTick_Handler                          0x0800100d   Thumb Code    20  systick.o(i.SysTick_Handler)
    SystemInit                               0x08001025   Thumb Code    78  system_stm32f10x.o(i.SystemInit)
    TIM2_IRQHandler                          0x08001085   Thumb Code    28  main.o(i.TIM2_IRQHandler)
    TIM_ClearFlag                            0x080010a1   Thumb Code     6  stm32f10x_tim.o(i.TIM_ClearFlag)
    TIM_ClearITPendingBit                    0x080010a7   Thumb Code     6  stm32f10x_tim.o(i.TIM_ClearITPendingBit)
    TIM_Cmd                                  0x080010ad   Thumb Code    24  stm32f10x_tim.o(i.TIM_Cmd)
    TIM_GetITStatus                          0x080010c5   Thumb Code    34  stm32f10x_tim.o(i.TIM_GetITStatus)
    TIM_ITConfig                             0x080010e7   Thumb Code    18  stm32f10x_tim.o(i.TIM_ITConfig)
    TIM_InternalClockConfig                  0x080010f9   Thumb Code    12  stm32f10x_tim.o(i.TIM_InternalClockConfig)
    TIM_TimeBaseInit                         0x08001105   Thumb Code   122  stm32f10x_tim.o(i.TIM_TimeBaseInit)
    Timer_Init                               0x080011a9   Thumb Code   126  timer.o(i.Timer_Init)
    USART1_IRQHandler                        0x08001229   Thumb Code   156  usart.o(i.USART1_IRQHandler)
    USART_ClearITPendingBit                  0x080012dd   Thumb Code    30  stm32f10x_usart.o(i.USART_ClearITPendingBit)
    USART_Cmd                                0x080012fb   Thumb Code    24  stm32f10x_usart.o(i.USART_Cmd)
    USART_DeInit                             0x08001315   Thumb Code   134  stm32f10x_usart.o(i.USART_DeInit)
    USART_GetITStatus                        0x080013b1   Thumb Code    84  stm32f10x_usart.o(i.USART_GetITStatus)
    USART_ITConfig                           0x08001405   Thumb Code    74  stm32f10x_usart.o(i.USART_ITConfig)
    USART_Init                               0x08001451   Thumb Code   210  stm32f10x_usart.o(i.USART_Init)
    USART_ReceiveData                        0x08001529   Thumb Code    10  stm32f10x_usart.o(i.USART_ReceiveData)
    USARTx_Conf                              0x08001535   Thumb Code   186  usart.o(i.USARTx_Conf)
    UsageFault_Handler                       0x080015f9   Thumb Code     4  stm32f10x_it.o(i.UsageFault_Handler)
    __scatterload_copy                       0x080015fd   Thumb Code    14  handlers.o(i.__scatterload_copy)
    __scatterload_null                       0x0800160b   Thumb Code     2  handlers.o(i.__scatterload_null)
    __scatterload_zeroinit                   0x0800160d   Thumb Code    14  handlers.o(i.__scatterload_zeroinit)
    get_current_sa_lv                        0x080016a1   Thumb Code     6  sid27_securityaccess.o(i.get_current_sa_lv)
    get_current_session                      0x080016ad   Thumb Code     6  sid10_sessioncontrol.o(i.get_current_session)
    main                                     0x080016f9   Thumb Code   100  main.o(i.main)
    network_reg                              0x08001771   Thumb Code    40  uds_tp.o(i.network_reg)
    network_send_udsmsg                      0x0800179d   Thumb Code    52  uds_tp.o(i.network_send_udsmsg)
    network_task                             0x080017d5   Thumb Code   198  uds_tp.o(i.network_task)
    service_10_SessionControl                0x08001dc9   Thumb Code   178  sid10_sessioncontrol.o(i.service_10_SessionControl)
    service_10_check_len                     0x08001e81   Thumb Code    12  sid10_sessioncontrol.o(i.service_10_check_len)
    service_11_EcuReset                      0x08001e8d   Thumb Code   122  sid11_ecureset.o(i.service_11_EcuReset)
    service_11_check_len                     0x08001f07   Thumb Code    12  sid11_ecureset.o(i.service_11_check_len)
    service_14_ClearDiagnosticInformation    0x08001f13   Thumb Code    60  sid14_cleardiagnosticinformation.o(i.service_14_ClearDiagnosticInformation)
    service_14_check_len                     0x08001f4f   Thumb Code    12  sid14_cleardiagnosticinformation.o(i.service_14_check_len)
    service_19_ReadDTCInformation            0x08001f5b   Thumb Code    78  sid19_readdtcinformation.o(i.service_19_ReadDTCInformation)
    service_19_check_len                     0x08001fa9   Thumb Code     6  sid19_readdtcinformation.o(i.service_19_check_len)
    service_22_ReadDataByIdentifier          0x08001faf   Thumb Code   566  sid22_readdatabyidentifier.o(i.service_22_ReadDataByIdentifier)
    service_22_check_len                     0x080021e5   Thumb Code    16  sid22_readdatabyidentifier.o(i.service_22_check_len)
    service_27_SecurityAccess                0x080021f5   Thumb Code   384  sid27_securityaccess.o(i.service_27_SecurityAccess)
    service_27_check_len                     0x08002389   Thumb Code    46  sid27_securityaccess.o(i.service_27_check_len)
    service_28_CommunicationControl          0x080023b9   Thumb Code   144  sid28_communicationcontrol.o(i.service_28_CommunicationControl)
    service_28_check_len                     0x08002451   Thumb Code    12  sid28_communicationcontrol.o(i.service_28_check_len)
    service_2E_WriteDataByIdentifier         0x0800245d   Thumb Code   234  sid2e_writedatabyidentifier.o(i.service_2E_WriteDataByIdentifier)
    service_2E_check_len                     0x0800254d   Thumb Code    12  sid2e_writedatabyidentifier.o(i.service_2E_check_len)
    service_31_RoutineControl                0x08002559   Thumb Code   288  sid31_routinecontrol.o(i.service_31_RoutineControl)
    service_31_check_len                     0x08002681   Thumb Code    42  sid31_routinecontrol.o(i.service_31_check_len)
    service_34_RequestDownload               0x080026ad   Thumb Code   132  sid34_requestdownload.o(i.service_34_RequestDownload)
    service_34_check_len                     0x08002745   Thumb Code    12  sid34_requestdownload.o(i.service_34_check_len)
    service_36_TransferData                  0x08002751   Thumb Code    96  sid36_transferdata.o(i.service_36_TransferData)
    service_36_check_len                     0x080027b9   Thumb Code     8  sid36_transferdata.o(i.service_36_check_len)
    service_37_RequestTransferExit           0x080027c1   Thumb Code    90  sid37_requesttransferexit.o(i.service_37_RequestTransferExit)
    service_37_check_len                     0x08002829   Thumb Code     8  sid37_requesttransferexit.o(i.service_37_check_len)
    service_3E_TesterPresent                 0x08002831   Thumb Code    52  sid3e_testerpresent.o(i.service_3E_TesterPresent)
    service_3E_check_len                     0x08002869   Thumb Code    12  sid3e_testerpresent.o(i.service_3E_check_len)
    service_85_ControlDTCSetting             0x08002875   Thumb Code    88  sid85_controldtcsetting.o(i.service_85_ControlDTCSetting)
    service_85_check_len                     0x080028d1   Thumb Code    12  sid85_controldtcsetting.o(i.service_85_check_len)
    service_init                             0x080028dd   Thumb Code    30  uds_service.o(i.service_init)
    service_task                             0x08002909   Thumb Code    42  uds_service.o(i.service_task)
    set_current_sa_lv                        0x08002939   Thumb Code     6  sid27_securityaccess.o(i.set_current_sa_lv)
    set_current_session                      0x08002945   Thumb Code     6  sid10_sessioncontrol.o(i.set_current_session)
    uds_1ms_task                             0x08002a2d   Thumb Code    12  uds_port.o(i.uds_1ms_task)
    uds_compute_key                          0x08002a39   Thumb Code    76  sid27_securityaccess.o(i.uds_compute_key)
    uds_init                                 0x08002bd1   Thumb Code     8  uds_port.o(i.uds_init)
    uds_negative_rsp                         0x08002bd9   Thumb Code    84  uds_service.o(i.uds_negative_rsp)
    uds_positive_rsp                         0x08002c35   Thumb Code    34  uds_service.o(i.uds_positive_rsp)
    uds_recv_frame                           0x08002c5d   Thumb Code    46  uds_port.o(i.uds_recv_frame)
    uds_send_frame                           0x08002c8d   Thumb Code    28  uds_port.o(i.uds_send_frame)
    uds_timer_chk                            0x08002cad   Thumb Code    26  uds_service.o(i.uds_timer_chk)
    uds_timer_start                          0x08002d11   Thumb Code    32  uds_service.o(i.uds_timer_start)
    uds_tp_recv_frame                        0x08002d4d   Thumb Code   242  uds_tp.o(i.uds_tp_recv_frame)
    uds_service_list                         0x08002e5c   Data         320  service_cfg.o(.constdata)
    Region$$Table$$Base                      0x08002fac   Number         0  anon$$obj.o(Region$$Table)
    Region$$Table$$Limit                     0x08002fcc   Number         0  anon$$obj.o(Region$$Table)
    Serial_RxData                            0x20000014   Data           1  usart.o(.data)
    Serial_RxFlag                            0x20000015   Data           1  usart.o(.data)
    Serial_TxPacket                          0x20000016   Data           4  usart.o(.data)
    Serial_RxPacket                          0x2000001a   Data           4  usart.o(.data)
    g_tatype                                 0x2000004c   Data           1  uds_tp.o(.data)
    uds_fsa_cnt                              0x20000053   Data           1  sid27_securityaccess.o(.data)
    dis_normal_xmit                          0x20000058   Data           1  sid28_communicationcontrol.o(.data)
    dis_normal_recv                          0x20000059   Data           1  sid28_communicationcontrol.o(.data)
    g_download_addr                          0x200000d0   Data           4  sid34_requestdownload.o(.data)
    g_download_size                          0x200000d4   Data           4  sid34_requestdownload.o(.data)
    g_download_offset                        0x200000d8   Data           4  sid34_requestdownload.o(.data)
    dtc_setting                              0x200000dc   Data           1  sid85_controldtcsetting.o(.data)
    RxMsg                                    0x200000e0   Data          20  main.o(.bss)
    Rx_Packet                                0x200000f4   Data         100  usart.o(.bss)
    Store_Data                               0x20000158   Data        1024  store.o(.bss)
    TxMsg                                    0x20000558   Data          20  uds_port.o(.bss)
    __initial_sp                             0x20001618   Data           0  startup_stm32f10x_md.o(STACK)



==============================================================================

Memory Map of the image

  Image Entry point : 0x080000ed

  Load Region LR_IROM1 (Base: 0x08000000, Size: 0x000030ac, Max: 0x00004000, ABSOLUTE)

    Execution Region ER_IROM1 (Exec base: 0x08000000, Load base: 0x08000000, Size: 0x00002fcc, Max: 0x00004000, ABSOLUTE)

    Exec Addr    Load Addr    Size         Type   Attr      Idx    E Section Name        Object

    0x08000000   0x08000000   0x000000ec   Data   RO            3    RESET               startup_stm32f10x_md.o
    0x080000ec   0x080000ec   0x00000000   Code   RO         4535  * .ARM.Collect$$$$00000000  mc_w.l(entry.o)
    0x080000ec   0x080000ec   0x00000004   Code   RO         4806    .ARM.Collect$$$$00000001  mc_w.l(entry2.o)
    0x080000f0   0x080000f0   0x00000004   Code   RO         4809    .ARM.Collect$$$$00000004  mc_w.l(entry5.o)
    0x080000f4   0x080000f4   0x00000000   Code   RO         4811    .ARM.Collect$$$$00000008  mc_w.l(entry7b.o)
    0x080000f4   0x080000f4   0x00000000   Code   RO         4813    .ARM.Collect$$$$0000000A  mc_w.l(entry8b.o)
    0x080000f4   0x080000f4   0x00000008   Code   RO         4814    .ARM.Collect$$$$0000000B  mc_w.l(entry9a.o)
    0x080000fc   0x080000fc   0x00000000   Code   RO         4816    .ARM.Collect$$$$0000000D  mc_w.l(entry10a.o)
    0x080000fc   0x080000fc   0x00000000   Code   RO         4818    .ARM.Collect$$$$0000000F  mc_w.l(entry11a.o)
    0x080000fc   0x080000fc   0x00000004   Code   RO         4807    .ARM.Collect$$$$00002712  mc_w.l(entry2.o)
    0x08000100   0x08000100   0x00000020   Code   RO           10    .emb_text           core_cm3.o
    0x08000120   0x08000120   0x00000024   Code   RO            4    .text               startup_stm32f10x_md.o
    0x08000144   0x08000144   0x00000024   Code   RO         4541    .text               mc_w.l(memcpya.o)
    0x08000168   0x08000168   0x00000024   Code   RO         4836    .text               mc_w.l(init.o)
    0x0800018c   0x0800018c   0x00000004   Code   RO         3295    i.BusFault_Handler  stm32f10x_it.o
    0x08000190   0x08000190   0x00000108   Code   RO          511    i.CAN_FilterInit    stm32f10x_can.o
    0x08000298   0x08000298   0x00000114   Code   RO          518    i.CAN_Init          stm32f10x_can.o
    0x080003ac   0x080003ac   0x0000001e   Code   RO          519    i.CAN_MessagePending  stm32f10x_can.o
    0x080003ca   0x080003ca   0x000000f0   Code   RO          521    i.CAN_Receive       stm32f10x_can.o
    0x080004ba   0x080004ba   0x00000126   Code   RO          526    i.CAN_Transmit      stm32f10x_can.o
    0x080005e0   0x080005e0   0x000000a0   Code   RO          527    i.CAN_TransmitStatus  stm32f10x_can.o
    0x08000680   0x08000680   0x00000002   Code   RO         3296    i.DebugMon_Handler  stm32f10x_it.o
    0x08000682   0x08000682   0x00000018   Code   RO         3196    i.Delay_ms          delay.o
    0x0800069a   0x0800069a   0x0000002e   Code   RO         3198    i.Delay_us          delay.o
    0x080006c8   0x080006c8   0x0000004c   Code   RO         1046    i.FLASH_ErasePage   stm32f10x_flash.o
    0x08000714   0x08000714   0x00000034   Code   RO         1047    i.FLASH_GetBank1Status  stm32f10x_flash.o
    0x08000748   0x08000748   0x00000014   Code   RO         1056    i.FLASH_Lock        stm32f10x_flash.o
    0x0800075c   0x0800075c   0x00000040   Code   RO         1059    i.FLASH_ProgramHalfWord  stm32f10x_flash.o
    0x0800079c   0x0800079c   0x0000006c   Code   RO         1061    i.FLASH_ProgramWord  stm32f10x_flash.o
    0x08000808   0x08000808   0x00000018   Code   RO         1064    i.FLASH_Unlock      stm32f10x_flash.o
    0x08000820   0x08000820   0x00000026   Code   RO         1068    i.FLASH_WaitForLastOperation  stm32f10x_flash.o
    0x08000846   0x08000846   0x00000002   PAD
    0x08000848   0x08000848   0x0000002c   Code   RO         3731    i.FlashDrv_ErasePage  flash.o
    0x08000874   0x08000874   0x0000000a   Code   RO         3732    i.FlashDrv_Lock     flash.o
    0x0800087e   0x0800087e   0x00000002   PAD
    0x08000880   0x08000880   0x00000058   Code   RO         3733    i.FlashDrv_ReadDID  flash.o
    0x080008d8   0x080008d8   0x0000000a   Code   RO         3734    i.FlashDrv_Unlock   flash.o
    0x080008e2   0x080008e2   0x00000002   PAD
    0x080008e4   0x080008e4   0x000000c0   Code   RO         3735    i.FlashDrv_WriteDID  flash.o
    0x080009a4   0x080009a4   0x00000116   Code   RO         1347    i.GPIO_Init         stm32f10x_gpio.o
    0x08000aba   0x08000aba   0x00000004   Code   RO         3297    i.HardFault_Handler  stm32f10x_it.o
    0x08000abe   0x08000abe   0x00000034   Code   RO         3468    i.InitCanTxMsg      mycan.o
    0x08000af2   0x08000af2   0x00000004   Code   RO         3298    i.MemManage_Handler  stm32f10x_it.o
    0x08000af6   0x08000af6   0x00000002   PAD
    0x08000af8   0x08000af8   0x000000cc   Code   RO         3469    i.MyCAN_Init        mycan.o
    0x08000bc4   0x08000bc4   0x00000014   Code   RO         3470    i.MyCAN_Receive     mycan.o
    0x08000bd8   0x08000bd8   0x0000001c   Code   RO         3471    i.MyCAN_ReceiveFlag  mycan.o
    0x08000bf4   0x08000bf4   0x00000034   Code   RO         3472    i.MyCAN_Transmit    mycan.o
    0x08000c28   0x08000c28   0x00000014   Code   RO         3771    i.MyFlash_ErasePage  myflash.o
    0x08000c3c   0x08000c3c   0x00000018   Code   RO         3772    i.MyFlash_ProgramHalfWord  myflash.o
    0x08000c54   0x08000c54   0x00000006   Code   RO         3775    i.MyFlash_ReadHalfWord  myflash.o
    0x08000c5a   0x08000c5a   0x00000002   Code   RO         3299    i.NMI_Handler       stm32f10x_it.o
    0x08000c5c   0x08000c5c   0x00000070   Code   RO          137    i.NVIC_Init         misc.o
    0x08000ccc   0x08000ccc   0x00000014   Code   RO          138    i.NVIC_PriorityGroupConfig  misc.o
    0x08000ce0   0x08000ce0   0x00000024   Code   RO         4231    i.NVIC_SystemReset  sid11_ecureset.o
    0x08000d04   0x08000d04   0x00000002   Code   RO         3300    i.PendSV_Handler    stm32f10x_it.o
    0x08000d06   0x08000d06   0x00000002   PAD
    0x08000d08   0x08000d08   0x00000020   Code   RO         1775    i.RCC_APB1PeriphClockCmd  stm32f10x_rcc.o
    0x08000d28   0x08000d28   0x00000020   Code   RO         1776    i.RCC_APB1PeriphResetCmd  stm32f10x_rcc.o
    0x08000d48   0x08000d48   0x00000020   Code   RO         1777    i.RCC_APB2PeriphClockCmd  stm32f10x_rcc.o
    0x08000d68   0x08000d68   0x00000020   Code   RO         1778    i.RCC_APB2PeriphResetCmd  stm32f10x_rcc.o
    0x08000d88   0x08000d88   0x0000004c   Code   RO         1784    i.RCC_DeInit        stm32f10x_rcc.o
    0x08000dd4   0x08000dd4   0x000000d4   Code   RO         1785    i.RCC_GetClocksFreq  stm32f10x_rcc.o
    0x08000ea8   0x08000ea8   0x00000002   Code   RO         3301    i.SVC_Handler       stm32f10x_it.o
    0x08000eaa   0x08000eaa   0x00000008   Code   RO           24    i.SetSysClock       system_stm32f10x.o
    0x08000eb2   0x08000eb2   0x00000002   PAD
    0x08000eb4   0x08000eb4   0x000000e0   Code   RO           25    i.SetSysClockTo72   system_stm32f10x.o
    0x08000f94   0x08000f94   0x00000048   Code   RO         3822    i.Store_Init        store.o
    0x08000fdc   0x08000fdc   0x00000030   Code   RO         3823    i.Store_Save        store.o
    0x0800100c   0x0800100c   0x00000018   Code   RO         3694    i.SysTick_Handler   systick.o
    0x08001024   0x08001024   0x00000060   Code   RO           27    i.SystemInit        system_stm32f10x.o
    0x08001084   0x08001084   0x0000001c   Code   RO         3223    i.TIM2_IRQHandler   main.o
    0x080010a0   0x080010a0   0x00000006   Code   RO         2415    i.TIM_ClearFlag     stm32f10x_tim.o
    0x080010a6   0x080010a6   0x00000006   Code   RO         2416    i.TIM_ClearITPendingBit  stm32f10x_tim.o
    0x080010ac   0x080010ac   0x00000018   Code   RO         2421    i.TIM_Cmd           stm32f10x_tim.o
    0x080010c4   0x080010c4   0x00000022   Code   RO         2442    i.TIM_GetITStatus   stm32f10x_tim.o
    0x080010e6   0x080010e6   0x00000012   Code   RO         2446    i.TIM_ITConfig      stm32f10x_tim.o
    0x080010f8   0x080010f8   0x0000000c   Code   RO         2448    i.TIM_InternalClockConfig  stm32f10x_tim.o
    0x08001104   0x08001104   0x000000a4   Code   RO         2492    i.TIM_TimeBaseInit  stm32f10x_tim.o
    0x080011a8   0x080011a8   0x0000007e   Code   RO         3716    i.Timer_Init        timer.o
    0x08001226   0x08001226   0x00000002   PAD
    0x08001228   0x08001228   0x000000b4   Code   RO         3356    i.USART1_IRQHandler  usart.o
    0x080012dc   0x080012dc   0x0000001e   Code   RO         2957    i.USART_ClearITPendingBit  stm32f10x_usart.o
    0x080012fa   0x080012fa   0x00000018   Code   RO         2960    i.USART_Cmd         stm32f10x_usart.o
    0x08001312   0x08001312   0x00000002   PAD
    0x08001314   0x08001314   0x0000009c   Code   RO         2962    i.USART_DeInit      stm32f10x_usart.o
    0x080013b0   0x080013b0   0x00000054   Code   RO         2964    i.USART_GetITStatus  stm32f10x_usart.o
    0x08001404   0x08001404   0x0000004a   Code   RO         2966    i.USART_ITConfig    stm32f10x_usart.o
    0x0800144e   0x0800144e   0x00000002   PAD
    0x08001450   0x08001450   0x000000d8   Code   RO         2967    i.USART_Init        stm32f10x_usart.o
    0x08001528   0x08001528   0x0000000a   Code   RO         2974    i.USART_ReceiveData  stm32f10x_usart.o
    0x08001532   0x08001532   0x00000002   PAD
    0x08001534   0x08001534   0x000000c4   Code   RO         3357    i.USARTx_Conf       usart.o
    0x080015f8   0x080015f8   0x00000004   Code   RO         3302    i.UsageFault_Handler  stm32f10x_it.o
    0x080015fc   0x080015fc   0x0000000e   Code   RO         4848    i.__scatterload_copy  mc_w.l(handlers.o)
    0x0800160a   0x0800160a   0x00000002   Code   RO         4849    i.__scatterload_null  mc_w.l(handlers.o)
    0x0800160c   0x0800160c   0x0000000e   Code   RO         4850    i.__scatterload_zeroinit  mc_w.l(handlers.o)
    0x0800161a   0x0800161a   0x00000002   PAD
    0x0800161c   0x0800161c   0x00000018   Code   RO         3224    i.check_app_valid   main.o
    0x08001634   0x08001634   0x0000001c   Code   RO         3225    i.check_bl_mode     main.o
    0x08001650   0x08001650   0x00000050   Code   RO         3981    i.clear_network     uds_tp.o
    0x080016a0   0x080016a0   0x0000000c   Code   RO         4312    i.get_current_sa_lv  sid27_securityaccess.o
    0x080016ac   0x080016ac   0x0000000c   Code   RO         4199    i.get_current_session  sid10_sessioncontrol.o
    0x080016b8   0x080016b8   0x00000040   Code   RO         3226    i.jump_to_app       main.o
    0x080016f8   0x080016f8   0x00000078   Code   RO         3227    i.main              main.o
    0x08001770   0x08001770   0x0000002c   Code   RO         3982    i.network_reg       uds_tp.o
    0x0800179c   0x0800179c   0x00000038   Code   RO         3983    i.network_send_udsmsg  uds_tp.o
    0x080017d4   0x080017d4   0x000000f0   Code   RO         3984    i.network_task      uds_tp.o
    0x080018c4   0x080018c4   0x00000030   Code   RO         3985    i.nt_timer_chk      uds_tp.o
    0x080018f4   0x080018f4   0x00000044   Code   RO         3986    i.nt_timer_run      uds_tp.o
    0x08001938   0x08001938   0x00000038   Code   RO         3987    i.nt_timer_start    uds_tp.o
    0x08001970   0x08001970   0x00000014   Code   RO         3988    i.nt_timer_start_wv  uds_tp.o
    0x08001984   0x08001984   0x00000018   Code   RO         3989    i.nt_timer_stop     uds_tp.o
    0x0800199c   0x0800199c   0x000000cc   Code   RO         3990    i.recv_consecutiveframe  uds_tp.o
    0x08001a68   0x08001a68   0x0000009c   Code   RO         3991    i.recv_firstframe   uds_tp.o
    0x08001b04   0x08001b04   0x000000bc   Code   RO         3992    i.recv_flowcontrolframe  uds_tp.o
    0x08001bc0   0x08001bc0   0x00000048   Code   RO         3993    i.recv_singleframe  uds_tp.o
    0x08001c08   0x08001c08   0x0000001c   Code   RO         4387    i.rsp_or_skip       sid31_routinecontrol.o
    0x08001c24   0x08001c24   0x0000005c   Code   RO         3994    i.send_consecutiveframe  uds_tp.o
    0x08001c80   0x08001c80   0x0000005c   Code   RO         3995    i.send_firstframe   uds_tp.o
    0x08001cdc   0x08001cdc   0x00000040   Code   RO         3996    i.send_flowcontrol  uds_tp.o
    0x08001d1c   0x08001d1c   0x00000058   Code   RO         3997    i.send_multipleframe  uds_tp.o
    0x08001d74   0x08001d74   0x00000054   Code   RO         3998    i.send_singleframe  uds_tp.o
    0x08001dc8   0x08001dc8   0x000000b8   Code   RO         4200    i.service_10_SessionControl  sid10_sessioncontrol.o
    0x08001e80   0x08001e80   0x0000000c   Code   RO         4201    i.service_10_check_len  sid10_sessioncontrol.o
    0x08001e8c   0x08001e8c   0x0000007a   Code   RO         4232    i.service_11_EcuReset  sid11_ecureset.o
    0x08001f06   0x08001f06   0x0000000c   Code   RO         4233    i.service_11_check_len  sid11_ecureset.o
    0x08001f12   0x08001f12   0x0000003c   Code   RO         4258    i.service_14_ClearDiagnosticInformation  sid14_cleardiagnosticinformation.o
    0x08001f4e   0x08001f4e   0x0000000c   Code   RO         4259    i.service_14_check_len  sid14_cleardiagnosticinformation.o
    0x08001f5a   0x08001f5a   0x0000004e   Code   RO         4276    i.service_19_ReadDTCInformation  sid19_readdtcinformation.o
    0x08001fa8   0x08001fa8   0x00000006   Code   RO         4277    i.service_19_check_len  sid19_readdtcinformation.o
    0x08001fae   0x08001fae   0x00000236   Code   RO         4294    i.service_22_ReadDataByIdentifier  sid22_readdatabyidentifier.o
    0x080021e4   0x080021e4   0x00000010   Code   RO         4295    i.service_22_check_len  sid22_readdatabyidentifier.o
    0x080021f4   0x080021f4   0x00000194   Code   RO         4315    i.service_27_SecurityAccess  sid27_securityaccess.o
    0x08002388   0x08002388   0x0000002e   Code   RO         4316    i.service_27_check_len  sid27_securityaccess.o
    0x080023b6   0x080023b6   0x00000002   PAD
    0x080023b8   0x080023b8   0x00000098   Code   RO         4366    i.service_28_CommunicationControl  sid28_communicationcontrol.o
    0x08002450   0x08002450   0x0000000c   Code   RO         4367    i.service_28_check_len  sid28_communicationcontrol.o
    0x0800245c   0x0800245c   0x000000f0   Code   RO         4156    i.service_2E_WriteDataByIdentifier  sid2e_writedatabyidentifier.o
    0x0800254c   0x0800254c   0x0000000c   Code   RO         4157    i.service_2E_check_len  sid2e_writedatabyidentifier.o
    0x08002558   0x08002558   0x00000128   Code   RO         4388    i.service_31_RoutineControl  sid31_routinecontrol.o
    0x08002680   0x08002680   0x0000002a   Code   RO         4389    i.service_31_check_len  sid31_routinecontrol.o
    0x080026aa   0x080026aa   0x00000002   PAD
    0x080026ac   0x080026ac   0x00000098   Code   RO         4452    i.service_34_RequestDownload  sid34_requestdownload.o
    0x08002744   0x08002744   0x0000000c   Code   RO         4453    i.service_34_check_len  sid34_requestdownload.o
    0x08002750   0x08002750   0x00000068   Code   RO         4476    i.service_36_TransferData  sid36_transferdata.o
    0x080027b8   0x080027b8   0x00000008   Code   RO         4477    i.service_36_check_len  sid36_transferdata.o
    0x080027c0   0x080027c0   0x00000068   Code   RO         4495    i.service_37_RequestTransferExit  sid37_requesttransferexit.o
    0x08002828   0x08002828   0x00000008   Code   RO         4496    i.service_37_check_len  sid37_requesttransferexit.o
    0x08002830   0x08002830   0x00000038   Code   RO         4177    i.service_3E_TesterPresent  sid3e_testerpresent.o
    0x08002868   0x08002868   0x0000000c   Code   RO         4178    i.service_3E_check_len  sid3e_testerpresent.o
    0x08002874   0x08002874   0x0000005c   Code   RO         4514    i.service_85_ControlDTCSetting  sid85_controldtcsetting.o
    0x080028d0   0x080028d0   0x0000000c   Code   RO         4515    i.service_85_check_len  sid85_controldtcsetting.o
    0x080028dc   0x080028dc   0x0000002c   Code   RO         3897    i.service_init      uds_service.o
    0x08002908   0x08002908   0x00000030   Code   RO         3898    i.service_task      uds_service.o
    0x08002938   0x08002938   0x0000000c   Code   RO         4317    i.set_current_sa_lv  sid27_securityaccess.o
    0x08002944   0x08002944   0x0000000c   Code   RO         4202    i.set_current_session  sid10_sessioncontrol.o
    0x08002950   0x08002950   0x00000002   Code   RO         4390    i.start_0202        sid31_routinecontrol.o
    0x08002952   0x08002952   0x00000002   PAD
    0x08002954   0x08002954   0x00000020   Code   RO         4391    i.start_0203        sid31_routinecontrol.o
    0x08002974   0x08002974   0x00000002   Code   RO         4392    i.start_0204        sid31_routinecontrol.o
    0x08002976   0x08002976   0x00000002   PAD
    0x08002978   0x08002978   0x00000020   Code   RO         4393    i.start_DD02        sid31_routinecontrol.o
    0x08002998   0x08002998   0x00000002   Code   RO         4394    i.start_DFE0        sid31_routinecontrol.o
    0x0800299a   0x0800299a   0x00000002   PAD
    0x0800299c   0x0800299c   0x0000008c   Code   RO         4395    i.start_FF00        sid31_routinecontrol.o
    0x08002a28   0x08002a28   0x00000002   Code   RO         4396    i.start_FF01        sid31_routinecontrol.o
    0x08002a2a   0x08002a2a   0x00000002   Code   RO         4397    i.stop_NONE         sid31_routinecontrol.o
    0x08002a2c   0x08002a2c   0x0000000c   Code   RO         3851    i.uds_1ms_task      uds_port.o
    0x08002a38   0x08002a38   0x0000004c   Code   RO         4318    i.uds_compute_key   sid27_securityaccess.o
    0x08002a84   0x08002a84   0x0000000c   Code   RO         3899    i.uds_data_confirm  uds_service.o
    0x08002a90   0x08002a90   0x00000134   Code   RO         3900    i.uds_data_indication  uds_service.o
    0x08002bc4   0x08002bc4   0x0000000c   Code   RO         3901    i.uds_dataff_indication  uds_service.o
    0x08002bd0   0x08002bd0   0x00000008   Code   RO         3852    i.uds_init          uds_port.o
    0x08002bd8   0x08002bd8   0x00000058   Code   RO         3902    i.uds_negative_rsp  uds_service.o
    0x08002c30   0x08002c30   0x00000002   Code   RO         3903    i.uds_no_response   uds_service.o
    0x08002c32   0x08002c32   0x00000002   PAD
    0x08002c34   0x08002c34   0x00000028   Code   RO         3904    i.uds_positive_rsp  uds_service.o
    0x08002c5c   0x08002c5c   0x0000002e   Code   RO         3853    i.uds_recv_frame    uds_port.o
    0x08002c8a   0x08002c8a   0x00000002   PAD
    0x08002c8c   0x08002c8c   0x00000020   Code   RO         3854    i.uds_send_frame    uds_port.o
    0x08002cac   0x08002cac   0x00000020   Code   RO         3905    i.uds_timer_chk     uds_service.o
    0x08002ccc   0x08002ccc   0x00000044   Code   RO         3906    i.uds_timer_run     uds_service.o
    0x08002d10   0x08002d10   0x00000024   Code   RO         3907    i.uds_timer_start   uds_service.o
    0x08002d34   0x08002d34   0x00000018   Code   RO         3908    i.uds_timer_stop    uds_service.o
    0x08002d4c   0x08002d4c   0x00000110   Code   RO         3999    i.uds_tp_recv_frame  uds_tp.o
    0x08002e5c   0x08002e5c   0x00000140   Data   RO         4096    .constdata          service_cfg.o
    0x08002f9c   0x08002f9c   0x00000010   Data   RO         4320    .constdata          sid27_securityaccess.o
    0x08002fac   0x08002fac   0x00000020   Data   RO         4846    Region$$Table       anon$$obj.o


    Execution Region RW_IRAM1 (Exec base: 0x20000000, Load base: 0x08002fcc, Size: 0x00001618, Max: 0x00005000, ABSOLUTE)

    Exec Addr    Load Addr    Size         Type   Attr      Idx    E Section Name        Object

    0x20000000   0x08002fcc   0x00000014   Data   RW         1805    .data               stm32f10x_rcc.o
    0x20000014   0x08002fe0   0x0000000c   Data   RW         3365    .data               usart.o
    0x20000020   0x08002fec   0x00000008   Data   RW         3695    .data               systick.o
    0x20000028   0x08002ff4   0x00000009   Data   RW         3909    .data               uds_service.o
    0x20000031   0x08002ffd   0x00000001   PAD
    0x20000032   0x08002ffe   0x0000001b   Data   RW         4001    .data               uds_tp.o
    0x2000004d   0x08003019   0x00000001   Data   RW         4203    .data               sid10_sessioncontrol.o
    0x2000004e   0x0800301a   0x00000002   PAD
    0x20000050   0x0800301c   0x00000008   Data   RW         4321    .data               sid27_securityaccess.o
    0x20000058   0x08003024   0x00000002   Data   RW         4368    .data               sid28_communicationcontrol.o
    0x2000005a   0x08003026   0x00000002   PAD
    0x2000005c   0x08003028   0x00000074   Data   RW         4398    .data               sid31_routinecontrol.o
    0x200000d0   0x0800309c   0x0000000c   Data   RW         4454    .data               sid34_requestdownload.o
    0x200000dc   0x080030a8   0x00000001   Data   RW         4516    .data               sid85_controldtcsetting.o
    0x200000dd   0x080030a9   0x00000003   PAD
    0x200000e0        -       0x00000014   Zero   RW         3228    .bss                main.o
    0x200000f4        -       0x00000064   Zero   RW         3364    .bss                usart.o
    0x20000158        -       0x00000400   Zero   RW         3824    .bss                store.o
    0x20000558        -       0x00000014   Zero   RW         3855    .bss                uds_port.o
    0x2000056c        -       0x00000898   Zero   RW         4000    .bss                uds_tp.o
    0x20000e04        -       0x00000010   Zero   RW         4319    .bss                sid27_securityaccess.o
    0x20000e14   0x080030a9   0x00000004   PAD
    0x20000e18        -       0x00000800   Zero   RW            1    STACK               startup_stm32f10x_md.o


==============================================================================

Image component sizes


      Code (inc. data)   RO Data    RW Data    ZI Data      Debug   Object Name

        32          0          0          0          0       5028   core_cm3.o
        70          0          0          0          0        970   delay.o
       344         22          0          0          0       4374   flash.o
       264         42          0          0         20       3141   main.o
       132         22          0          0          0     213079   misc.o
       356         28          0          0          0       3253   mycan.o
        50          0          0          0          0       1625   myflash.o
         0          0        320          0          0       4063   service_cfg.o
       220         18          0          1          0       3127   sid10_sessioncontrol.o
       170         10          0          0          0      17292   sid11_ecureset.o
        72          0          0          0          0       1831   sid14_cleardiagnosticinformation.o
        84          0          0          0          0       2019   sid19_readdtcinformation.o
       582          0          0          0          0       2181   sid22_readdatabyidentifier.o
       550         32         16          8         16       5075   sid27_securityaccess.o
       164          8          0          2          0       2311   sid28_communicationcontrol.o
       252          6          0          0          0       2170   sid2e_writedatabyidentifier.o
       580         38          0        116          0       7399   sid31_routinecontrol.o
       164         20          0         12          0       2108   sid34_requestdownload.o
       112          8          0          0          0       1905   sid36_transferdata.o
       112         14          0          0          0       1916   sid37_requesttransferexit.o
        68          4          0          0          0       1718   sid3e_testerpresent.o
       104          4          0          1          0       1984   sid85_controldtcsetting.o
        36          8        236          0       2048        824   startup_stm32f10x_md.o
         0          0          0          0          0       1676   stm32f10x_adc.o
      1264         28          0          0          0      13231   stm32f10x_can.o
       382         36          0          0          0      11694   stm32f10x_flash.o
       278          0          0          0          0      10252   stm32f10x_gpio.o
        24          0          0          0          0       3460   stm32f10x_it.o
       416         56          0         20          0      14637   stm32f10x_rcc.o
       264         42          0          0          0      24776   stm32f10x_tim.o
       594         28          0          0          0      12111   stm32f10x_usart.o
       120         16          0          0       1024       1571   store.o
       328         28          0          0          0      51685   system_stm32f10x.o
        24          4          0          8          0        642   systick.o
       126          0          0          0          0        581   timer.o
        98          4          0          0         20       5723   uds_port.o
       714         66          0          9          0       7321   uds_service.o
      1948        246          0         27       2200      14918   uds_tp.o
       376         34          0         12        100       2030   usart.o

    ----------------------------------------------------------------------
     11508        872        604        224       5432     465701   Object Totals
         0          0         32          0          0          0   (incl. Generated)
        34          0          0          8          4          0   (incl. Padding)

    ----------------------------------------------------------------------

      Code (inc. data)   RO Data    RW Data    ZI Data      Debug   Library Member Name

         0          0          0          0          0          0   entry.o
         0          0          0          0          0          0   entry10a.o
         0          0          0          0          0          0   entry11a.o
         8          4          0          0          0          0   entry2.o
         4          0          0          0          0          0   entry5.o
         0          0          0          0          0          0   entry7b.o
         0          0          0          0          0          0   entry8b.o
         8          4          0          0          0          0   entry9a.o
        30          0          0          0          0          0   handlers.o
        36          8          0          0          0         68   init.o
        36          0          0          0          0         68   memcpya.o

    ----------------------------------------------------------------------
       124         16          0          0          0        136   Library Totals
         2          0          0          0          0          0   (incl. Padding)

    ----------------------------------------------------------------------

      Code (inc. data)   RO Data    RW Data    ZI Data      Debug   Library Name

       122         16          0          0          0        136   mc_w.l

    ----------------------------------------------------------------------
       124         16          0          0          0        136   Library Totals

    ----------------------------------------------------------------------

==============================================================================


      Code (inc. data)   RO Data    RW Data    ZI Data      Debug   

     11632        888        604        224       5432     458345   Grand Totals
     11632        888        604        224       5432     458345   ELF Image Totals
     11632        888        604        224          0          0   ROM Totals

==============================================================================

    Total RO  Size (Code + RO Data)                12236 (  11.95kB)
    Total RW  Size (RW Data + ZI Data)              5656 (   5.52kB)
    Total ROM Size (Code + RO Data + RW Data)      12460 (  12.17kB)

==============================================================================

